[2026-03-14T11:15:22.896Z] Handler entry 80d63586-e7cd-4115-9845-797ab545e565
[2026-03-14T11:15:27.979Z] Handler entry 8a60ca56-c6a5-43da-a547-4d70fffe14f8
[2026-03-14T11:16:25.152Z] Handler entry 1477ba05-70da-44d0-a4bf-26d797cdd948
[2026-03-14T11:16:45.980Z] Handler entry 62f861be-de60-4d15-990f-3b929aaeaec8
[2026-03-14T11:22:14.330Z] Handler entry 5de08a69-d72a-4df0-8c55-e98b900e2d42
[2026-03-14T11:22:20.072Z] Handler entry dc34ec31-e7e6-4340-a7a9-3801054e2c2d
[2026-03-14T11:32:18.719Z] Handler entry 23ba5eb6-db4c-4ea1-8fb9-e4681b7a9feb
[2026-03-14T11:36:46.102Z] Handler entry e9d6bffc-3083-4d63-a0d4-612f3e6612a5
[2026-03-14T11:37:44.285Z] Handler entry 9686c010-8389-4403-b8ea-60a5644b9232
[2026-03-14T11:50:39.648Z] Handler entry 5fb2eb08-fb81-4ace-a6bc-ff39af1b7810
[2026-03-14T11:50:50.072Z] Handler entry 03c5647f-72f7-4570-8c6b-fa601c213a5a
[2026-03-14T11:56:17.547Z] Handler entry a7bb589b-dbab-4918-8b62-28d33904fc05
[2026-03-14T12:03:36.127Z] Handler entry a7d94e29-2b37-4ade-9141-b9c3bf1811bd
[2026-03-14T14:49:03.968Z] Handler entry 19bb0db1-1986-4bf7-a35b-983493e14a96
[2026-03-14T18:10:00.471Z] Handler entry 1dc0a063-24e5-420b-ac6a-4fc4de023790
[2026-03-14T18:25:17.940Z] Handler entry 0c478c9d-de3b-4cf1-8c84-3984c296d375
[2026-03-14T19:17:00.607Z] Handler entry 726a8f47-4e10-49c6-a2ab-46c14c925a49
[2026-03-14T19:25:45.715Z] Handler entry 77b1dd10-46d4-47b4-9b8a-d26f5ab46b37
[2026-03-14T19:33:46.374Z] Handler entry ab4a50bf-b10d-4768-b599-9c7f846f9ea9
[2026-03-14T19:39:47.310Z] Handler entry f9b8ee36-1604-4522-aebb-0898bc1c49d0
[2026-03-14T23:06:51.894Z] Handler entry ed56c12e-9ca5-4366-afd0-15ce3ef32fd2
[2026-03-14T23:07:10.954Z] Handler entry eb5a133f-bee0-42ff-8f44-446a040d217a
[2026-03-14T23:11:47.800Z] Handler entry e30b045e-3547-46d2-a5eb-44cc7afea440
[2026-03-14T23:18:05.582Z] Handler entry 78d9b012-6dff-4c55-938e-d9f1927c1f08
[2026-03-14T23:21:06.547Z] Handler entry 69ad0fea-032e-46a2-9bcd-38845a58eb3e
[2026-03-14T23:25:20.501Z] Handler entry 87e98b39-c0f2-4632-8306-f40d25a415d8
[2026-03-14T23:26:29.964Z] Handler entry 8c8bba4d-ca93-4675-a77f-631356ccb3ac
[2026-03-14T23:27:59.967Z] Handler entry 6fa699d9-9aa4-450f-96bd-7cac886644fa
[2026-03-14T23:33:35.864Z] Handler entry ae36cdb4-c5ac-4c9b-9a0d-1adca205b321
[2026-03-14T23:36:55.499Z] Handler entry a182d505-7d97-4f4e-a44d-eba3b453ea3d
[2026-03-14T23:37:07.491Z] Handler entry cd44c9ad-b6e4-469b-9e0e-bc3827f77fc1
[2026-03-14T23:37:19.381Z] Handler entry d07cce3f-74d5-4d9c-a1c7-b05041f41b8b
[2026-03-14T23:42:57.569Z] Handler entry 0dc295cb-9a82-44d7-91a7-bdeae20a77e4
[2026-03-14T23:44:58.090Z] Handler entry 26ddb5de-31eb-4686-86e9-5dc7325657f7
[2026-03-14T23:45:11.380Z] Handler entry 702f9a17-2a59-4c0b-b1b7-dce238d9d3d8
[2026-03-14T23:45:21.342Z] Handler entry 9135b3b1-0811-4707-b86a-a4eb994fb766
[2026-03-14T23:45:31.002Z] Handler entry 525e7122-dbbb-4a7f-bd01-bef3e4f7944c
[2026-03-15T09:40:27.900Z] Handler entry 2813f641-e7af-4e12-8da9-0e3cd0db1a69
[2026-03-15T22:25:55.059Z] Handler entry d9ca3520-f80b-4a4f-bc68-7ff63b36a061
[2026-03-15T22:26:00.829Z] Handler entry acedf5af-98aa-4add-ba3c-91df081b9f56
[2026-03-15T22:30:12.999Z] Handler entry 10fcc24c-f2a1-480c-ba96-c334090a4b78
[2026-03-15T22:30:34.993Z] Handler entry 7b707527-b213-4e5f-9563-ec78406a228c
[2026-03-15T22:32:20.912Z] Handler entry 2553aa45-19fb-437d-a5b3-3c9871585a17
[2026-03-15T22:32:27.376Z] Handler entry a5f42b29-c485-44a7-8bdf-6f2230ba8219
[2026-03-15T22:32:34.808Z] Handler entry d4301899-e05c-437f-b303-ec151721c4fa
[2026-03-15T22:32:37.379Z] Handler entry 548c8a0f-f1c9-4c66-8ad7-f06956de4fda
[2026-03-15T22:32:39.651Z] Handler entry e9275943-2748-4d06-bfaa-a3ffb9f76d9a
[2026-03-15T22:42:18.225Z] Handler entry 385606d0-76e9-426a-a236-47424e5b4514
[2026-03-15T22:42:21.014Z] Handler entry 6759c605-a866-45e2-9ba7-13d2b25ca1d4
[2026-03-15T22:54:32.860Z] Handler entry 9a5c9a63-0aca-46b2-ad67-82d69348bf32
[2026-03-15T22:54:48.499Z] Handler entry e413c34b-d582-4312-8845-de6849814364
[2026-03-15T22:54:49.803Z] Handler entry 34b3451a-038d-4e67-8ece-4953e2ef1390
