check-i18n-status.ts(36,46): error TS18048: 'sample' is possibly 'undefined'.
check-i18n-status.ts(36,63): error TS18048: 'sample' is possibly 'undefined'.
check-json-keys.ts(3,22): error TS7006: Parameter 'obj' implicitly has an 'any' type.
check-json-keys.ts(10,13): error TS7053: Element implicitly has an 'any' type because expression of type 'string' can't be used to index type '{}'.
  No index signature with a parameter of type 'string' was found on type '{}'.
check-json-keys.ts(25,27): error TS7053: Element implicitly has an 'any' type because expression of type '"common.spaces"' can't be used to index type '{}'.
  Property 'common.spaces' does not exist on type '{}'.
check-json-keys.ts(40,27): error TS7053: Element implicitly has an 'any' type because expression of type '"common.spaces"' can't be used to index type '{}'.
  Property 'common.spaces' does not exist on type '{}'.
find-json-collision.ts(4,25): error TS7006: Parameter 'obj' implicitly has an 'any' type.
find-json-collision.ts(5,11): error TS7034: Variable 'collisions' implicitly has type 'any[]' in some locations where its type cannot be determined.
find-json-collision.ts(20,12): error TS7005: Variable 'collisions' implicitly has an 'any[]' type.
force-sync-master.ts(23,53): error TS2341: Property 'loadFromLocalFile' is private and only accessible within class 'TranslationService'.
new/src/app/(authenticated)/(admin)/admin/checklist-configs/[id]/page.tsx(13,16): error TS18047: 'params' is possibly 'null'.
new/src/app/(authenticated)/(admin)/admin/organizations/page.tsx(201,37): error TS2322: Type 'TenantConfig | null' is not assignable to type '{ tenantId: string; name: string; industry: "GENERIC" | "LEGAL" | "ELEVATORS" | "BANKING" | "INSURANCE" | "IT" | "MEDICAL"; storage: { provider: "cloudinary" | "s3" | "google_drive"; settings: { ...; }; quota_bytes: number; }; ... 6 more ...; billing?: { ...; } | undefined; } | null'.
  Type 'TenantConfig' is missing the following properties from type '{ tenantId: string; name: string; industry: "GENERIC" | "LEGAL" | "ELEVATORS" | "BANKING" | "INSURANCE" | "IT" | "MEDICAL"; storage: { provider: "cloudinary" | "s3" | "google_drive"; settings: { ...; }; quota_bytes: number; }; ... 6 more ...; billing?: { ...; } | undefined; }': active, createdAt
new/src/app/(authenticated)/(admin)/admin/organizations/page.tsx(201,53): error TS2322: Type 'Dispatch<SetStateAction<TenantConfig | null>>' is not assignable to type 'Dispatch<SetStateAction<{ tenantId: string; name: string; industry: "GENERIC" | "LEGAL" | "ELEVATORS" | "BANKING" | "INSURANCE" | "IT" | "MEDICAL"; storage: { provider: "cloudinary" | "s3" | "google_drive"; settings: { ...; }; quota_bytes: number; }; ... 6 more ...; billing?: { ...; } | undefined; } | null>>'.
  Type 'SetStateAction<{ tenantId: string; name: string; industry: "GENERIC" | "LEGAL" | "ELEVATORS" | "BANKING" | "INSURANCE" | "IT" | "MEDICAL"; storage: { provider: "cloudinary" | "s3" | "google_drive"; settings: { ...; }; quota_bytes: number; }; ... 6 more ...; billing?: { ...; } | undefined; } | null>' is not assignable to type 'SetStateAction<TenantConfig | null>'.
    Type '{ tenantId: string; name: string; industry: "GENERIC" | "LEGAL" | "ELEVATORS" | "BANKING" | "INSURANCE" | "IT" | "MEDICAL"; storage: { provider: "cloudinary" | "s3" | "google_drive"; settings: { ...; }; quota_bytes: number; }; ... 6 more ...; billing?: { ...; } | undefined; }' is not assignable to type 'SetStateAction<TenantConfig | null>'.
      Type '{ tenantId: string; name: string; industry: "GENERIC" | "LEGAL" | "ELEVATORS" | "BANKING" | "INSURANCE" | "IT" | "MEDICAL"; storage: { provider: "cloudinary" | "s3" | "google_drive"; settings: { ...; }; quota_bytes: number; }; ... 6 more ...; billing?: { ...; } | undefined; }' is not assignable to type 'TenantConfig'.
        The types of 'storage.provider' are incompatible between these types.
          Type '"cloudinary" | "s3" | "google_drive"' is not assignable to type '"cloudinary" | "gdrive" | "s3"'.
            Type '"google_drive"' is not assignable to type '"cloudinary" | "gdrive" | "s3"'.
new/src/app/(authenticated)/(admin)/admin/organizations/page.tsx(205,38): error TS2322: Type 'TenantConfig | null' is not assignable to type '{ tenantId: string; name: string; industry: "GENERIC" | "LEGAL" | "ELEVATORS" | "BANKING" | "INSURANCE" | "IT" | "MEDICAL"; storage: { provider: "cloudinary" | "s3" | "google_drive"; settings: { ...; }; quota_bytes: number; }; ... 6 more ...; billing?: { ...; } | undefined; } | null'.
  Type 'TenantConfig' is missing the following properties from type '{ tenantId: string; name: string; industry: "GENERIC" | "LEGAL" | "ELEVATORS" | "BANKING" | "INSURANCE" | "IT" | "MEDICAL"; storage: { provider: "cloudinary" | "s3" | "google_drive"; settings: { ...; }; quota_bytes: number; }; ... 6 more ...; billing?: { ...; } | undefined; }': active, createdAt
new/src/app/(authenticated)/(admin)/admin/organizations/page.tsx(205,54): error TS2322: Type 'Dispatch<SetStateAction<TenantConfig | null>>' is not assignable to type 'Dispatch<SetStateAction<{ tenantId: string; name: string; industry: "GENERIC" | "LEGAL" | "ELEVATORS" | "BANKING" | "INSURANCE" | "IT" | "MEDICAL"; storage: { provider: "cloudinary" | "s3" | "google_drive"; settings: { ...; }; quota_bytes: number; }; ... 6 more ...; billing?: { ...; } | undefined; } | null>>'.
  Type 'SetStateAction<{ tenantId: string; name: string; industry: "GENERIC" | "LEGAL" | "ELEVATORS" | "BANKING" | "INSURANCE" | "IT" | "MEDICAL"; storage: { provider: "cloudinary" | "s3" | "google_drive"; settings: { ...; }; quota_bytes: number; }; ... 6 more ...; billing?: { ...; } | undefined; } | null>' is not assignable to type 'SetStateAction<TenantConfig | null>'.
    Type '{ tenantId: string; name: string; industry: "GENERIC" | "LEGAL" | "ELEVATORS" | "BANKING" | "INSURANCE" | "IT" | "MEDICAL"; storage: { provider: "cloudinary" | "s3" | "google_drive"; settings: { ...; }; quota_bytes: number; }; ... 6 more ...; billing?: { ...; } | undefined; }' is not assignable to type 'SetStateAction<TenantConfig | null>'.
      Type '{ tenantId: string; name: string; industry: "GENERIC" | "LEGAL" | "ELEVATORS" | "BANKING" | "INSURANCE" | "IT" | "MEDICAL"; storage: { provider: "cloudinary" | "s3" | "google_drive"; settings: { ...; }; quota_bytes: number; }; ... 6 more ...; billing?: { ...; } | undefined; }' is not assignable to type 'TenantConfig'.
        The types of 'storage.provider' are incompatible between these types.
          Type '"cloudinary" | "s3" | "google_drive"' is not assignable to type '"cloudinary" | "gdrive" | "s3"'.
            Type '"google_drive"' is not assignable to type '"cloudinary" | "gdrive" | "s3"'.
new/src/app/(authenticated)/(admin)/admin/organizations/page.tsx(209,37): error TS2322: Type 'TenantConfig | null' is not assignable to type '{ tenantId: string; name: string; industry: "GENERIC" | "LEGAL" | "ELEVATORS" | "BANKING" | "INSURANCE" | "IT" | "MEDICAL"; storage: { provider: "cloudinary" | "s3" | "google_drive"; settings: { ...; }; quota_bytes: number; }; ... 6 more ...; billing?: { ...; } | undefined; } | null'.
  Type 'TenantConfig' is missing the following properties from type '{ tenantId: string; name: string; industry: "GENERIC" | "LEGAL" | "ELEVATORS" | "BANKING" | "INSURANCE" | "IT" | "MEDICAL"; storage: { provider: "cloudinary" | "s3" | "google_drive"; settings: { ...; }; quota_bytes: number; }; ... 6 more ...; billing?: { ...; } | undefined; }': active, createdAt
new/src/app/(authenticated)/(admin)/admin/organizations/page.tsx(209,53): error TS2322: Type 'Dispatch<SetStateAction<TenantConfig | null>>' is not assignable to type 'Dispatch<SetStateAction<{ tenantId: string; name: string; industry: "GENERIC" | "LEGAL" | "ELEVATORS" | "BANKING" | "INSURANCE" | "IT" | "MEDICAL"; storage: { provider: "cloudinary" | "s3" | "google_drive"; settings: { ...; }; quota_bytes: number; }; ... 6 more ...; billing?: { ...; } | undefined; } | null>>'.
  Type 'SetStateAction<{ tenantId: string; name: string; industry: "GENERIC" | "LEGAL" | "ELEVATORS" | "BANKING" | "INSURANCE" | "IT" | "MEDICAL"; storage: { provider: "cloudinary" | "s3" | "google_drive"; settings: { ...; }; quota_bytes: number; }; ... 6 more ...; billing?: { ...; } | undefined; } | null>' is not assignable to type 'SetStateAction<TenantConfig | null>'.
    Type '{ tenantId: string; name: string; industry: "GENERIC" | "LEGAL" | "ELEVATORS" | "BANKING" | "INSURANCE" | "IT" | "MEDICAL"; storage: { provider: "cloudinary" | "s3" | "google_drive"; settings: { ...; }; quota_bytes: number; }; ... 6 more ...; billing?: { ...; } | undefined; }' is not assignable to type 'SetStateAction<TenantConfig | null>'.
      Type '{ tenantId: string; name: string; industry: "GENERIC" | "LEGAL" | "ELEVATORS" | "BANKING" | "INSURANCE" | "IT" | "MEDICAL"; storage: { provider: "cloudinary" | "s3" | "google_drive"; settings: { ...; }; quota_bytes: number; }; ... 6 more ...; billing?: { ...; } | undefined; }' is not assignable to type 'TenantConfig'.
        The types of 'storage.provider' are incompatible between these types.
          Type '"cloudinary" | "s3" | "google_drive"' is not assignable to type '"cloudinary" | "gdrive" | "s3"'.
            Type '"google_drive"' is not assignable to type '"cloudinary" | "gdrive" | "s3"'.
new/src/app/(authenticated)/(admin)/admin/organizations/page.tsx(213,38): error TS2322: Type 'TenantConfig | null' is not assignable to type '{ tenantId: string; name: string; industry: "GENERIC" | "LEGAL" | "ELEVATORS" | "BANKING" | "INSURANCE" | "IT" | "MEDICAL"; storage: { provider: "cloudinary" | "s3" | "google_drive"; settings: { ...; }; quota_bytes: number; }; ... 6 more ...; billing?: { ...; } | undefined; } | null'.
  Type 'TenantConfig' is missing the following properties from type '{ tenantId: string; name: string; industry: "GENERIC" | "LEGAL" | "ELEVATORS" | "BANKING" | "INSURANCE" | "IT" | "MEDICAL"; storage: { provider: "cloudinary" | "s3" | "google_drive"; settings: { ...; }; quota_bytes: number; }; ... 6 more ...; billing?: { ...; } | undefined; }': active, createdAt
new/src/app/(authenticated)/(admin)/admin/organizations/page.tsx(217,37): error TS2322: Type 'TenantConfig | null' is not assignable to type '{ tenantId: string; name: string; industry: "GENERIC" | "LEGAL" | "ELEVATORS" | "BANKING" | "INSURANCE" | "IT" | "MEDICAL"; storage: { provider: "cloudinary" | "s3" | "google_drive"; settings: { ...; }; quota_bytes: number; }; ... 6 more ...; billing?: { ...; } | undefined; } | null'.
  Type 'TenantConfig' is missing the following properties from type '{ tenantId: string; name: string; industry: "GENERIC" | "LEGAL" | "ELEVATORS" | "BANKING" | "INSURANCE" | "IT" | "MEDICAL"; storage: { provider: "cloudinary" | "s3" | "google_drive"; settings: { ...; }; quota_bytes: number; }; ... 6 more ...; billing?: { ...; } | undefined; }': active, createdAt
new/src/app/(authenticated)/(admin)/admin/organizations/page.tsx(217,53): error TS2322: Type 'Dispatch<SetStateAction<TenantConfig | null>>' is not assignable to type 'Dispatch<SetStateAction<{ tenantId: string; name: string; industry: "GENERIC" | "LEGAL" | "ELEVATORS" | "BANKING" | "INSURANCE" | "IT" | "MEDICAL"; storage: { provider: "cloudinary" | "s3" | "google_drive"; settings: { ...; }; quota_bytes: number; }; ... 6 more ...; billing?: { ...; } | undefined; } | null>>'.
  Type 'SetStateAction<{ tenantId: string; name: string; industry: "GENERIC" | "LEGAL" | "ELEVATORS" | "BANKING" | "INSURANCE" | "IT" | "MEDICAL"; storage: { provider: "cloudinary" | "s3" | "google_drive"; settings: { ...; }; quota_bytes: number; }; ... 6 more ...; billing?: { ...; } | undefined; } | null>' is not assignable to type 'SetStateAction<TenantConfig | null>'.
    Type '{ tenantId: string; name: string; industry: "GENERIC" | "LEGAL" | "ELEVATORS" | "BANKING" | "INSURANCE" | "IT" | "MEDICAL"; storage: { provider: "cloudinary" | "s3" | "google_drive"; settings: { ...; }; quota_bytes: number; }; ... 6 more ...; billing?: { ...; } | undefined; }' is not assignable to type 'SetStateAction<TenantConfig | null>'.
      Type '{ tenantId: string; name: string; industry: "GENERIC" | "LEGAL" | "ELEVATORS" | "BANKING" | "INSURANCE" | "IT" | "MEDICAL"; storage: { provider: "cloudinary" | "s3" | "google_drive"; settings: { ...; }; quota_bytes: number; }; ... 6 more ...; billing?: { ...; } | undefined; }' is not assignable to type 'TenantConfig'.
        The types of 'storage.provider' are incompatible between these types.
          Type '"cloudinary" | "s3" | "google_drive"' is not assignable to type '"cloudinary" | "gdrive" | "s3"'.
            Type '"google_drive"' is not assignable to type '"cloudinary" | "gdrive" | "s3"'.
new/src/app/(authenticated)/(admin)/admin/organizations/page.tsx(222,33): error TS2322: Type 'TenantConfig | null' is not assignable to type '{ tenantId: string; name: string; industry: "GENERIC" | "LEGAL" | "ELEVATORS" | "BANKING" | "INSURANCE" | "IT" | "MEDICAL"; storage: { provider: "cloudinary" | "s3" | "google_drive"; settings: { ...; }; quota_bytes: number; }; ... 6 more ...; billing?: { ...; } | undefined; } | null'.
  Type 'TenantConfig' is missing the following properties from type '{ tenantId: string; name: string; industry: "GENERIC" | "LEGAL" | "ELEVATORS" | "BANKING" | "INSURANCE" | "IT" | "MEDICAL"; storage: { provider: "cloudinary" | "s3" | "google_drive"; settings: { ...; }; quota_bytes: number; }; ... 6 more ...; billing?: { ...; } | undefined; }': active, createdAt
new/src/app/(authenticated)/(technical)/entities/page.tsx(140,22): error TS2741: Property 'id' is missing in type '{ identifier: any; detectedPatterns: any; risks: any; federatedInsights: any; }' but required in type 'RagReportViewProps'.
new/src/app/api/admin/billing/manual-change/route.ts(37,13): error TS2345: Argument of type '{ performedBy: string; correlationId: string; }' is not assignable to parameter of type 'string'.
new/src/app/api/admin/billing/seed-plans/route.ts(30,39): error TS18046: 'result' is of type 'unknown'.
new/src/app/api/admin/billing/seed-plans/route.ts(36,25): error TS18046: 'result' is of type 'unknown'.
new/src/app/api/admin/cases/[id]/workflow/route.ts(8,10): error TS2305: Module '"@/lib/workflow-engine"' has no exported member 'WorkflowEngine'.
new/src/app/api/admin/i18n/[locale]/debug/route.ts(28,52): error TS2339: Property 'getKeyDebugInfo' does not exist on type 'typeof TranslationService'.
new/src/app/api/admin/i18n/route.ts(41,59): error TS2339: Property 'getDetailedMessages' does not exist on type 'typeof TranslationService'.
new/src/app/api/admin/i18n/route.ts(57,21): error TS18046: 'data' is of type 'unknown'.
new/src/app/api/admin/i18n/route.ts(78,45): error TS2341: Property 'nestToFlat' is private and only accessible within class 'TranslationService'.
new/src/app/api/admin/i18n/route.ts(86,31): error TS2341: Property 'flatToNested' is private and only accessible within class 'TranslationService'.
new/src/app/api/admin/i18n/route.ts(92,45): error TS2341: Property 'nestToFlat' is private and only accessible within class 'TranslationService'.
new/src/app/api/admin/i18n/route.ts(104,31): error TS2341: Property 'flatToNested' is private and only accessible within class 'TranslationService'.
new/src/app/api/admin/i18n/stats/route.ts(24,49): error TS2341: Property 'nestToFlat' is private and only accessible within class 'TranslationService'.
new/src/app/api/admin/i18n/sync/route.ts(31,47): error TS2551: Property 'exportToLocalFiles' does not exist on type 'typeof TranslationService'. Did you mean 'exportToLocalFile'?
new/src/app/api/admin/i18n/sync/route.ts(35,51): error TS2339: Property 'forceSyncAllLocales' does not exist on type 'typeof TranslationService'.
new/src/app/api/admin/i18n/sync/route.ts(38,49): error TS2341: Property 'nestToFlat' is private and only accessible within class 'TranslationService'.
new/src/app/api/admin/prompts/[id]/route.ts(41,13): error TS2554: Expected 4-6 arguments, but got 7.
new/src/app/api/billing/portal/route.ts(3,10): error TS2724: '"@/lib/stripe"' has no exported member named 'createBillingPortalSession'. Did you mean 'createPortalSession'?
new/src/app/api/cases/[id]/transicion/route.ts(3,10): error TS2305: Module '"@/lib/workflow-engine"' has no exported member 'WorkflowEngine'.
new/src/app/api/debug-key/route.ts(13,51): error TS2339: Property 'getDetailedMessages' does not exist on type 'typeof TranslationService'.
new/src/app/api/debug-key/route.ts(18,44): error TS2341: Property 'nestToFlat' is private and only accessible within class 'TranslationService'.
new/src/app/api/entities/[id]/generate-report/route.ts(77,52): error TS2339: Property 'renderPrompt' does not exist on type 'typeof PromptService'.
new/src/app/api/entities/[id]/transition/route.ts(2,10): error TS2305: Module '"@/lib/workflow-engine"' has no exported member 'WorkflowEngine'.
new/src/app/api/i18n-sync/route.ts(15,49): error TS2339: Property 'forceSyncAllLocales' does not exist on type 'typeof TranslationService'.
new/src/app/auth-pages/error/page.tsx(37,19): error TS18047: 'searchParams' is possibly 'null'.
new/src/components/admin/organizations/BillingTab.tsx(17,10): error TS2614: Module '"@/app/(authenticated)/(admin)/admin/organizations/page"' has no exported member 'TenantConfig'. Did you mean to use 'import TenantConfig from "@/app/(authenticated)/(admin)/admin/organizations/page"' instead?
new/src/components/admin/organizations/BillingTab.tsx(41,60): error TS7006: Parameter 'prev' implicitly has an 'any' type.
new/src/components/admin/organizations/BillingTab.tsx(53,60): error TS7006: Parameter 'prev' implicitly has an 'any' type.
new/src/components/admin/organizations/BillingTab.tsx(72,72): error TS7006: Parameter 'prev' implicitly has an 'any' type.
new/src/components/admin/organizations/BillingTab.tsx(100,64): error TS7006: Parameter 'prev' implicitly has an 'any' type.
new/src/components/admin/organizations/BillingTab.tsx(115,72): error TS7006: Parameter 'prev' implicitly has an 'any' type.
new/src/components/admin/organizations/BillingTab.tsx(151,64): error TS7006: Parameter 'prev' implicitly has an 'any' type.
new/src/components/admin/organizations/BillingTab.tsx(165,68): error TS7006: Parameter 'prev' implicitly has an 'any' type.
new/src/components/admin/organizations/BillingTab.tsx(178,68): error TS7006: Parameter 'prev' implicitly has an 'any' type.
new/src/components/admin/organizations/BillingTab.tsx(192,64): error TS7006: Parameter 'prev' implicitly has an 'any' type.
new/src/components/admin/organizations/BillingTab.tsx(217,73): error TS7006: Parameter 'prev' implicitly has an 'any' type.
new/src/components/admin/organizations/BillingTab.tsx(238,68): error TS7006: Parameter 'prev' implicitly has an 'any' type.
new/src/components/admin/organizations/BillingTab.tsx(252,72): error TS7006: Parameter 'prev' implicitly has an 'any' type.
new/src/components/admin/organizations/BillingTab.tsx(265,72): error TS7006: Parameter 'prev' implicitly has an 'any' type.
new/src/components/admin/organizations/BillingTab.tsx(279,68): error TS7006: Parameter 'prev' implicitly has an 'any' type.
new/src/components/admin/organizations/BrandingTab.tsx(10,10): error TS2614: Module '"@/app/(authenticated)/(admin)/admin/organizations/page"' has no exported member 'TenantConfig'. Did you mean to use 'import TenantConfig from "@/app/(authenticated)/(admin)/admin/organizations/page"' instead?
new/src/components/admin/organizations/BrandingTab.tsx(108,70): error TS7006: Parameter 'prev' implicitly has an 'any' type.
new/src/components/admin/organizations/BrandingTab.tsx(179,74): error TS7006: Parameter 'prev' implicitly has an 'any' type.
new/src/components/admin/organizations/BrandingTab.tsx(194,73): error TS7006: Parameter 'prev' implicitly has an 'any' type.
new/src/components/admin/organizations/BrandingTab.tsx(221,76): error TS7006: Parameter 'prev' implicitly has an 'any' type.
new/src/components/admin/organizations/BrandingTab.tsx(233,72): error TS7006: Parameter 'prev' implicitly has an 'any' type.
new/src/components/admin/organizations/BrandingTab.tsx(255,76): error TS7006: Parameter 'prev' implicitly has an 'any' type.
new/src/components/admin/organizations/BrandingTab.tsx(267,72): error TS7006: Parameter 'prev' implicitly has an 'any' type.
new/src/components/admin/organizations/BrandingTab.tsx(302,56): error TS7006: Parameter 'prev' implicitly has an 'any' type.
new/src/components/admin/organizations/BrandingTab.tsx(322,60): error TS7006: Parameter 'prev' implicitly has an 'any' type.
new/src/components/admin/organizations/BrandingTab.tsx(345,68): error TS7006: Parameter 'prev' implicitly has an 'any' type.
new/src/components/admin/organizations/BrandingTab.tsx(360,64): error TS7006: Parameter 'prev' implicitly has an 'any' type.
new/src/components/admin/organizations/FeaturesTab.tsx(5,10): error TS2614: Module '"@/app/(authenticated)/(admin)/admin/organizations/page"' has no exported member 'TenantConfig'. Did you mean to use 'import TenantConfig from "@/app/(authenticated)/(admin)/admin/organizations/page"' instead?
new/src/components/admin/organizations/GeneralTab.tsx(14,10): error TS2614: Module '"@/app/(authenticated)/(admin)/admin/organizations/page"' has no exported member 'TenantConfig'. Did you mean to use 'import TenantConfig from "@/app/(authenticated)/(admin)/admin/organizations/page"' instead?
new/src/components/admin/organizations/GeneralTab.tsx(39,52): error TS7006: Parameter 'prev' implicitly has an 'any' type.
new/src/components/admin/organizations/GeneralTab.tsx(46,64): error TS7006: Parameter 'prev' implicitly has an 'any' type.
new/src/components/admin/organizations/SecurityCenterCard.tsx(9,10): error TS2614: Module '"@/app/(authenticated)/(admin)/admin/organizations/page"' has no exported member 'TenantConfig'. Did you mean to use 'import TenantConfig from "@/app/(authenticated)/(admin)/admin/organizations/page"' instead?
new/src/components/admin/organizations/StorageTab.tsx(7,10): error TS2614: Module '"@/app/(authenticated)/(admin)/admin/organizations/page"' has no exported member 'TenantConfig'. Did you mean to use 'import TenantConfig from "@/app/(authenticated)/(admin)/admin/organizations/page"' instead?
new/src/components/admin/organizations/StorageTab.tsx(22,50): error TS7006: Parameter 'prev' implicitly has an 'any' type.
new/src/components/admin/organizations/StorageTab.tsx(41,52): error TS7006: Parameter 'prev' implicitly has an 'any' type.
new/src/components/admin/organizations/StorageTab.tsx(70,39): error TS7006: Parameter 'prev' implicitly has an 'any' type.
new/src/components/admin/TranslationTable.tsx(173,58): error TS2339: Property 'mutateAsync' does not exist on type '{ mutate: (variables: any) => Promise<any>; isLoading: boolean; }'.
new/src/components/shared/DynamicBreadcrumb.tsx(11,23): error TS18047: 'pathname' is possibly 'null'.
new/src/core/engine/CaseWorkflowEngine.ts(257,47): error TS2339: Property 'createTask' does not exist on type 'typeof WorkflowTaskService'.
new/src/services/ingest/IngestPreparer.ts(51,52): error TS2345: Argument of type '"INGEST_PIPELINE_V2"' is not assignable to parameter of type 'FeatureFlag'.
new/src/services/storage/BlobStorageService.ts(135,101): error TS2559: Type 'number' has no properties in common with type '{ estimatedSize?: number | undefined; fileHash?: string | undefined; }'.
src/app/(authenticated)/(admin)/admin/cases/[id]/page.tsx(19,9): error TS2353: Object literal may only specify known properties, and 'queryKey' does not exist in type 'UseApiItemOptions<any, any>'.
src/app/api/admin/billing/seed-plans/route.ts(30,39): error TS18046: 'result' is of type 'unknown'.
src/app/api/admin/billing/seed-plans/route.ts(36,25): error TS18046: 'result' is of type 'unknown'.
src/app/api/admin/cases/%5Bid%5D/workflow/route.ts(86,13): error TS2322: Type '{ enabled: boolean; temperature: number; auto_transition: boolean; promptKey?: string | undefined; schemaKey?: string | undefined; }' is not assignable to type '{ promptKey: string; schemaKey: string; enabled: boolean; }'.
  Types of property 'promptKey' are incompatible.
    Type 'string | undefined' is not assignable to type 'string'.
      Type 'undefined' is not assignable to type 'string'.
src/app/api/admin/cases/[id]/workflow/route.ts(8,10): error TS2305: Module '"@/lib/workflow-engine"' has no exported member 'WorkflowEngine'.
src/app/api/admin/document-types/route.ts(118,23): error TS2339: Property 'scope' does not exist on type '{ name: string; isActive: boolean; createdAt: Date; _id?: any; description?: string | undefined; }'.
src/app/api/admin/document-types/route.ts(118,55): error TS2339: Property 'scope' does not exist on type '{ name: string; isActive: boolean; createdAt: Date; _id?: any; description?: string | undefined; }'.
src/app/api/admin/document-types/route.ts(141,63): error TS2339: Property 'scope' does not exist on type '{ name: string; isActive: boolean; createdAt: Date; _id?: any; description?: string | undefined; }'.
src/app/api/admin/document-types/route.ts(141,92): error TS2339: Property 'industries' does not exist on type '{ name: string; isActive: boolean; createdAt: Date; _id?: any; description?: string | undefined; }'.
src/app/api/admin/i18n/[locale]/debug/route.ts(28,52): error TS2339: Property 'getKeyDebugInfo' does not exist on type 'typeof TranslationService'.
src/app/api/admin/prompts/route.ts(104,33): error TS2339: Property 'industry' does not exist on type '{ tenantId: string; key: string; name: string; environment: "PRODUCTION" | "STAGING" | "SANDBOX"; category: "GENERAL" | "RISK" | "EXTRACTION" | "CHECKLIST" | "ANALYSIS" | "TICKET"; ... 14 more ...; createdBy?: string | undefined; }'.
src/app/api/admin/users/invite/bulk/route.ts(74,68): error TS2339: Property 'expiresInDays' does not exist on type '{ invitations: { email: string; role: UserRole; tenantId?: string | undefined; }[]; }'.
src/app/api/admin/workflow-definitions/%5Bid%5D/route.ts(57,71): error TS2345: Argument of type '{ _id: string; tenantId: string; industry?: "GENERIC" | "LEGAL" | "ELEVATORS" | "BANKING" | "INSURANCE" | "IT" | "MEDICAL" | undefined; name?: string | undefined; entityType?: "ENTITY" | "EQUIPMENT" | "USER" | undefined; ... 12 more ...; updatedAt?: Date | undefined; }' is not assignable to parameter of type 'Partial<{ tenantId: string; industry: "GENERIC" | "LEGAL" | "ELEVATORS" | "BANKING" | "INSURANCE" | "IT" | "MEDICAL"; name: string; entityType: "ENTITY" | "EQUIPMENT" | "USER"; states: { id: string; ... 12 more ...; sla?: { ...; } | undefined; }[]; ... 11 more ...; compilationError?: string | undefined; }>'.
  Types of property 'states' are incompatible.
    Type '{ id: string; label: string; color: string; is_initial: boolean; is_final: boolean; can_edit: boolean; requires_validation: boolean; roles_allowed: string[]; icon?: string | undefined; checklistConfigId?: string | undefined; llmNode?: { ...; } | undefined; }[] | undefined' is not assignable to type '{ id: string; label: string; color: string; is_initial: boolean; is_final: boolean; can_edit: boolean; requires_validation: boolean; roles_allowed: string[]; icon?: string | undefined; llmNode?: { ...; } | undefined; decisionStrategy?: { ...; } | undefined; llmRouting?: { ...; } | undefined; checklistConfigId?: stri...'.
      Type '{ id: string; label: string; color: string; is_initial: boolean; is_final: boolean; can_edit: boolean; requires_validation: boolean; roles_allowed: string[]; icon?: string | undefined; checklistConfigId?: string | undefined; llmNode?: { ...; } | undefined; }[]' is not assignable to type '{ id: string; label: string; color: string; is_initial: boolean; is_final: boolean; can_edit: boolean; requires_validation: boolean; roles_allowed: string[]; icon?: string | undefined; llmNode?: { ...; } | undefined; decisionStrategy?: { ...; } | undefined; llmRouting?: { ...; } | undefined; checklistConfigId?: stri...'.
        Type '{ id: string; label: string; color: string; is_initial: boolean; is_final: boolean; can_edit: boolean; requires_validation: boolean; roles_allowed: string[]; icon?: string | undefined; checklistConfigId?: string | undefined; llmNode?: { ...; } | undefined; }' is not assignable to type '{ id: string; label: string; color: string; is_initial: boolean; is_final: boolean; can_edit: boolean; requires_validation: boolean; roles_allowed: string[]; icon?: string | undefined; llmNode?: { ...; } | undefined; decisionStrategy?: { ...; } | undefined; llmRouting?: { ...; } | undefined; checklistConfigId?: stri...'.
          Types of property 'llmNode' are incompatible.
            Type '{ promptKey: string; schemaKey: string; enabled: boolean; } | undefined' is not assignable to type '{ enabled: boolean; temperature: number; auto_transition: boolean; promptKey?: string | undefined; schemaKey?: string | undefined; } | undefined'.
              Type '{ promptKey: string; schemaKey: string; enabled: boolean; }' is missing the following properties from type '{ enabled: boolean; temperature: number; auto_transition: boolean; promptKey?: string | undefined; schemaKey?: string | undefined; }': temperature, auto_transition
src/app/api/admin/workflow-definitions/route.ts(57,71): error TS2345: Argument of type '{ tenantId: string; industry: "GENERIC" | "LEGAL" | "ELEVATORS" | "BANKING" | "INSURANCE" | "IT" | "MEDICAL"; name: string; entityType: "ENTITY" | "EQUIPMENT" | "USER"; states: { id: string; ... 9 more ...; llmNode?: { ...; } | undefined; }[]; ... 12 more ...; compilationError?: string | undefined; }' is not assignable to parameter of type 'Partial<{ tenantId: string; industry: "GENERIC" | "LEGAL" | "ELEVATORS" | "BANKING" | "INSURANCE" | "IT" | "MEDICAL"; name: string; entityType: "ENTITY" | "EQUIPMENT" | "USER"; states: { id: string; ... 12 more ...; sla?: { ...; } | undefined; }[]; ... 11 more ...; compilationError?: string | undefined; }>'.
  Types of property 'states' are incompatible.
    Type '{ id: string; label: string; color: string; is_initial: boolean; is_final: boolean; can_edit: boolean; requires_validation: boolean; roles_allowed: string[]; icon?: string | undefined; checklistConfigId?: string | undefined; llmNode?: { ...; } | undefined; }[]' is not assignable to type '{ id: string; label: string; color: string; is_initial: boolean; is_final: boolean; can_edit: boolean; requires_validation: boolean; roles_allowed: string[]; icon?: string | undefined; llmNode?: { ...; } | undefined; decisionStrategy?: { ...; } | undefined; llmRouting?: { ...; } | undefined; checklistConfigId?: stri...'.
      Type '{ id: string; label: string; color: string; is_initial: boolean; is_final: boolean; can_edit: boolean; requires_validation: boolean; roles_allowed: string[]; icon?: string | undefined; checklistConfigId?: string | undefined; llmNode?: { ...; } | undefined; }' is not assignable to type '{ id: string; label: string; color: string; is_initial: boolean; is_final: boolean; can_edit: boolean; requires_validation: boolean; roles_allowed: string[]; icon?: string | undefined; llmNode?: { ...; } | undefined; decisionStrategy?: { ...; } | undefined; llmRouting?: { ...; } | undefined; checklistConfigId?: stri...'.
        Types of property 'llmNode' are incompatible.
          Type '{ promptKey: string; schemaKey: string; enabled: boolean; } | undefined' is not assignable to type '{ enabled: boolean; temperature: number; auto_transition: boolean; promptKey?: string | undefined; schemaKey?: string | undefined; } | undefined'.
            Type '{ promptKey: string; schemaKey: string; enabled: boolean; }' is missing the following properties from type '{ enabled: boolean; temperature: number; auto_transition: boolean; promptKey?: string | undefined; schemaKey?: string | undefined; }': temperature, auto_transition
src/app/api/admin/workflow-tasks/[id]/route.ts(15,17): error TS2554: Expected 2-3 arguments, but got 1.
src/app/api/billing/create-checkout/route.ts(45,41): error TS2551: Property 'stripeCustomerId' does not exist on type '{ tier: "FREE" | "PRO" | "ENTERPRISE"; status: "ACTIVE" | "SUSPENDED" | "CANCELLED"; overrides: Record<string, any>; planSlug?: "FREE" | "PRO" | "ENTERPRISE" | undefined; ... 4 more ...; currentPeriodEnd?: Date | undefined; }'. Did you mean 'stripe_customer_id'?
src/app/api/billing/portal/route.ts(24,55): error TS2551: Property 'stripeCustomerId' does not exist on type '{ tier: "FREE" | "PRO" | "ENTERPRISE"; status: "ACTIVE" | "SUSPENDED" | "CANCELLED"; overrides: Record<string, any>; planSlug?: "FREE" | "PRO" | "ENTERPRISE" | undefined; ... 4 more ...; currentPeriodEnd?: Date | undefined; }'. Did you mean 'stripe_customer_id'?
src/app/api/debug-key/route.ts(13,51): error TS2339: Property 'getDetailedMessages' does not exist on type 'typeof TranslationService'.
src/app/api/debug-key/route.ts(18,44): error TS2341: Property 'nestToFlat' is private and only accessible within class 'TranslationService'.
src/app/api/entities/[id]/checklist/validate/route.ts(9,10): error TS2724: '"@/lib/schemas/business"' has no exported member named 'ItemValidationSchema'. Did you mean 'ValidationSchema'?
src/app/api/i18n-sync/route.ts(15,49): error TS2339: Property 'forceSyncAllLocales' does not exist on type 'typeof TranslationService'.
src/app/api/workshop/orders/route.ts(2,10): error TS2305: Module '"@/lib/schemas"' has no exported member 'CreateWorkshopOrderSchema'.
src/components/admin/api-keys/ApiKeyList.tsx(67,34): error TS2339: Property 'spaceId' does not exist on type '{ tenantId: string; keyHash: string; keyPrefix: string; name: string; permissions: ("documents:ingest" | "documents:read" | "rag:query" | "analysis:extract")[]; isActive: boolean; createdAt: Date; createdBy: string; _id?: any; lastUsedAt?: Date | undefined; expiresAt?: Date | undefined; }'.
src/components/admin/api-keys/ApiKeyList.tsx(70,49): error TS2339: Property 'spaceId' does not exist on type '{ tenantId: string; keyHash: string; keyPrefix: string; name: string; permissions: ("documents:ingest" | "documents:read" | "rag:query" | "analysis:extract")[]; isActive: boolean; createdAt: Date; createdBy: string; _id?: any; lastUsedAt?: Date | undefined; expiresAt?: Date | undefined; }'.
src/components/admin/PromptEditor.tsx(40,34): error TS2339: Property 'industry' does not exist on type '{ tenantId: string; key: string; name: string; environment: "PRODUCTION" | "STAGING" | "SANDBOX"; category: "GENERAL" | "RISK" | "EXTRACTION" | "CHECKLIST" | "ANALYSIS" | "TICKET"; ... 14 more ...; createdBy?: string | undefined; }'.
src/components/admin/workflows/WorkflowDesigner.tsx(127,59): error TS2551: Property 'status' does not exist on type '{ tenantId: string; industry: "GENERIC" | "LEGAL" | "ELEVATORS" | "BANKING" | "INSURANCE" | "IT" | "MEDICAL"; name: string; entityType: "ENTITY" | "EQUIPMENT" | "USER"; states: { id: string; ... 12 more ...; sla?: { ...; } | undefined; }[]; ... 11 more ...; compilationError?: string | undefined; }'. Did you mean 'states'?
src/components/admin/workflows/WorkflowDesigner.tsx(207,53): error TS2739: Type '{ promptKey: string; schemaKey: string; enabled: boolean; }' is missing the following properties from type '{ enabled: boolean; temperature: number; auto_transition: boolean; promptKey?: string | undefined; schemaKey?: string | undefined; }': temperature, auto_transition
src/components/admin/workflows/WorkflowDesigner.tsx(270,89): error TS2339: Property 'id' does not exist on type '{ name: string; categories: { id: string; name: string; keywords: string[]; priority: number; color?: string | undefined; icon?: string | undefined; }[]; items: { id: string; description: string; categoryId?: string | ... 1 more ... | undefined; notes?: string | undefined; icon?: string | undefined; }[]; ... 5 more ...'.
src/components/admin/workflows/WorkflowDesigner.tsx(270,123): error TS2339: Property 'id' does not exist on type '{ name: string; categories: { id: string; name: string; keywords: string[]; priority: number; color?: string | undefined; icon?: string | undefined; }[]; items: { id: string; description: string; categoryId?: string | ... 1 more ... | undefined; notes?: string | undefined; icon?: string | undefined; }[]; ... 5 more ...'.
src/components/admin/workflows/WorkflowDesigner.tsx(271,68): error TS2339: Property 'title' does not exist on type '{ name: string; categories: { id: string; name: string; keywords: string[]; priority: number; color?: string | undefined; icon?: string | undefined; }[]; items: { id: string; description: string; categoryId?: string | ... 1 more ... | undefined; notes?: string | undefined; icon?: string | undefined; }[]; ... 5 more ...'.
src/components/admin/workflows/WorkflowDesigner.tsx(271,80): error TS2339: Property 'version' does not exist on type '{ name: string; categories: { id: string; name: string; keywords: string[]; priority: number; color?: string | undefined; icon?: string | undefined; }[]; items: { id: string; description: string; categoryId?: string | ... 1 more ... | undefined; notes?: string | undefined; icon?: string | undefined; }[]; ... 5 more ...'.
src/components/admin/WorkflowTaskDetailDialog.tsx(109,71): error TS2339: Property 'caseContext' does not exist on type '{ tenantId: string; caseId: string; type: "DOCUMENT_REVIEW" | "SECURITY_SIGNATURE" | "TECHNICAL_VALIDATION" | "COMPLIANCE_CHECK"; title: string; assignedRole: UserRole; ... 10 more ...; completedBy?: string | undefined; }'.
src/components/technical/DynamicChecklist.tsx(92,52): error TS2339: Property 'confidenceLevel' does not exist on type '{ id: string; description: string; categoryId?: string | null | undefined; notes?: string | undefined; icon?: string | undefined; }'.
src/components/technical/DynamicChecklist.tsx(93,35): error TS2339: Property 'ragReference' does not exist on type '{ id: string; description: string; categoryId?: string | null | undefined; notes?: string | undefined; icon?: string | undefined; }'.
src/components/technical/DynamicChecklist.tsx(94,96): error TS2339: Property 'ragReference' does not exist on type '{ id: string; description: string; categoryId?: string | null | undefined; notes?: string | undefined; icon?: string | undefined; }'.
src/core/application/billing/BillingAdminService.ts(64,36): error TS18048: 'sub' is possibly 'undefined'.
src/core/application/billing/BillingAdminService.ts(64,36): error TS2538: Type 'undefined' cannot be used as an index type.
src/core/application/billing/BillingAdminService.ts(77,89): error TS18048: 'sub' is possibly 'undefined'.
src/core/application/billing/BillingAdminService.ts(78,91): error TS18048: 'sub' is possibly 'undefined'.
src/core/application/billing/BillingAdminService.ts(85,27): error TS18048: 'sub' is possibly 'undefined'.
src/core/application/billing/BillingAdminService.ts(87,29): error TS18048: 'sub' is possibly 'undefined'.
src/core/application/billing/BillingAdminService.ts(88,50): error TS18048: 'sub' is possibly 'undefined'.
src/core/application/billing/BillingAdminService.ts(101,38): error TS18048: 'sub' is possibly 'undefined'.
src/core/application/billing/BillingAdminService.ts(121,18): error TS2322: Type '(ContractSummary | { tenantId: string; name: string; tier: "FREE" | "PRO" | "ENTERPRISE" | undefined; planName: any; status: "ACTIVE" | "SUSPENDED" | "CANCELLED"; ... 4 more ...; nextBillingDate: Date; })[]' is not assignable to type 'ContractSummary[]'.
  Type 'ContractSummary | { tenantId: string; name: string; tier: "FREE" | "PRO" | "ENTERPRISE" | undefined; planName: any; status: "ACTIVE" | "SUSPENDED" | "CANCELLED"; ... 4 more ...; nextBillingDate: Date; }' is not assignable to type 'ContractSummary'.
    Type '{ tenantId: string; name: string; tier: "FREE" | "PRO" | "ENTERPRISE" | undefined; planName: any; status: "ACTIVE" | "SUSPENDED" | "CANCELLED"; customOverrides: boolean; usage: { tokens: number; storage: number; spaces_per_tenant: number; }; limits: { ...; }; mrr: number; nextBillingDate: Date; }' is not assignable to type 'ContractSummary'.
      Types of property 'tier' are incompatible.
        Type '"FREE" | "PRO" | "ENTERPRISE" | undefined' is not assignable to type 'PlanTier'.
          Type 'undefined' is not assignable to type 'PlanTier'.
src/core/application/billing/BillingAdminService.ts(145,40): error TS18048: 'sub' is possibly 'undefined'.
src/core/application/billing/BillingAdminService.ts(152,21): error TS18048: 'sub' is possibly 'undefined'.
src/core/engine/CaseWorkflowEngine.ts(257,47): error TS2339: Property 'createTask' does not exist on type 'typeof WorkflowTaskService'.
src/lib/agent-engine.ts(151,48): error TS2339: Property 'renderPrompt' does not exist on type 'typeof PromptService'.
src/lib/api-handler.ts(48,35): error TS2339: Property 'spaceId' does not exist on type '{ tenantId: string; keyHash: string; keyPrefix: string; name: string; permissions: ("documents:ingest" | "documents:read" | "rag:query" | "analysis:extract")[]; isActive: boolean; createdAt: Date; createdBy: string; _id?: any; lastUsedAt?: Date | undefined; expiresAt?: Date | undefined; }'.
src/lib/billing-service.ts(81,33): error TS2352: Conversion of type '{ tier: "FREE" | "PRO" | "ENTERPRISE"; status: "ACTIVE" | "SUSPENDED" | "CANCELLED"; overrides: Record<string, any>; planSlug?: "FREE" | "PRO" | "ENTERPRISE" | undefined; ... 4 more ...; currentPeriodEnd?: Date | undefined; } | undefined' to type '{ planSlug: "FREE" | "PRO" | "ENTERPRISE" | "BASIC"; status: "active" | "trial" | "past_due" | "suspended" | "canceled"; overrides: Record<string, { type: "FIXED" | "TIERED" | "RAPPEL" | "FLAT_FEE_OVERAGE"; ... 7 more ...; overageRules?: { ...; }[] | undefined; }>; ... 8 more ...; suspendedAt?: Date | ... 1 more ......' may be a mistake because neither type sufficiently overlaps with the other. If this was intentional, convert the expression to 'unknown' first.
  Type '{ tier: "FREE" | "PRO" | "ENTERPRISE"; status: "ACTIVE" | "SUSPENDED" | "CANCELLED"; overrides: Record<string, any>; planSlug?: "FREE" | "PRO" | "ENTERPRISE" | undefined; ... 4 more ...; currentPeriodEnd?: Date | undefined; }' is missing the following properties from type '{ planSlug: "FREE" | "PRO" | "ENTERPRISE" | "BASIC"; status: "active" | "trial" | "past_due" | "suspended" | "canceled"; overrides: Record<string, { type: "FIXED" | "TIERED" | "RAPPEL" | "FLAT_FEE_OVERAGE"; ... 7 more ...; overageRules?: { ...; }[] | undefined; }>; ... 8 more ...; suspendedAt?: Date | ... 1 more ......': createdAt, updatedAt
src/lib/billing-service.ts(352,21): error TS2352: Conversion of type '{ tier: "FREE" | "PRO" | "ENTERPRISE"; status: "ACTIVE" | "SUSPENDED" | "CANCELLED"; overrides: Record<string, any>; planSlug?: "FREE" | "PRO" | "ENTERPRISE" | undefined; ... 4 more ...; currentPeriodEnd?: Date | undefined; } | undefined' to type '{ planSlug: "FREE" | "PRO" | "ENTERPRISE" | "BASIC"; status: "active" | "trial" | "past_due" | "suspended" | "canceled"; overrides: Record<string, { type: "FIXED" | "TIERED" | "RAPPEL" | "FLAT_FEE_OVERAGE"; ... 7 more ...; overageRules?: { ...; }[] | undefined; }>; ... 8 more ...; suspendedAt?: Date | ... 1 more ......' may be a mistake because neither type sufficiently overlaps with the other. If this was intentional, convert the expression to 'unknown' first.
  Type '{ tier: "FREE" | "PRO" | "ENTERPRISE"; status: "ACTIVE" | "SUSPENDED" | "CANCELLED"; overrides: Record<string, any>; planSlug?: "FREE" | "PRO" | "ENTERPRISE" | undefined; ... 4 more ...; currentPeriodEnd?: Date | undefined; }' is missing the following properties from type '{ planSlug: "FREE" | "PRO" | "ENTERPRISE" | "BASIC"; status: "active" | "trial" | "past_due" | "suspended" | "canceled"; overrides: Record<string, { type: "FIXED" | "TIERED" | "RAPPEL" | "FLAT_FEE_OVERAGE"; ... 7 more ...; overageRules?: { ...; }[] | undefined; }>; ... 8 more ...; suspendedAt?: Date | ... 1 more ......': createdAt, updatedAt
src/lib/prompt-service.ts(161,31): error TS2339: Property 'industry' does not exist on type '{ tenantId: string; key: string; name: string; environment: "PRODUCTION" | "STAGING" | "SANDBOX"; category: "GENERAL" | "RISK" | "EXTRACTION" | "CHECKLIST" | "ANALYSIS" | "TICKET"; ... 14 more ...; createdBy?: string | undefined; }'.
src/lib/prompt-service.ts(210,13): error TS2353: Object literal may only specify known properties, and 'industry' does not exist in type '{ promptId: any; tenantId: string; version: number; template: string; variables: { name: string; type: "string" | "number" | "boolean" | "json"; required: boolean; description?: string | undefined; }[]; ... 6 more ...; userAgent?: string | undefined; }'.
src/lib/prompt-service.ts(297,13): error TS2353: Object literal may only specify known properties, and 'industry' does not exist in type '{ promptId: any; tenantId: string; version: number; template: string; variables: { name: string; type: "string" | "number" | "boolean" | "json"; required: boolean; description?: string | undefined; }[]; ... 6 more ...; userAgent?: string | undefined; }'.
