
> project_init@0.1.0 build
> next build

▲ Next.js 16.1.4 (Turbopack)
- Environments: .env.local

⚠ The "middleware" file convention is deprecated. Please use "proxy" instead. Learn more: https://nextjs.org/docs/messages/middleware-to-proxy
  Creating an optimized production build ...

> Build error occurred
Error: Initiated Worker with invalid NODE_OPTIONS env variable: --r= is not allowed in NODE_OPTIONS
    at ignore-listed frames {
  code: 'ERR_WORKER_INVALID_EXEC_ARGV'
}
