
> project_init@0.1.0 build
> next build

Ôû▓ Next.js 16.1.4 (Turbopack)
- Environments: .env.local

node.exe : ÔÜá The "middleware" file 
convention is deprecated. Please use 
"proxy" instead. Learn more: https://
nextjs.org/docs/messages/middleware-t
o-proxy
En línea: 1 Carácter: 1
+ & "C:\Program 
Files\nodejs/node.exe" 
"C:\Users\ajaba\AppData\Roaming\ ...
+ ~~~~~~~~~~~~~~~~~~~~~~~~~~~~~~~~~~~
~~~~~~~~~~~~~~~~~~~~~~~~~~~~~~~~~~
    + CategoryInfo          : 
NotSpeci    fied: (ÔÜá The 
"middle...leware-to    
-proxy:String) [], RemoteException
    + FullyQualifiedErrorId : 
NativeCo    mmandError
 
  Creating an optimized production build ...
Ô£ô Compiled successfully in 25.3s
  Running TypeScript ...
Failed to compile.

./src/scripts/debug-ingest.ts:5:42
Type error: Cannot find module 
'./src/lib/db' or its corresponding 
type declarations.

[0m [90m 3 |[39m 
dotenv[33m.[39mconfig({ 
path[33m:[39m 
[32m'.env.local'[39m })[33m;[39m
 [90m 4 |[39m
[31m[1m>[22m[39m[90m 5 |[39m 
[36mimport[39m { 
connectDB[33m,[39m connectLogsDB } 
[36mfrom[39m 
[32m'./src/lib/db'[39m[33m;[39m
 [90m   |[39m                      
                    
[31m[1m^[22m[39m
 [90m 6 |[39m [36mimport[39m { 
getTenantCollection } [36mfrom[39m 
[32m'./src/lib/db-tenant'[39m[33m;
[39m
 [90m 7 |[39m
 [90m 8 |[39m [36masync[39m 
[36mfunction[39m findTrace() {[0m
Next.js build worker exited with 
code: 1 and signal: null
