.next/types/validator.ts(279,31): error TS2344: Type 'typeof import("D:/desarrollos/ABDElevators/src/app/api/pedidos/[id]/checklist/route")' does not satisfy the constraint 'RouteHandlerConfig<"/api/pedidos/[id]/checklist">'.
  Types of property 'GET' are incompatible.
    Type '(request: Request, { params }: { params: { id: string; }; }) => Promise<NextResponse<{ success: boolean; items: ChecklistItem[]; }> | NextResponse<{ error: string; code: string; }>>' is not assignable to type '(request: NextRequest, context: { params: Promise<{ id: string; }>; }) => void | Response | Promise<void | Response>'.
      Types of parameters '__1' and 'context' are incompatible.
        Type '{ params: Promise<{ id: string; }>; }' is not assignable to type '{ params: { id: string; }; }'.
          Types of property 'params' are incompatible.
            Property 'id' is missing in type 'Promise<{ id: string; }>' but required in type '{ id: string; }'.
lib/auth.ts(50,48): error TS2345: Argument of type '"USER_NOT_FOUND"' is not assignable to parameter of type 'ErrorCode'.
lib/auth.ts(53,48): error TS2345: Argument of type '"INVALID_PASSWORD"' is not assignable to parameter of type 'ErrorCode'.
tests/unit/checklist-extractor.test.ts(5,1): error TS2582: Cannot find name 'describe'. Do you need to install type definitions for a test runner? Try `npm i --save-dev @types/jest` or `npm i --save-dev @types/mocha`.
tests/unit/checklist-extractor.test.ts(6,5): error TS2582: Cannot find name 'it'. Do you need to install type definitions for a test runner? Try `npm i --save-dev @types/jest` or `npm i --save-dev @types/mocha`.
tests/unit/checklist-extractor.test.ts(13,9): error TS2304: Cannot find name 'expect'.
tests/unit/checklist-extractor.test.ts(16,13): error TS2304: Cannot find name 'expect'.
tests/unit/checklist-extractor.test.ts(17,13): error TS2304: Cannot find name 'expect'.
