
> project_init@0.1.0 build
> next build

▲ Next.js 16.1.4 (Turbopack)
- Environments: .env.local

⚠ The "middleware" file convention is deprecated. Please use "proxy" instead. Learn more: https://nextjs.org/docs/messages/middleware-to-proxy
  Creating an optimized production build ...
Turbopack build encountered 1 warnings:
./src/app/api/billing/webhook/route.ts:56:14
Next.js can't recognize the exported `config` field in route. Page config in `config` is deprecated and ignored, use individual exports instead.
[0m [90m 54 |[39m
 [90m 55 |[39m [90m// Ensure raw body is preserved (though in App Router we use req.text() above)[39m
[31m[1m>[22m[39m[90m 56 |[39m [36mexport[39m [36mconst[39m config [33m=[39m {
 [90m    |[39m              [31m[1m^[22m[39m[31m[1m^[22m[39m[31m[1m^[22m[39m[31m[1m^[22m[39m[31m[1m^[22m[39m[31m[1m^[22m[39m
 [90m 57 |[39m     api[33m:[39m {
 [90m 58 |[39m         bodyParser[33m:[39m [36mfalse[39m[33m,[39m
 [90m 59 |[39m     }[33m,[39m[0m

The exported configuration object in a source file needs to have a very specific format from which some properties can be statically parsed at compiled-time.

https://nextjs.org/docs/app/api-reference/file-conventions/route-segment-config



> Build error occurred
Error: Turbopack build failed with 79 errors:
./packages/platform-core/src/schemas/workflow-task.ts:3:1
Module not found: Can't resolve '../../types/roles'
[0m [90m 1 |[39m
 [90m 2 |[39m [36mimport[39m { z } [36mfrom[39m [32m'zod'[39m[33m;[39m
[31m[1m>[22m[39m[90m 3 |[39m [36mimport[39m { [33mUserRole[39m } [36mfrom[39m [32m'../../types/roles'[39m[33m;[39m
 [90m   |[39m [31m[1m^[22m[39m[31m[1m^[22m[39m[31m[1m^[22m[39m[31m[1m^[22m[39m[31m[1m^[22m[39m[31m[1m^[22m[39m[31m[1m^[22m[39m[31m[1m^[22m[39m[31m[1m^[22m[39m[31m[1m^[22m[39m[31m[1m^[22m[39m[31m[1m^[22m[39m[31m[1m^[22m[39m[31m[1m^[22m[39m[31m[1m^[22m[39m[31m[1m^[22m[39m[31m[1m^[22m[39m[31m[1m^[22m[39m[31m[1m^[22m[39m[31m[1m^[22m[39m[31m[1m^[22m[39m[31m[1m^[22m[39m[31m[1m^[22m[39m[31m[1m^[22m[39m[31m[1m^[22m[39m[31m[1m^[22m[39m[31m[1m^[22m[39m[31m[1m^[22m[39m[31m[1m^[22m[39m[31m[1m^[22m[39m[31m[1m^[22m[39m[31m[1m^[22m[39m[31m[1m^[22m[39m[31m[1m^[22m[39m[31m[1m^[22m[39m[31m[1m^[22m[39m[31m[1m^[22m[39m[31m[1m^[22m[39m[31m[1m^[22m[39m[31m[1m^[22m[39m[31m[1m^[22m[39m[31m[1m^[22m[39m[31m[1m^[22m[39m[31m[1m^[22m[39m[31m[1m^[22m[39m
 [90m 4 |[39m
 [90m 5 |[39m [90m/**[39m
 [90m 6 |[39m [90m * ⚡ FASE 129: Standardized WorkflowTask Schema[39m[0m



Import traces:
  App Route:
    ./packages/platform-core/src/schemas/workflow-task.ts
    ./packages/platform-core/src/schemas/workflow.ts
    ./packages/platform-core/src/schemas/business.ts
    ./src/app/api/entities/[id]/validate/route.ts

  Route:
    ./packages/platform-core/src/schemas/workflow-task.ts
    ./packages/platform-core/src/schemas/workflow.ts
    ./packages/platform-core/src/schemas/business.ts
    ./src/lib/openapi.ts
    ./src/pages/api/openapi-spec.ts

  Server Component:
    ./packages/platform-core/src/schemas/workflow-task.ts
    ./packages/platform-core/src/schemas/workflow.ts
    ./packages/platform-core/src/schemas/index.ts
    ./packages/platform-core/src/schemas.ts
    ./packages/platform-core/src/session-service.ts
    ./packages/platform-core/src/auth.ts
    ./src/app/(authenticated)/profile/page.tsx

  Client Component Browser:
    ./packages/platform-core/src/schemas/workflow-task.ts [Client Component Browser]
    ./packages/platform-core/src/schemas/workflow.ts [Client Component Browser]
    ./packages/platform-core/src/schemas/index.ts [Client Component Browser]
    ./packages/platform-core/src/schemas.ts [Client Component Browser]
    ./packages/platform-core/src/index.ts [Client Component Browser]
    ./src/lib/schemas.ts [Client Component Browser]
    ./src/components/admin/PromptEditor.tsx [Client Component Browser]
    ./src/app/(authenticated)/(admin)/admin/prompts/page.tsx [Client Component Browser]
    ./src/app/(authenticated)/(admin)/admin/prompts/page.tsx [Server Component]

  Client Component SSR:
    ./packages/platform-core/src/schemas/workflow-task.ts [Client Component SSR]
    ./packages/platform-core/src/schemas/workflow.ts [Client Component SSR]
    ./packages/platform-core/src/schemas/index.ts [Client Component SSR]
    ./packages/platform-core/src/schemas.ts [Client Component SSR]
    ./packages/platform-core/src/index.ts [Client Component SSR]
    ./src/lib/schemas.ts [Client Component SSR]
    ./src/components/admin/PromptEditor.tsx [Client Component SSR]
    ./src/app/(authenticated)/(admin)/admin/prompts/page.tsx [Client Component SSR]
    ./src/app/(authenticated)/(admin)/admin/prompts/page.tsx [Server Component]

  Instrumentation:
    ./packages/platform-core/src/schemas/workflow-task.ts
    ./packages/platform-core/src/schemas/workflow.ts
    ./packages/platform-core/src/schemas/index.ts
    ./packages/platform-core/src/schemas.ts
    ./packages/platform-core/src/index.ts
    ./src/lib/schemas.ts
    ./src/services/ingest-service.ts
    ./src/lib/workers/ingest-worker.ts
    ./src/instrumentation.ts

https://nextjs.org/docs/messages/module-not-found


./src/lib/billing-service.ts:7:1
Module not found: Can't resolve './schemas/billing'
[0m [90m  5 |[39m [36mimport[39m { [33mValidationError[39m[33m,[39m [33mAppError[39m } [36mfrom[39m [32m'./errors'[39m[33m;[39m
 [90m  6 |[39m [36mimport[39m { getTenantCollection } [36mfrom[39m [32m'./db-tenant'[39m[33m;[39m
[31m[1m>[22m[39m[90m  7 |[39m [36mimport[39m { [33mTenantSubscriptionSchema[39m[33m,[39m [33mTenantSubscription[39m } [36mfrom[39m [32m'./schemas/billing'[39m[33m;[39m
 [90m    |[39m [31m[1m^[22m[39m[31m[1m^[22m[39m[31m[1m^[22m[39m[31m[1m^[22m[39m[31m[1m^[22m[39m[31m[1m^[22m[39m[31m[1m^[22m[39m[31m[1m^[22m[39m[31m[1m^[22m[39m[31m[1m^[22m[39m[31m[1m^[22m[39m[31m[1m^[22m[39m[31m[1m^[22m[39m[31m[1m^[22m[39m[31m[1m^[22m[39m[31m[1m^[22m[39m[31m[1m^[22m[39m[31m[1m^[22m[39m[31m[1m^[22m[39m[31m[1m^[22m[39m[31m[1m^[22m[39m[31m[1m^[22m[39m[31m[1m^[22m[39m[31m[1m^[22m[39m[31m[1m^[22m[39m[31m[1m^[22m[39m[31m[1m^[22m[39m[31m[1m^[22m[39m[31m[1m^[22m[39m[31m[1m^[22m[39m[31m[1m^[22m[39m[31m[1m^[22m[39m[31m[1m^[22m[39m[31m[1m^[22m[39m[31m[1m^[22m[39m[31m[1m^[22m[39m[31m[1m^[22m[39m[31m[1m^[22m[39m[31m[1m^[22m[39m[31m[1m^[22m[39m[31m[1m^[22m[39m[31m[1m^[22m[39m[31m[1m^[22m[39m[31m[1m^[22m[39m[31m[1m^[22m[39m[31m[1m^[22m[39m[31m[1m^[22m[39m[31m[1m^[22m[39m[31m[1m^[22m[39m[31m[1m^[22m[39m[31m[1m^[22m[39m[31m[1m^[22m[39m[31m[1m^[22m[39m[31m[1m^[22m[39m[31m[1m^[22m[39m[31m[1m^[22m[39m[31m[1m^[22m[39m[31m[1m^[22m[39m[31m[1m^[22m[39m[31m[1m^[22m[39m[31m[1m^[22m[39m[31m[1m^[22m[39m[31m[1m^[22m[39m[31m[1m^[22m[39m[31m[1m^[22m[39m[31m[1m^[22m[39m[31m[1m^[22m[39m[31m[1m^[22m[39m[31m[1m^[22m[39m[31m[1m^[22m[39m[31m[1m^[22m[39m[31m[1m^[22m[39m[31m[1m^[22m[39m[31m[1m^[22m[39m[31m[1m^[22m[39m[31m[1m^[22m[39m[31m[1m^[22m[39m[31m[1m^[22m[39m[31m[1m^[22m[39m[31m[1m^[22m[39m[31m[1m^[22m[39m
 [90m  8 |[39m [36mimport[39m { logEvento } [36mfrom[39m [32m'./logger'[39m[33m;[39m
 [90m  9 |[39m [36mimport[39m { stripe[33m,[39m createCheckoutSession } [36mfrom[39m [32m'./stripe'[39m[33m;[39m
 [90m 10 |[39m [36mimport[39m [33mStripe[39m [36mfrom[39m [32m'stripe'[39m[33m;[39m[0m



Import trace:
  App Route:
    ./src/lib/billing-service.ts
    ./src/app/api/admin/billing/manual-change/route.ts

https://nextjs.org/docs/messages/module-not-found


./src/lib/services/knowledge-review-service.ts:64:45
Module not found: Can't resolve './services/audit-trail-service'
[0m [90m 62 |[39m
 [90m 63 |[39m         [90m// Audit Trail[39m
[31m[1m>[22m[39m[90m 64 |[39m         [36mconst[39m { [33mAuditTrailService[39m } [33m=[39m [36mawait[39m [36mimport[39m([32m'./services/audit-trail-service'[39m)[33m;[39m
 [90m    |[39m                                             [31m[1m^[22m[39m[31m[1m^[22m[39m[31m[1m^[22m[39m[31m[1m^[22m[39m[31m[1m^[22m[39m[31m[1m^[22m[39m[31m[1m^[22m[39m[31m[1m^[22m[39m[31m[1m^[22m[39m[31m[1m^[22m[39m[31m[1m^[22m[39m[31m[1m^[22m[39m[31m[1m^[22m[39m[31m[1m^[22m[39m[31m[1m^[22m[39m[31m[1m^[22m[39m[31m[1m^[22m[39m[31m[1m^[22m[39m[31m[1m^[22m[39m[31m[1m^[22m[39m[31m[1m^[22m[39m[31m[1m^[22m[39m[31m[1m^[22m[39m[31m[1m^[22m[39m[31m[1m^[22m[39m[31m[1m^[22m[39m[31m[1m^[22m[39m[31m[1m^[22m[39m[31m[1m^[22m[39m[31m[1m^[22m[39m[31m[1m^[22m[39m[31m[1m^[22m[39m[31m[1m^[22m[39m[31m[1m^[22m[39m[31m[1m^[22m[39m[31m[1m^[22m[39m[31m[1m^[22m[39m[31m[1m^[22m[39m[31m[1m^[22m[39m[31m[1m^[22m[39m
 [90m 65 |[39m         [36mawait[39m [33mAuditTrailService[39m[33m.[39mlogConfigChange({
 [90m 66 |[39m             actorType[33m:[39m [32m'USER'[39m[33m,[39m
 [90m 67 |[39m             actorId[33m:[39m performer[33m,[39m[0m



Import trace:
  App Route:
    ./src/lib/services/knowledge-review-service.ts
    ./src/app/api/admin/knowledge-assets/[id]/review/route.ts

https://nextjs.org/docs/messages/module-not-found


./src/app/api/admin/prompts/dry-run/route.ts:3:1
Module not found: Can't resolve '@/auth'
[0m [90m 1 |[39m
 [90m 2 |[39m [36mimport[39m { [33mNextResponse[39m } [36mfrom[39m [32m'next/server'[39m[33m;[39m
[31m[1m>[22m[39m[90m 3 |[39m [36mimport[39m { auth } [36mfrom[39m [32m'@/auth'[39m[33m;[39m
 [90m   |[39m [31m[1m^[22m[39m[31m[1m^[22m[39m[31m[1m^[22m[39m[31m[1m^[22m[39m[31m[1m^[22m[39m[31m[1m^[22m[39m[31m[1m^[22m[39m[31m[1m^[22m[39m[31m[1m^[22m[39m[31m[1m^[22m[39m[31m[1m^[22m[39m[31m[1m^[22m[39m[31m[1m^[22m[39m[31m[1m^[22m[39m[31m[1m^[22m[39m[31m[1m^[22m[39m[31m[1m^[22m[39m[31m[1m^[22m[39m[31m[1m^[22m[39m[31m[1m^[22m[39m[31m[1m^[22m[39m[31m[1m^[22m[39m[31m[1m^[22m[39m[31m[1m^[22m[39m[31m[1m^[22m[39m[31m[1m^[22m[39m[31m[1m^[22m[39m[31m[1m^[22m[39m[31m[1m^[22m[39m[31m[1m^[22m[39m
 [90m 4 |[39m [36mimport[39m { callGeminiMini } [36mfrom[39m [32m'@/lib/llm'[39m[33m;[39m
 [90m 5 |[39m [36mimport[39m { logEvento } [36mfrom[39m [32m'@/lib/logger'[39m[33m;[39m
 [90m 6 |[39m [36mimport[39m { z } [36mfrom[39m [32m'zod'[39m[33m;[39m[0m

Import map: aliased to relative './src/auth' inside of [project]/


https://nextjs.org/docs/messages/module-not-found


./src/app/api/admin/prompts/test-ab/route.ts:3:1
Module not found: Can't resolve '@/auth'
[0m [90m 1 |[39m
 [90m 2 |[39m [36mimport[39m { [33mNextResponse[39m } [36mfrom[39m [32m'next/server'[39m[33m;[39m
[31m[1m>[22m[39m[90m 3 |[39m [36mimport[39m { auth } [36mfrom[39m [32m'@/auth'[39m[33m;[39m
 [90m   |[39m [31m[1m^[22m[39m[31m[1m^[22m[39m[31m[1m^[22m[39m[31m[1m^[22m[39m[31m[1m^[22m[39m[31m[1m^[22m[39m[31m[1m^[22m[39m[31m[1m^[22m[39m[31m[1m^[22m[39m[31m[1m^[22m[39m[31m[1m^[22m[39m[31m[1m^[22m[39m[31m[1m^[22m[39m[31m[1m^[22m[39m[31m[1m^[22m[39m[31m[1m^[22m[39m[31m[1m^[22m[39m[31m[1m^[22m[39m[31m[1m^[22m[39m[31m[1m^[22m[39m[31m[1m^[22m[39m[31m[1m^[22m[39m[31m[1m^[22m[39m[31m[1m^[22m[39m[31m[1m^[22m[39m[31m[1m^[22m[39m[31m[1m^[22m[39m[31m[1m^[22m[39m[31m[1m^[22m[39m[31m[1m^[22m[39m
 [90m 4 |[39m [36mimport[39m { callGeminiMini } [36mfrom[39m [32m'@/lib/llm'[39m[33m;[39m
 [90m 5 |[39m [36mimport[39m { logEvento } [36mfrom[39m [32m'@/lib/logger'[39m[33m;[39m
 [90m 6 |[39m [36mimport[39m { z } [36mfrom[39m [32m'zod'[39m[33m;[39m[0m

Import map: aliased to relative './src/auth' inside of [project]/


https://nextjs.org/docs/messages/module-not-found


./src/app/api/audit/logs/route.ts:5:1
Module not found: Can't resolve '@/lib/schemas/audit-logs'
[0m [90m 3 |[39m [36mimport[39m { getTenantCollection } [36mfrom[39m [32m'@/lib/db-tenant'[39m[33m;[39m
 [90m 4 |[39m [36mimport[39m { [33mAppError[39m[33m,[39m handleApiError } [36mfrom[39m [32m'@/lib/errors'[39m[33m;[39m
[31m[1m>[22m[39m[90m 5 |[39m [36mimport[39m { [33mAuditLogQuerySchema[39m } [36mfrom[39m [32m'@/lib/schemas/audit-logs'[39m[33m;[39m
 [90m   |[39m [31m[1m^[22m[39m[31m[1m^[22m[39m[31m[1m^[22m[39m[31m[1m^[22m[39m[31m[1m^[22m[39m[31m[1m^[22m[39m[31m[1m^[22m[39m[31m[1m^[22m[39m[31m[1m^[22m[39m[31m[1m^[22m[39m[31m[1m^[22m[39m[31m[1m^[22m[39m[31m[1m^[22m[39m[31m[1m^[22m[39m[31m[1m^[22m[39m[31m[1m^[22m[39m[31m[1m^[22m[39m[31m[1m^[22m[39m[31m[1m^[22m[39m[31m[1m^[22m[39m[31m[1m^[22m[39m[31m[1m^[22m[39m[31m[1m^[22m[39m[31m[1m^[22m[39m[31m[1m^[22m[39m[31m[1m^[22m[39m[31m[1m^[22m[39m[31m[1m^[22m[39m[31m[1m^[22m[39m[31m[1m^[22m[39m[31m[1m^[22m[39m[31m[1m^[22m[39m[31m[1m^[22m[39m[31m[1m^[22m[39m[31m[1m^[22m[39m[31m[1m^[22m[39m[31m[1m^[22m[39m[31m[1m^[22m[39m[31m[1m^[22m[39m[31m[1m^[22m[39m[31m[1m^[22m[39m[31m[1m^[22m[39m[31m[1m^[22m[39m[31m[1m^[22m[39m[31m[1m^[22m[39m[31m[1m^[22m[39m[31m[1m^[22m[39m[31m[1m^[22m[39m[31m[1m^[22m[39m[31m[1m^[22m[39m[31m[1m^[22m[39m[31m[1m^[22m[39m[31m[1m^[22m[39m[31m[1m^[22m[39m[31m[1m^[22m[39m[31m[1m^[22m[39m[31m[1m^[22m[39m[31m[1m^[22m[39m[31m[1m^[22m[39m[31m[1m^[22m[39m[31m[1m^[22m[39m[31m[1m^[22m[39m[31m[1m^[22m[39m
 [90m 6 |[39m [36mimport[39m { v4 [36mas[39m uuidv4 } [36mfrom[39m [32m'uuid'[39m[33m;[39m
 [90m 7 |[39m
 [90m 8 |[39m [90m/**[39m[0m

Import map: aliased to relative './src/lib/schemas/audit-logs' inside of [project]/


https://nextjs.org/docs/messages/module-not-found


./src/services/storage/BlobStorageService.ts:3:1
Module not found: Can't resolve '@/lib/schemas/blob'
[0m [90m 1 |[39m [36mimport[39m { getTenantCollection } [36mfrom[39m [32m'@/lib/db-tenant'[39m[33m;[39m
 [90m 2 |[39m [36mimport[39m { logEvento } [36mfrom[39m [32m'@/lib/logger'[39m[33m;[39m
[31m[1m>[22m[39m[90m 3 |[39m [36mimport[39m { [33mFileBlobSchema[39m[33m,[39m [33mFileBlob[39m } [36mfrom[39m [32m'@/lib/schemas/blob'[39m[33m;[39m
 [90m   |[39m [31m[1m^[22m[39m[31m[1m^[22m[39m[31m[1m^[22m[39m[31m[1m^[22m[39m[31m[1m^[22m[39m[31m[1m^[22m[39m[31m[1m^[22m[39m[31m[1m^[22m[39m[31m[1m^[22m[39m[31m[1m^[22m[39m[31m[1m^[22m[39m[31m[1m^[22m[39m[31m[1m^[22m[39m[31m[1m^[22m[39m[31m[1m^[22m[39m[31m[1m^[22m[39m[31m[1m^[22m[39m[31m[1m^[22m[39m[31m[1m^[22m[39m[31m[1m^[22m[39m[31m[1m^[22m[39m[31m[1m^[22m[39m[31m[1m^[22m[39m[31m[1m^[22m[39m[31m[1m^[22m[39m[31m[1m^[22m[39m[31m[1m^[22m[39m[31m[1m^[22m[39m[31m[1m^[22m[39m[31m[1m^[22m[39m[31m[1m^[22m[39m[31m[1m^[22m[39m[31m[1m^[22m[39m[31m[1m^[22m[39m[31m[1m^[22m[39m[31m[1m^[22m[39m[31m[1m^[22m[39m[31m[1m^[22m[39m[31m[1m^[22m[39m[31m[1m^[22m[39m[31m[1m^[22m[39m[31m[1m^[22m[39m[31m[1m^[22m[39m[31m[1m^[22m[39m[31m[1m^[22m[39m[31m[1m^[22m[39m[31m[1m^[22m[39m[31m[1m^[22m[39m[31m[1m^[22m[39m[31m[1m^[22m[39m[31m[1m^[22m[39m[31m[1m^[22m[39m[31m[1m^[22m[39m[31m[1m^[22m[39m[31m[1m^[22m[39m[31m[1m^[22m[39m[31m[1m^[22m[39m[31m[1m^[22m[39m[31m[1m^[22m[39m[31m[1m^[22m[39m[31m[1m^[22m[39m[31m[1m^[22m[39m
 [90m 4 |[39m [36mimport[39m crypto [36mfrom[39m [32m'crypto'[39m[33m;[39m
 [90m 5 |[39m [36mimport[39m { [33mAppError[39m } [36mfrom[39m [32m'@/lib/errors'[39m[33m;[39m
 [90m 6 |[39m[0m

Import map: aliased to relative './src/lib/schemas/blob' inside of [project]/


Import traces:
  App Route:
    ./src/services/storage/BlobStorageService.ts
    ./src/app/api/auth/knowledge-assets/route.ts

  Instrumentation:
    ./src/services/storage/BlobStorageService.ts
    ./src/services/ingest/IngestPreparer.ts
    ./src/services/ingest-service.ts
    ./src/lib/workers/ingest-worker.ts
    ./src/instrumentation.ts

https://nextjs.org/docs/messages/module-not-found


./src/app/api/entities/[id]/comments/route.ts:7:1
Module not found: Can't resolve '@/lib/schemas/collaboration'
[0m [90m  5 |[39m [36mimport[39m { [33mAppError[39m[33m,[39m handleApiError } [36mfrom[39m [32m'@/lib/errors'[39m[33m;[39m
 [90m  6 |[39m [36mimport[39m { getTenantCollection } [36mfrom[39m [32m'@/lib/db-tenant'[39m[33m;[39m
[31m[1m>[22m[39m[90m  7 |[39m [36mimport[39m { [33mCollaborationCommentSchema[39m } [36mfrom[39m [32m'@/lib/schemas/collaboration'[39m[33m;[39m
 [90m    |[39m [31m[1m^[22m[39m[31m[1m^[22m[39m[31m[1m^[22m[39m[31m[1m^[22m[39m[31m[1m^[22m[39m[31m[1m^[22m[39m[31m[1m^[22m[39m[31m[1m^[22m[39m[31m[1m^[22m[39m[31m[1m^[22m[39m[31m[1m^[22m[39m[31m[1m^[22m[39m[31m[1m^[22m[39m[31m[1m^[22m[39m[31m[1m^[22m[39m[31m[1m^[22m[39m[31m[1m^[22m[39m[31m[1m^[22m[39m[31m[1m^[22m[39m[31m[1m^[22m[39m[31m[1m^[22m[39m[31m[1m^[22m[39m[31m[1m^[22m[39m[31m[1m^[22m[39m[31m[1m^[22m[39m[31m[1m^[22m[39m[31m[1m^[22m[39m[31m[1m^[22m[39m[31m[1m^[22m[39m[31m[1m^[22m[39m[31m[1m^[22m[39m[31m[1m^[22m[39m[31m[1m^[22m[39m[31m[1m^[22m[39m[31m[1m^[22m[39m[31m[1m^[22m[39m[31m[1m^[22m[39m[31m[1m^[22m[39m[31m[1m^[22m[39m[31m[1m^[22m[39m[31m[1m^[22m[39m[31m[1m^[22m[39m[31m[1m^[22m[39m[31m[1m^[22m[39m[31m[1m^[22m[39m[31m[1m^[22m[39m[31m[1m^[22m[39m[31m[1m^[22m[39m[31m[1m^[22m[39m[31m[1m^[22m[39m[31m[1m^[22m[39m[31m[1m^[22m[39m[31m[1m^[22m[39m[31m[1m^[22m[39m[31m[1m^[22m[39m[31m[1m^[22m[39m[31m[1m^[22m[39m[31m[1m^[22m[39m[31m[1m^[22m[39m[31m[1m^[22m[39m[31m[1m^[22m[39m[31m[1m^[22m[39m[31m[1m^[22m[39m[31m[1m^[22m[39m[31m[1m^[22m[39m[31m[1m^[22m[39m[31m[1m^[22m[39m[31m[1m^[22m[39m[31m[1m^[22m[39m[31m[1m^[22m[39m[31m[1m^[22m[39m[31m[1m^[22m[39m[31m[1m^[22m[39m
 [90m  8 |[39m [36mimport[39m { logEvento } [36mfrom[39m [32m'@/lib/logger'[39m[33m;[39m
 [90m  9 |[39m [36mimport[39m crypto [36mfrom[39m [32m'crypto'[39m[33m;[39m
 [90m 10 |[39m[0m

Import map: aliased to relative './src/lib/schemas/collaboration' inside of [project]/


https://nextjs.org/docs/messages/module-not-found


./src/app/api/collections/route.ts:3:1
Module not found: Can't resolve '@/lib/schemas/collections'
[0m [90m 1 |[39m [36mimport[39m { [33mNextRequest[39m[33m,[39m [33mNextResponse[39m } [36mfrom[39m [32m'next/server'[39m[33m;[39m
 [90m 2 |[39m [36mimport[39m { [33mCollectionService[39m } [36mfrom[39m [32m'@/services/collection-service'[39m[33m;[39m
[31m[1m>[22m[39m[90m 3 |[39m [36mimport[39m { [33mCreateCollectionSchema[39m } [36mfrom[39m [32m'@/lib/schemas/collections'[39m[33m;[39m
 [90m   |[39m [31m[1m^[22m[39m[31m[1m^[22m[39m[31m[1m^[22m[39m[31m[1m^[22m[39m[31m[1m^[22m[39m[31m[1m^[22m[39m[31m[1m^[22m[39m[31m[1m^[22m[39m[31m[1m^[22m[39m[31m[1m^[22m[39m[31m[1m^[22m[39m[31m[1m^[22m[39m[31m[1m^[22m[39m[31m[1m^[22m[39m[31m[1m^[22m[39m[31m[1m^[22m[39m[31m[1m^[22m[39m[31m[1m^[22m[39m[31m[1m^[22m[39m[31m[1m^[22m[39m[31m[1m^[22m[39m[31m[1m^[22m[39m[31m[1m^[22m[39m[31m[1m^[22m[39m[31m[1m^[22m[39m[31m[1m^[22m[39m[31m[1m^[22m[39m[31m[1m^[22m[39m[31m[1m^[22m[39m[31m[1m^[22m[39m[31m[1m^[22m[39m[31m[1m^[22m[39m[31m[1m^[22m[39m[31m[1m^[22m[39m[31m[1m^[22m[39m[31m[1m^[22m[39m[31m[1m^[22m[39m[31m[1m^[22m[39m[31m[1m^[22m[39m[31m[1m^[22m[39m[31m[1m^[22m[39m[31m[1m^[22m[39m[31m[1m^[22m[39m[31m[1m^[22m[39m[31m[1m^[22m[39m[31m[1m^[22m[39m[31m[1m^[22m[39m[31m[1m^[22m[39m[31m[1m^[22m[39m[31m[1m^[22m[39m[31m[1m^[22m[39m[31m[1m^[22m[39m[31m[1m^[22m[39m[31m[1m^[22m[39m[31m[1m^[22m[39m[31m[1m^[22m[39m[31m[1m^[22m[39m[31m[1m^[22m[39m[31m[1m^[22m[39m[31m[1m^[22m[39m[31m[1m^[22m[39m[31m[1m^[22m[39m[31m[1m^[22m[39m[31m[1m^[22m[39m[31m[1m^[22m[39m[31m[1m^[22m[39m[31m[1m^[22m[39m
 [90m 4 |[39m [36mimport[39m { [33mAppError[39m } [36mfrom[39m [32m'@/lib/errors'[39m[33m;[39m
 [90m 5 |[39m [36mimport[39m { enforcePermission } [36mfrom[39m [32m'@/lib/guardian-guard'[39m[33m;[39m
 [90m 6 |[39m [36mimport[39m { checkRateLimit[33m,[39m [33mLIMITS[39m } [36mfrom[39m [32m'@/lib/rate-limit'[39m[33m;[39m[0m

Import map: aliased to relative './src/lib/schemas/collections' inside of [project]/


https://nextjs.org/docs/messages/module-not-found


./src/services/collection-service.ts:2:1
Module not found: Can't resolve '@/lib/schemas/collections'
[0m [90m 1 |[39m [36mimport[39m { getTenantCollection } [36mfrom[39m [32m'@/lib/db-tenant'[39m[33m;[39m
[31m[1m>[22m[39m[90m 2 |[39m [36mimport[39m { [33mUserCollection[39m[33m,[39m [33mUserCollectionSchema[39m } [36mfrom[39m [32m'@/lib/schemas/collections'[39m[33m;[39m
 [90m   |[39m [31m[1m^[22m[39m[31m[1m^[22m[39m[31m[1m^[22m[39m[31m[1m^[22m[39m[31m[1m^[22m[39m[31m[1m^[22m[39m[31m[1m^[22m[39m[31m[1m^[22m[39m[31m[1m^[22m[39m[31m[1m^[22m[39m[31m[1m^[22m[39m[31m[1m^[22m[39m[31m[1m^[22m[39m[31m[1m^[22m[39m[31m[1m^[22m[39m[31m[1m^[22m[39m[31m[1m^[22m[39m[31m[1m^[22m[39m[31m[1m^[22m[39m[31m[1m^[22m[39m[31m[1m^[22m[39m[31m[1m^[22m[39m[31m[1m^[22m[39m[31m[1m^[22m[39m[31m[1m^[22m[39m[31m[1m^[22m[39m[31m[1m^[22m[39m[31m[1m^[22m[39m[31m[1m^[22m[39m[31m[1m^[22m[39m[31m[1m^[22m[39m[31m[1m^[22m[39m[31m[1m^[22m[39m[31m[1m^[22m[39m[31m[1m^[22m[39m[31m[1m^[22m[39m[31m[1m^[22m[39m[31m[1m^[22m[39m[31m[1m^[22m[39m[31m[1m^[22m[39m[31m[1m^[22m[39m[31m[1m^[22m[39m[31m[1m^[22m[39m[31m[1m^[22m[39m[31m[1m^[22m[39m[31m[1m^[22m[39m[31m[1m^[22m[39m[31m[1m^[22m[39m[31m[1m^[22m[39m[31m[1m^[22m[39m[31m[1m^[22m[39m[31m[1m^[22m[39m[31m[1m^[22m[39m[31m[1m^[22m[39m[31m[1m^[22m[39m[31m[1m^[22m[39m[31m[1m^[22m[39m[31m[1m^[22m[39m[31m[1m^[22m[39m[31m[1m^[22m[39m[31m[1m^[22m[39m[31m[1m^[22m[39m[31m[1m^[22m[39m[31m[1m^[22m[39m[31m[1m^[22m[39m[31m[1m^[22m[39m[31m[1m^[22m[39m[31m[1m^[22m[39m[31m[1m^[22m[39m[31m[1m^[22m[39m[31m[1m^[22m[39m[31m[1m^[22m[39m[31m[1m^[22m[39m[31m[1m^[22m[39m[31m[1m^[22m[39m[31m[1m^[22m[39m[31m[1m^[22m[39m[31m[1m^[22m[39m[31m[1m^[22m[39m[31m[1m^[22m[39m[31m[1m^[22m[39m
 [90m 3 |[39m [36mimport[39m { [33mAppError[39m } [36mfrom[39m [32m'@/lib/errors'[39m[33m;[39m
 [90m 4 |[39m [36mimport[39m { logEvento } [36mfrom[39m [32m'@/lib/logger'[39m[33m;[39m
 [90m 5 |[39m [36mimport[39m { [33mObjectId[39m } [36mfrom[39m [32m'mongodb'[39m[33m;[39m[0m

Import map: aliased to relative './src/lib/schemas/collections' inside of [project]/


Import trace:
  App Route:
    ./src/services/collection-service.ts
    ./src/app/api/collections/route.ts

https://nextjs.org/docs/messages/module-not-found


./src/app/api/admin/export/route.ts:4:1
Module not found: Can't resolve '@/lib/schemas/export'
[0m [90m 2 |[39m [36mimport[39m { requireRole } [36mfrom[39m [32m'@/lib/auth'[39m[33m;[39m
 [90m 3 |[39m [36mimport[39m { [33mUserRole[39m } [36mfrom[39m [32m'@/types/roles'[39m[33m;[39m
[31m[1m>[22m[39m[90m 4 |[39m [36mimport[39m { [33mExportParamsSchema[39m } [36mfrom[39m [32m'@/lib/schemas/export'[39m[33m;[39m
 [90m   |[39m [31m[1m^[22m[39m[31m[1m^[22m[39m[31m[1m^[22m[39m[31m[1m^[22m[39m[31m[1m^[22m[39m[31m[1m^[22m[39m[31m[1m^[22m[39m[31m[1m^[22m[39m[31m[1m^[22m[39m[31m[1m^[22m[39m[31m[1m^[22m[39m[31m[1m^[22m[39m[31m[1m^[22m[39m[31m[1m^[22m[39m[31m[1m^[22m[39m[31m[1m^[22m[39m[31m[1m^[22m[39m[31m[1m^[22m[39m[31m[1m^[22m[39m[31m[1m^[22m[39m[31m[1m^[22m[39m[31m[1m^[22m[39m[31m[1m^[22m[39m[31m[1m^[22m[39m[31m[1m^[22m[39m[31m[1m^[22m[39m[31m[1m^[22m[39m[31m[1m^[22m[39m[31m[1m^[22m[39m[31m[1m^[22m[39m[31m[1m^[22m[39m[31m[1m^[22m[39m[31m[1m^[22m[39m[31m[1m^[22m[39m[31m[1m^[22m[39m[31m[1m^[22m[39m[31m[1m^[22m[39m[31m[1m^[22m[39m[31m[1m^[22m[39m[31m[1m^[22m[39m[31m[1m^[22m[39m[31m[1m^[22m[39m[31m[1m^[22m[39m[31m[1m^[22m[39m[31m[1m^[22m[39m[31m[1m^[22m[39m[31m[1m^[22m[39m[31m[1m^[22m[39m[31m[1m^[22m[39m[31m[1m^[22m[39m[31m[1m^[22m[39m[31m[1m^[22m[39m[31m[1m^[22m[39m[31m[1m^[22m[39m[31m[1m^[22m[39m[31m[1m^[22m[39m[31m[1m^[22m[39m[31m[1m^[22m[39m
 [90m 5 |[39m [36mimport[39m { [33mExportService[39m } [36mfrom[39m [32m'@/lib/export-service'[39m[33m;[39m
 [90m 6 |[39m [36mimport[39m { handleApiError[33m,[39m [33mValidationError[39m } [36mfrom[39m [32m'@/lib/errors'[39m[33m;[39m
 [90m 7 |[39m [36mimport[39m crypto [36mfrom[39m [32m'crypto'[39m[33m;[39m[0m

Import map: aliased to relative './src/lib/schemas/export' inside of [project]/


https://nextjs.org/docs/messages/module-not-found


./src/services/causal-impact-service.ts:5:1
Module not found: Can't resolve '@/lib/schemas/intelligence'
[0m [90m 3 |[39m [36mimport[39m { callGeminiPro } [36mfrom[39m [32m'@/lib/llm'[39m[33m;[39m
 [90m 4 |[39m [36mimport[39m { logEvento } [36mfrom[39m [32m'@/lib/logger'[39m[33m;[39m
[31m[1m>[22m[39m[90m 5 |[39m [36mimport[39m { [33mCausalImpactAnalysisSchema[39m[33m,[39m [33mCausalImpactAnalysis[39m } [36mfrom[39m [32m'@/lib/schemas/intelligence'[39m[33m;[39m
 [90m   |[39m [31m[1m^[22m[39m[31m[1m^[22m[39m[31m[1m^[22m[39m[31m[1m^[22m[39m[31m[1m^[22m[39m[31m[1m^[22m[39m[31m[1m^[22m[39m[31m[1m^[22m[39m[31m[1m^[22m[39m[31m[1m^[22m[39m[31m[1m^[22m[39m[31m[1m^[22m[39m[31m[1m^[22m[39m[31m[1m^[22m[39m[31m[1m^[22m[39m[31m[1m^[22m[39m[31m[1m^[22m[39m[31m[1m^[22m[39m[31m[1m^[22m[39m[31m[1m^[22m[39m[31m[1m^[22m[39m[31m[1m^[22m[39m[31m[1m^[22m[39m[31m[1m^[22m[39m[31m[1m^[22m[39m[31m[1m^[22m[39m[31m[1m^[22m[39m[31m[1m^[22m[39m[31m[1m^[22m[39m[31m[1m^[22m[39m[31m[1m^[22m[39m[31m[1m^[22m[39m[31m[1m^[22m[39m[31m[1m^[22m[39m[31m[1m^[22m[39m[31m[1m^[22m[39m[31m[1m^[22m[39m[31m[1m^[22m[39m[31m[1m^[22m[39m[31m[1m^[22m[39m[31m[1m^[22m[39m[31m[1m^[22m[39m[31m[1m^[22m[39m[31m[1m^[22m[39m[31m[1m^[22m[39m[31m[1m^[22m[39m[31m[1m^[22m[39m[31m[1m^[22m[39m[31m[1m^[22m[39m[31m[1m^[22m[39m[31m[1m^[22m[39m[31m[1m^[22m[39m[31m[1m^[22m[39m[31m[1m^[22m[39m[31m[1m^[22m[39m[31m[1m^[22m[39m[31m[1m^[22m[39m[31m[1m^[22m[39m[31m[1m^[22m[39m[31m[1m^[22m[39m[31m[1m^[22m[39m[31m[1m^[22m[39m[31m[1m^[22m[39m[31m[1m^[22m[39m[31m[1m^[22m[39m[31m[1m^[22m[39m[31m[1m^[22m[39m[31m[1m^[22m[39m[31m[1m^[22m[39m[31m[1m^[22m[39m[31m[1m^[22m[39m[31m[1m^[22m[39m[31m[1m^[22m[39m[31m[1m^[22m[39m[31m[1m^[22m[39m[31m[1m^[22m[39m[31m[1m^[22m[39m[31m[1m^[22m[39m[31m[1m^[22m[39m[31m[1m^[22m[39m[31m[1m^[22m[39m[31m[1m^[22m[39m[31m[1m^[22m[39m[31m[1m^[22m[39m[31m[1m^[22m[39m[31m[1m^[22m[39m[31m[1m^[22m[39m[31m[1m^[22m[39m[31m[1m^[22m[39m[31m[1m^[22m[39m[31m[1m^[22m[39m[31m[1m^[22m[39m[31m[1m^[22m[39m[31m[1m^[22m[39m
 [90m 6 |[39m [36mimport[39m { [33mAppError[39m[33m,[39m [33mValidationError[39m[33m,[39m [33mExternalServiceError[39m } [36mfrom[39m [32m'@/lib/errors'[39m[33m;[39m
 [90m 7 |[39m [90m// Native UUID support from Node.js/Web Crypto API[39m
 [90m 8 |[39m[0m

Import map: aliased to relative './src/lib/schemas/intelligence' inside of [project]/


Import trace:
  App Route:
    ./src/services/causal-impact-service.ts
    ./src/app/api/intelligence/causal-analysis/route.ts

https://nextjs.org/docs/messages/module-not-found


./src/app/api/admin/knowledge-base/chunks/route.ts:7:1
Module not found: Can't resolve '@/lib/schemas/pagination'
[0m [90m  5 |[39m [36mimport[39m { [33mAppError[39m[33m,[39m handleApiError } [36mfrom[39m [32m'@/lib/errors'[39m[33m;[39m
 [90m  6 |[39m [36mimport[39m crypto [36mfrom[39m [32m'crypto'[39m[33m;[39m
[31m[1m>[22m[39m[90m  7 |[39m [36mimport[39m { [33mCursorPaginationSchema[39m[33m,[39m getCursorFilter } [36mfrom[39m [32m'@/lib/schemas/pagination'[39m[33m;[39m
 [90m    |[39m [31m[1m^[22m[39m[31m[1m^[22m[39m[31m[1m^[22m[39m[31m[1m^[22m[39m[31m[1m^[22m[39m[31m[1m^[22m[39m[31m[1m^[22m[39m[31m[1m^[22m[39m[31m[1m^[22m[39m[31m[1m^[22m[39m[31m[1m^[22m[39m[31m[1m^[22m[39m[31m[1m^[22m[39m[31m[1m^[22m[39m[31m[1m^[22m[39m[31m[1m^[22m[39m[31m[1m^[22m[39m[31m[1m^[22m[39m[31m[1m^[22m[39m[31m[1m^[22m[39m[31m[1m^[22m[39m[31m[1m^[22m[39m[31m[1m^[22m[39m[31m[1m^[22m[39m[31m[1m^[22m[39m[31m[1m^[22m[39m[31m[1m^[22m[39m[31m[1m^[22m[39m[31m[1m^[22m[39m[31m[1m^[22m[39m[31m[1m^[22m[39m[31m[1m^[22m[39m[31m[1m^[22m[39m[31m[1m^[22m[39m[31m[1m^[22m[39m[31m[1m^[22m[39m[31m[1m^[22m[39m[31m[1m^[22m[39m[31m[1m^[22m[39m[31m[1m^[22m[39m[31m[1m^[22m[39m[31m[1m^[22m[39m[31m[1m^[22m[39m[31m[1m^[22m[39m[31m[1m^[22m[39m[31m[1m^[22m[39m[31m[1m^[22m[39m[31m[1m^[22m[39m[31m[1m^[22m[39m[31m[1m^[22m[39m[31m[1m^[22m[39m[31m[1m^[22m[39m[31m[1m^[22m[39m[31m[1m^[22m[39m[31m[1m^[22m[39m[31m[1m^[22m[39m[31m[1m^[22m[39m[31m[1m^[22m[39m[31m[1m^[22m[39m[31m[1m^[22m[39m[31m[1m^[22m[39m[31m[1m^[22m[39m[31m[1m^[22m[39m[31m[1m^[22m[39m[31m[1m^[22m[39m[31m[1m^[22m[39m[31m[1m^[22m[39m[31m[1m^[22m[39m[31m[1m^[22m[39m[31m[1m^[22m[39m[31m[1m^[22m[39m[31m[1m^[22m[39m[31m[1m^[22m[39m[31m[1m^[22m[39m[31m[1m^[22m[39m[31m[1m^[22m[39m[31m[1m^[22m[39m[31m[1m^[22m[39m[31m[1m^[22m[39m[31m[1m^[22m[39m[31m[1m^[22m[39m[31m[1m^[22m[39m[31m[1m^[22m[39m
 [90m  8 |[39m [36mimport[39m { [33mObjectId[39m } [36mfrom[39m [32m'mongodb'[39m[33m;[39m
 [90m  9 |[39m
 [90m 10 |[39m [90m/**[39m[0m

Import map: aliased to relative './src/lib/schemas/pagination' inside of [project]/


https://nextjs.org/docs/messages/module-not-found


./src/app/api/admin/reports/schedules/[id]/route.ts:6:1
Module not found: Can't resolve '@/lib/schemas/report-schedule'
[0m [90m 4 |[39m [36mimport[39m { logEvento } [36mfrom[39m [32m'@/lib/logger'[39m[33m;[39m
 [90m 5 |[39m [36mimport[39m { getReportSchedulesCollection } [36mfrom[39m [32m'@/lib/db-tenant'[39m[33m;[39m
[31m[1m>[22m[39m[90m 6 |[39m [36mimport[39m { [33mUpdateReportScheduleSchema[39m } [36mfrom[39m [32m'@/lib/schemas/report-schedule'[39m[33m;[39m
 [90m   |[39m [31m[1m^[22m[39m[31m[1m^[22m[39m[31m[1m^[22m[39m[31m[1m^[22m[39m[31m[1m^[22m[39m[31m[1m^[22m[39m[31m[1m^[22m[39m[31m[1m^[22m[39m[31m[1m^[22m[39m[31m[1m^[22m[39m[31m[1m^[22m[39m[31m[1m^[22m[39m[31m[1m^[22m[39m[31m[1m^[22m[39m[31m[1m^[22m[39m[31m[1m^[22m[39m[31m[1m^[22m[39m[31m[1m^[22m[39m[31m[1m^[22m[39m[31m[1m^[22m[39m[31m[1m^[22m[39m[31m[1m^[22m[39m[31m[1m^[22m[39m[31m[1m^[22m[39m[31m[1m^[22m[39m[31m[1m^[22m[39m[31m[1m^[22m[39m[31m[1m^[22m[39m[31m[1m^[22m[39m[31m[1m^[22m[39m[31m[1m^[22m[39m[31m[1m^[22m[39m[31m[1m^[22m[39m[31m[1m^[22m[39m[31m[1m^[22m[39m[31m[1m^[22m[39m[31m[1m^[22m[39m[31m[1m^[22m[39m[31m[1m^[22m[39m[31m[1m^[22m[39m[31m[1m^[22m[39m[31m[1m^[22m[39m[31m[1m^[22m[39m[31m[1m^[22m[39m[31m[1m^[22m[39m[31m[1m^[22m[39m[31m[1m^[22m[39m[31m[1m^[22m[39m[31m[1m^[22m[39m[31m[1m^[22m[39m[31m[1m^[22m[39m[31m[1m^[22m[39m[31m[1m^[22m[39m[31m[1m^[22m[39m[31m[1m^[22m[39m[31m[1m^[22m[39m[31m[1m^[22m[39m[31m[1m^[22m[39m[31m[1m^[22m[39m[31m[1m^[22m[39m[31m[1m^[22m[39m[31m[1m^[22m[39m[31m[1m^[22m[39m[31m[1m^[22m[39m[31m[1m^[22m[39m[31m[1m^[22m[39m[31m[1m^[22m[39m[31m[1m^[22m[39m[31m[1m^[22m[39m[31m[1m^[22m[39m[31m[1m^[22m[39m[31m[1m^[22m[39m[31m[1m^[22m[39m[31m[1m^[22m[39m[31m[1m^[22m[39m
 [90m 7 |[39m [36mimport[39m { [33mObjectId[39m } [36mfrom[39m [32m'mongodb'[39m[33m;[39m
 [90m 8 |[39m [36mimport[39m cronParser [36mfrom[39m [32m'cron-parser'[39m[33m;[39m
 [90m 9 |[39m [36mimport[39m { z } [36mfrom[39m [32m'zod'[39m[33m;[39m[0m

Import map: aliased to relative './src/lib/schemas/report-schedule' inside of [project]/


https://nextjs.org/docs/messages/module-not-found


./src/lib/services/report-schedule-service.ts:4:1
Module not found: Can't resolve '@/lib/schemas/report-schedule'
[0m [90m 2 |[39m [36mimport[39m cronParser [36mfrom[39m [32m'cron-parser'[39m[33m;[39m
 [90m 3 |[39m [36mimport[39m { getReportSchedulesCollection } [36mfrom[39m [32m'@/lib/db-tenant'[39m[33m;[39m
[31m[1m>[22m[39m[90m 4 |[39m [36mimport[39m { [33mReportSchedule[39m[33m,[39m [33mCreateReportScheduleSchema[39m[33m,[39m [33mUpdateReportScheduleSchema[39m } [36mfrom[39m [32m'@/lib/schemas/report-schedule'[39m[33m;[39m
 [90m   |[39m [31m[1m^[22m[39m[31m[1m^[22m[39m[31m[1m^[22m[39m[31m[1m^[22m[39m[31m[1m^[22m[39m[31m[1m^[22m[39m[31m[1m^[22m[39m[31m[1m^[22m[39m[31m[1m^[22m[39m[31m[1m^[22m[39m[31m[1m^[22m[39m[31m[1m^[22m[39m[31m[1m^[22m[39m[31m[1m^[22m[39m[31m[1m^[22m[39m[31m[1m^[22m[39m[31m[1m^[22m[39m[31m[1m^[22m[39m[31m[1m^[22m[39m[31m[1m^[22m[39m[31m[1m^[22m[39m[31m[1m^[22m[39m[31m[1m^[22m[39m[31m[1m^[22m[39m[31m[1m^[22m[39m[31m[1m^[22m[39m[31m[1m^[22m[39m[31m[1m^[22m[39m[31m[1m^[22m[39m[31m[1m^[22m[39m[31m[1m^[22m[39m[31m[1m^[22m[39m[31m[1m^[22m[39m[31m[1m^[22m[39m[31m[1m^[22m[39m[31m[1m^[22m[39m[31m[1m^[22m[39m[31m[1m^[22m[39m[31m[1m^[22m[39m[31m[1m^[22m[39m[31m[1m^[22m[39m[31m[1m^[22m[39m[31m[1m^[22m[39m[31m[1m^[22m[39m[31m[1m^[22m[39m[31m[1m^[22m[39m[31m[1m^[22m[39m[31m[1m^[22m[39m[31m[1m^[22m[39m[31m[1m^[22m[39m[31m[1m^[22m[39m[31m[1m^[22m[39m[31m[1m^[22m[39m[31m[1m^[22m[39m[31m[1m^[22m[39m[31m[1m^[22m[39m[31m[1m^[22m[39m[31m[1m^[22m[39m[31m[1m^[22m[39m[31m[1m^[22m[39m[31m[1m^[22m[39m[31m[1m^[22m[39m[31m[1m^[22m[39m[31m[1m^[22m[39m[31m[1m^[22m[39m[31m[1m^[22m[39m[31m[1m^[22m[39m[31m[1m^[22m[39m[31m[1m^[22m[39m[31m[1m^[22m[39m[31m[1m^[22m[39m[31m[1m^[22m[39m[31m[1m^[22m[39m[31m[1m^[22m[39m[31m[1m^[22m[39m[31m[1m^[22m[39m[31m[1m^[22m[39m[31m[1m^[22m[39m[31m[1m^[22m[39m[31m[1m^[22m[39m[31m[1m^[22m[39m[31m[1m^[22m[39m[31m[1m^[22m[39m[31m[1m^[22m[39m[31m[1m^[22m[39m[31m[1m^[22m[39m[31m[1m^[22m[39m[31m[1m^[22m[39m[31m[1m^[22m[39m[31m[1m^[22m[39m[31m[1m^[22m[39m[31m[1m^[22m[39m[31m[1m^[22m[39m[31m[1m^[22m[39m[31m[1m^[22m[39m[31m[1m^[22m[39m[31m[1m^[22m[39m[31m[1m^[22m[39m[31m[1m^[22m[39m[31m[1m^[22m[39m[31m[1m^[22m[39m[31m[1m^[22m[39m[31m[1m^[22m[39m[31m[1m^[22m[39m[31m[1m^[22m[39m[31m[1m^[22m[39m[31m[1m^[22m[39m[31m[1m^[22m[39m[31m[1m^[22m[39m[31m[1m^[22m[39m[31m[1m^[22m[39m[31m[1m^[22m[39m[31m[1m^[22m[39m[31m[1m^[22m[39m[31m[1m^[22m[39m[31m[1m^[22m[39m[31m[1m^[22m[39m[31m[1m^[22m[39m[31m[1m^[22m[39m
 [90m 5 |[39m [36mimport[39m { [33mAppError[39m } [36mfrom[39m [32m'@/lib/errors'[39m[33m;[39m
 [90m 6 |[39m [36mimport[39m { logEvento } [36mfrom[39m [32m'@/lib/logger'[39m[33m;[39m
 [90m 7 |[39m [36mimport[39m { [33mReportTemplateRegistry[39m } [36mfrom[39m [32m'@/lib/report-templates/registry'[39m[33m;[39m[0m

Import map: aliased to relative './src/lib/schemas/report-schedule' inside of [project]/


Import trace:
  App Route:
    ./src/lib/services/report-schedule-service.ts
    ./src/app/api/admin/reports/schedules/route.ts

https://nextjs.org/docs/messages/module-not-found


./src/app/api/admin/reports/generate/route.ts:8:1
Module not found: Can't resolve '@/lib/schemas/report-template'
[0m [90m  6 |[39m [36mimport[39m { generateTemplatedReport } [36mfrom[39m [32m'@/lib/server-pdf-utils'[39m[33m;[39m
 [90m  7 |[39m [36mimport[39m { [33mReportData[39m } [36mfrom[39m [32m'@/lib/schemas/report-template'[39m[33m;[39m
[31m[1m>[22m[39m[90m  8 |[39m [36mimport[39m { [33mReportTemplateTypeSchema[39m } [36mfrom[39m [32m'@/lib/schemas/report-template'[39m[33m;[39m
 [90m    |[39m [31m[1m^[22m[39m[31m[1m^[22m[39m[31m[1m^[22m[39m[31m[1m^[22m[39m[31m[1m^[22m[39m[31m[1m^[22m[39m[31m[1m^[22m[39m[31m[1m^[22m[39m[31m[1m^[22m[39m[31m[1m^[22m[39m[31m[1m^[22m[39m[31m[1m^[22m[39m[31m[1m^[22m[39m[31m[1m^[22m[39m[31m[1m^[22m[39m[31m[1m^[22m[39m[31m[1m^[22m[39m[31m[1m^[22m[39m[31m[1m^[22m[39m[31m[1m^[22m[39m[31m[1m^[22m[39m[31m[1m^[22m[39m[31m[1m^[22m[39m[31m[1m^[22m[39m[31m[1m^[22m[39m[31m[1m^[22m[39m[31m[1m^[22m[39m[31m[1m^[22m[39m[31m[1m^[22m[39m[31m[1m^[22m[39m[31m[1m^[22m[39m[31m[1m^[22m[39m[31m[1m^[22m[39m[31m[1m^[22m[39m[31m[1m^[22m[39m[31m[1m^[22m[39m[31m[1m^[22m[39m[31m[1m^[22m[39m[31m[1m^[22m[39m[31m[1m^[22m[39m[31m[1m^[22m[39m[31m[1m^[22m[39m[31m[1m^[22m[39m[31m[1m^[22m[39m[31m[1m^[22m[39m[31m[1m^[22m[39m[31m[1m^[22m[39m[31m[1m^[22m[39m[31m[1m^[22m[39m[31m[1m^[22m[39m[31m[1m^[22m[39m[31m[1m^[22m[39m[31m[1m^[22m[39m[31m[1m^[22m[39m[31m[1m^[22m[39m[31m[1m^[22m[39m[31m[1m^[22m[39m[31m[1m^[22m[39m[31m[1m^[22m[39m[31m[1m^[22m[39m[31m[1m^[22m[39m[31m[1m^[22m[39m[31m[1m^[22m[39m[31m[1m^[22m[39m[31m[1m^[22m[39m[31m[1m^[22m[39m[31m[1m^[22m[39m[31m[1m^[22m[39m[31m[1m^[22m[39m[31m[1m^[22m[39m[31m[1m^[22m[39m[31m[1m^[22m[39m[31m[1m^[22m[39m
 [90m  9 |[39m [36mimport[39m { auth } [36mfrom[39m [32m'@/lib/auth'[39m[33m;[39m
 [90m 10 |[39m
 [90m 11 |[39m [36mconst[39m [33mGenerateReportSchema[39m [33m=[39m z[33m.[39mobject({[0m

Import map: aliased to relative './src/lib/schemas/report-template' inside of [project]/


https://nextjs.org/docs/messages/module-not-found


./src/app/api/admin/spaces/[id]/route.ts:5:1
Module not found: Can't resolve '@/lib/schemas/spaces'
[0m [90m 3 |[39m [36mimport[39m { [33mAppError[39m[33m,[39m handleApiError } [36mfrom[39m [32m'@/lib/errors'[39m[33m;[39m
 [90m 4 |[39m [36mimport[39m { enforcePermission } [36mfrom[39m [32m'@/lib/guardian-guard'[39m[33m;[39m
[31m[1m>[22m[39m[90m 5 |[39m [36mimport[39m { [33mSpace[39m[33m,[39m [33mSpaceSchema[39m } [36mfrom[39m [32m'@/lib/schemas/spaces'[39m[33m;[39m
 [90m   |[39m [31m[1m^[22m[39m[31m[1m^[22m[39m[31m[1m^[22m[39m[31m[1m^[22m[39m[31m[1m^[22m[39m[31m[1m^[22m[39m[31m[1m^[22m[39m[31m[1m^[22m[39m[31m[1m^[22m[39m[31m[1m^[22m[39m[31m[1m^[22m[39m[31m[1m^[22m[39m[31m[1m^[22m[39m[31m[1m^[22m[39m[31m[1m^[22m[39m[31m[1m^[22m[39m[31m[1m^[22m[39m[31m[1m^[22m[39m[31m[1m^[22m[39m[31m[1m^[22m[39m[31m[1m^[22m[39m[31m[1m^[22m[39m[31m[1m^[22m[39m[31m[1m^[22m[39m[31m[1m^[22m[39m[31m[1m^[22m[39m[31m[1m^[22m[39m[31m[1m^[22m[39m[31m[1m^[22m[39m[31m[1m^[22m[39m[31m[1m^[22m[39m[31m[1m^[22m[39m[31m[1m^[22m[39m[31m[1m^[22m[39m[31m[1m^[22m[39m[31m[1m^[22m[39m[31m[1m^[22m[39m[31m[1m^[22m[39m[31m[1m^[22m[39m[31m[1m^[22m[39m[31m[1m^[22m[39m[31m[1m^[22m[39m[31m[1m^[22m[39m[31m[1m^[22m[39m[31m[1m^[22m[39m[31m[1m^[22m[39m[31m[1m^[22m[39m[31m[1m^[22m[39m[31m[1m^[22m[39m[31m[1m^[22m[39m[31m[1m^[22m[39m[31m[1m^[22m[39m[31m[1m^[22m[39m[31m[1m^[22m[39m[31m[1m^[22m[39m[31m[1m^[22m[39m[31m[1m^[22m[39m[31m[1m^[22m[39m
 [90m 6 |[39m [36mimport[39m { logEvento } [36mfrom[39m [32m'@/lib/logger'[39m[33m;[39m
 [90m 7 |[39m [36mimport[39m { generateUUID } [36mfrom[39m [32m'@/lib/utils'[39m[33m;[39m
 [90m 8 |[39m [36mimport[39m { [33mObjectId[39m } [36mfrom[39m [32m'mongodb'[39m[33m;[39m[0m

Import map: aliased to relative './src/lib/schemas/spaces' inside of [project]/


https://nextjs.org/docs/messages/module-not-found


./src/app/api/admin/spaces/route.ts:7:1
Module not found: Can't resolve '@/lib/schemas/spaces'
[0m [90m  5 |[39m [36mimport[39m { enforcePermission } [36mfrom[39m [32m'@/lib/guardian-guard'[39m[33m;[39m
 [90m  6 |[39m [36mimport[39m { [33mSpaceService[39m } [36mfrom[39m [32m'@/services/space-service'[39m[33m;[39m
[31m[1m>[22m[39m[90m  7 |[39m [36mimport[39m { [33mSpaceSchema[39m[33m,[39m [33mSpace[39m } [36mfrom[39m [32m'@/lib/schemas/spaces'[39m[33m;[39m
 [90m    |[39m [31m[1m^[22m[39m[31m[1m^[22m[39m[31m[1m^[22m[39m[31m[1m^[22m[39m[31m[1m^[22m[39m[31m[1m^[22m[39m[31m[1m^[22m[39m[31m[1m^[22m[39m[31m[1m^[22m[39m[31m[1m^[22m[39m[31m[1m^[22m[39m[31m[1m^[22m[39m[31m[1m^[22m[39m[31m[1m^[22m[39m[31m[1m^[22m[39m[31m[1m^[22m[39m[31m[1m^[22m[39m[31m[1m^[22m[39m[31m[1m^[22m[39m[31m[1m^[22m[39m[31m[1m^[22m[39m[31m[1m^[22m[39m[31m[1m^[22m[39m[31m[1m^[22m[39m[31m[1m^[22m[39m[31m[1m^[22m[39m[31m[1m^[22m[39m[31m[1m^[22m[39m[31m[1m^[22m[39m[31m[1m^[22m[39m[31m[1m^[22m[39m[31m[1m^[22m[39m[31m[1m^[22m[39m[31m[1m^[22m[39m[31m[1m^[22m[39m[31m[1m^[22m[39m[31m[1m^[22m[39m[31m[1m^[22m[39m[31m[1m^[22m[39m[31m[1m^[22m[39m[31m[1m^[22m[39m[31m[1m^[22m[39m[31m[1m^[22m[39m[31m[1m^[22m[39m[31m[1m^[22m[39m[31m[1m^[22m[39m[31m[1m^[22m[39m[31m[1m^[22m[39m[31m[1m^[22m[39m[31m[1m^[22m[39m[31m[1m^[22m[39m[31m[1m^[22m[39m[31m[1m^[22m[39m[31m[1m^[22m[39m[31m[1m^[22m[39m[31m[1m^[22m[39m[31m[1m^[22m[39m[31m[1m^[22m[39m
 [90m  8 |[39m [36mimport[39m { checkRateLimit[33m,[39m [33mLIMITS[39m } [36mfrom[39m [32m'@/lib/rate-limit'[39m[33m;[39m
 [90m  9 |[39m [36mimport[39m { z } [36mfrom[39m [32m'zod'[39m[33m;[39m
 [90m 10 |[39m [36mimport[39m crypto [36mfrom[39m [32m'crypto'[39m[33m;[39m[0m

Import map: aliased to relative './src/lib/schemas/spaces' inside of [project]/


https://nextjs.org/docs/messages/module-not-found


./src/components/admin/knowledge/CreateSpaceModal.tsx:24:1
Module not found: Can't resolve '@/lib/schemas/spaces'
[0m [90m 22 |[39m [36mimport[39m { [33mSwitch[39m } [36mfrom[39m [32m"@/components/ui/switch"[39m[33m;[39m
 [90m 23 |[39m [36mimport[39m { useApiMutation } [36mfrom[39m [32m"@/hooks/useApiMutation"[39m[33m;[39m
[31m[1m>[22m[39m[90m 24 |[39m [36mimport[39m { [33mSpaceSchema[39m[33m,[39m [33mSpaceType[39m[33m,[39m [33mSpaceVisibility[39m } [36mfrom[39m [32m"@/lib/schemas/spaces"[39m[33m;[39m
 [90m    |[39m [31m[1m^[22m[39m[31m[1m^[22m[39m[31m[1m^[22m[39m[31m[1m^[22m[39m[31m[1m^[22m[39m[31m[1m^[22m[39m[31m[1m^[22m[39m[31m[1m^[22m[39m[31m[1m^[22m[39m[31m[1m^[22m[39m[31m[1m^[22m[39m[31m[1m^[22m[39m[31m[1m^[22m[39m[31m[1m^[22m[39m[31m[1m^[22m[39m[31m[1m^[22m[39m[31m[1m^[22m[39m[31m[1m^[22m[39m[31m[1m^[22m[39m[31m[1m^[22m[39m[31m[1m^[22m[39m[31m[1m^[22m[39m[31m[1m^[22m[39m[31m[1m^[22m[39m[31m[1m^[22m[39m[31m[1m^[22m[39m[31m[1m^[22m[39m[31m[1m^[22m[39m[31m[1m^[22m[39m[31m[1m^[22m[39m[31m[1m^[22m[39m[31m[1m^[22m[39m[31m[1m^[22m[39m[31m[1m^[22m[39m[31m[1m^[22m[39m[31m[1m^[22m[39m[31m[1m^[22m[39m[31m[1m^[22m[39m[31m[1m^[22m[39m[31m[1m^[22m[39m[31m[1m^[22m[39m[31m[1m^[22m[39m[31m[1m^[22m[39m[31m[1m^[22m[39m[31m[1m^[22m[39m[31m[1m^[22m[39m[31m[1m^[22m[39m[31m[1m^[22m[39m[31m[1m^[22m[39m[31m[1m^[22m[39m[31m[1m^[22m[39m[31m[1m^[22m[39m[31m[1m^[22m[39m[31m[1m^[22m[39m[31m[1m^[22m[39m[31m[1m^[22m[39m[31m[1m^[22m[39m[31m[1m^[22m[39m[31m[1m^[22m[39m[31m[1m^[22m[39m[31m[1m^[22m[39m[31m[1m^[22m[39m[31m[1m^[22m[39m[31m[1m^[22m[39m[31m[1m^[22m[39m[31m[1m^[22m[39m[31m[1m^[22m[39m[31m[1m^[22m[39m[31m[1m^[22m[39m[31m[1m^[22m[39m[31m[1m^[22m[39m[31m[1m^[22m[39m[31m[1m^[22m[39m[31m[1m^[22m[39m[31m[1m^[22m[39m[31m[1m^[22m[39m[31m[1m^[22m[39m[31m[1m^[22m[39m[31m[1m^[22m[39m
 [90m 25 |[39m [36mimport[39m { useI18nToast } [36mfrom[39m [32m"@/hooks/use-i18n-toast"[39m[33m;[39m
 [90m 26 |[39m [36mimport[39m { [33mIndustryType[39m } [36mfrom[39m [32m"@/lib/schemas/core"[39m[33m;[39m
 [90m 27 |[39m [36mimport[39m { useTranslations } [36mfrom[39m [32m"next-intl"[39m[33m;[39m[0m

Import map: aliased to relative './src/lib/schemas/spaces' inside of [project]/


Import traces:
  Client Component Browser:
    ./src/components/admin/knowledge/CreateSpaceModal.tsx [Client Component Browser]
    ./src/components/admin/knowledge/SpaceManager.tsx [Client Component Browser]
    ./src/app/(authenticated)/(admin)/admin/knowledge/spaces/page.tsx [Client Component Browser]
    ./src/app/(authenticated)/(admin)/admin/knowledge/spaces/page.tsx [Server Component]

  Client Component SSR:
    ./src/components/admin/knowledge/CreateSpaceModal.tsx [Client Component SSR]
    ./src/components/admin/knowledge/SpaceManager.tsx [Client Component SSR]
    ./src/app/(authenticated)/(admin)/admin/knowledge/spaces/page.tsx [Client Component SSR]
    ./src/app/(authenticated)/(admin)/admin/knowledge/spaces/page.tsx [Server Component]

https://nextjs.org/docs/messages/module-not-found


./src/services/space-invitation-service.ts:2:1
Module not found: Can't resolve '@/lib/schemas/spaces'
[0m [90m 1 |[39m [36mimport[39m { getTenantCollection } [36mfrom[39m [32m"@/lib/db-tenant"[39m[33m;[39m
[31m[1m>[22m[39m[90m 2 |[39m [36mimport[39m { [33mSpaceInvitation[39m[33m,[39m [33mSpaceInvitationSchema[39m } [36mfrom[39m [32m"@/lib/schemas/spaces"[39m[33m;[39m
 [90m   |[39m [31m[1m^[22m[39m[31m[1m^[22m[39m[31m[1m^[22m[39m[31m[1m^[22m[39m[31m[1m^[22m[39m[31m[1m^[22m[39m[31m[1m^[22m[39m[31m[1m^[22m[39m[31m[1m^[22m[39m[31m[1m^[22m[39m[31m[1m^[22m[39m[31m[1m^[22m[39m[31m[1m^[22m[39m[31m[1m^[22m[39m[31m[1m^[22m[39m[31m[1m^[22m[39m[31m[1m^[22m[39m[31m[1m^[22m[39m[31m[1m^[22m[39m[31m[1m^[22m[39m[31m[1m^[22m[39m[31m[1m^[22m[39m[31m[1m^[22m[39m[31m[1m^[22m[39m[31m[1m^[22m[39m[31m[1m^[22m[39m[31m[1m^[22m[39m[31m[1m^[22m[39m[31m[1m^[22m[39m[31m[1m^[22m[39m[31m[1m^[22m[39m[31m[1m^[22m[39m[31m[1m^[22m[39m[31m[1m^[22m[39m[31m[1m^[22m[39m[31m[1m^[22m[39m[31m[1m^[22m[39m[31m[1m^[22m[39m[31m[1m^[22m[39m[31m[1m^[22m[39m[31m[1m^[22m[39m[31m[1m^[22m[39m[31m[1m^[22m[39m[31m[1m^[22m[39m[31m[1m^[22m[39m[31m[1m^[22m[39m[31m[1m^[22m[39m[31m[1m^[22m[39m[31m[1m^[22m[39m[31m[1m^[22m[39m[31m[1m^[22m[39m[31m[1m^[22m[39m[31m[1m^[22m[39m[31m[1m^[22m[39m[31m[1m^[22m[39m[31m[1m^[22m[39m[31m[1m^[22m[39m[31m[1m^[22m[39m[31m[1m^[22m[39m[31m[1m^[22m[39m[31m[1m^[22m[39m[31m[1m^[22m[39m[31m[1m^[22m[39m[31m[1m^[22m[39m[31m[1m^[22m[39m[31m[1m^[22m[39m[31m[1m^[22m[39m[31m[1m^[22m[39m[31m[1m^[22m[39m[31m[1m^[22m[39m[31m[1m^[22m[39m[31m[1m^[22m[39m[31m[1m^[22m[39m[31m[1m^[22m[39m[31m[1m^[22m[39m[31m[1m^[22m[39m[31m[1m^[22m[39m[31m[1m^[22m[39m
 [90m 3 |[39m [36mimport[39m { generateUUID } [36mfrom[39m [32m"@/lib/utils"[39m[33m;[39m
 [90m 4 |[39m [36mimport[39m { [33mAppError[39m } [36mfrom[39m [32m"@/lib/errors"[39m[33m;[39m
 [90m 5 |[39m [36mimport[39m { [33mClientSession[39m[33m,[39m [33mObjectId[39m } [36mfrom[39m [32m"mongodb"[39m[33m;[39m[0m

Import map: aliased to relative './src/lib/schemas/spaces' inside of [project]/


Import trace:
  App Route:
    ./src/services/space-invitation-service.ts
    ./src/app/api/admin/spaces/[id]/invitations/route.ts

https://nextjs.org/docs/messages/module-not-found


./src/services/space-service.ts:3:1
Module not found: Can't resolve '@/lib/schemas/spaces'
[0m [90m 1 |[39m [36mimport[39m { [33mObjectId[39m } [36mfrom[39m [32m'mongodb'[39m[33m;[39m
 [90m 2 |[39m [36mimport[39m { getTenantCollection } [36mfrom[39m [32m'@/lib/db-tenant'[39m[33m;[39m
[31m[1m>[22m[39m[90m 3 |[39m [36mimport[39m { [33mSpace[39m[33m,[39m [33mSpaceSchema[39m } [36mfrom[39m [32m'@/lib/schemas/spaces'[39m[33m;[39m
 [90m   |[39m [31m[1m^[22m[39m[31m[1m^[22m[39m[31m[1m^[22m[39m[31m[1m^[22m[39m[31m[1m^[22m[39m[31m[1m^[22m[39m[31m[1m^[22m[39m[31m[1m^[22m[39m[31m[1m^[22m[39m[31m[1m^[22m[39m[31m[1m^[22m[39m[31m[1m^[22m[39m[31m[1m^[22m[39m[31m[1m^[22m[39m[31m[1m^[22m[39m[31m[1m^[22m[39m[31m[1m^[22m[39m[31m[1m^[22m[39m[31m[1m^[22m[39m[31m[1m^[22m[39m[31m[1m^[22m[39m[31m[1m^[22m[39m[31m[1m^[22m[39m[31m[1m^[22m[39m[31m[1m^[22m[39m[31m[1m^[22m[39m[31m[1m^[22m[39m[31m[1m^[22m[39m[31m[1m^[22m[39m[31m[1m^[22m[39m[31m[1m^[22m[39m[31m[1m^[22m[39m[31m[1m^[22m[39m[31m[1m^[22m[39m[31m[1m^[22m[39m[31m[1m^[22m[39m[31m[1m^[22m[39m[31m[1m^[22m[39m[31m[1m^[22m[39m[31m[1m^[22m[39m[31m[1m^[22m[39m[31m[1m^[22m[39m[31m[1m^[22m[39m[31m[1m^[22m[39m[31m[1m^[22m[39m[31m[1m^[22m[39m[31m[1m^[22m[39m[31m[1m^[22m[39m[31m[1m^[22m[39m[31m[1m^[22m[39m[31m[1m^[22m[39m[31m[1m^[22m[39m[31m[1m^[22m[39m[31m[1m^[22m[39m[31m[1m^[22m[39m[31m[1m^[22m[39m[31m[1m^[22m[39m[31m[1m^[22m[39m
 [90m 4 |[39m [36mimport[39m { [33mLimitsService[39m } [36mfrom[39m [32m'@/lib/limits-service'[39m[33m;[39m
 [90m 5 |[39m [36mimport[39m { [33mAppError[39m[33m,[39m [33mValidationError[39m } [36mfrom[39m [32m'@/lib/errors'[39m[33m;[39m
 [90m 6 |[39m [36mimport[39m { logEvento } [36mfrom[39m [32m'@/lib/logger'[39m[33m;[39m[0m

Import map: aliased to relative './src/lib/schemas/spaces' inside of [project]/


Import traces:
  App Route:
    ./src/services/space-service.ts
    ./src/app/api/admin/spaces/route.ts

  Server Component:
    ./src/services/space-service.ts
    ./src/app/(authenticated)/(admin)/admin/api-keys/page.tsx

https://nextjs.org/docs/messages/module-not-found


./src/lib/services/audit-trail-service.ts:2:1
Module not found: Can't resolve '@/lib/schemas/system'
[0m [90m 1 |[39m [36mimport[39m { getTenantCollection } [36mfrom[39m [32m'@/lib/db-tenant'[39m[33m;[39m
[31m[1m>[22m[39m[90m 2 |[39m [36mimport[39m { [33mAuditTrail[39m[33m,[39m [33mAuditTrailSchema[39m } [36mfrom[39m [32m'@/lib/schemas/system'[39m[33m;[39m
 [90m   |[39m [31m[1m^[22m[39m[31m[1m^[22m[39m[31m[1m^[22m[39m[31m[1m^[22m[39m[31m[1m^[22m[39m[31m[1m^[22m[39m[31m[1m^[22m[39m[31m[1m^[22m[39m[31m[1m^[22m[39m[31m[1m^[22m[39m[31m[1m^[22m[39m[31m[1m^[22m[39m[31m[1m^[22m[39m[31m[1m^[22m[39m[31m[1m^[22m[39m[31m[1m^[22m[39m[31m[1m^[22m[39m[31m[1m^[22m[39m[31m[1m^[22m[39m[31m[1m^[22m[39m[31m[1m^[22m[39m[31m[1m^[22m[39m[31m[1m^[22m[39m[31m[1m^[22m[39m[31m[1m^[22m[39m[31m[1m^[22m[39m[31m[1m^[22m[39m[31m[1m^[22m[39m[31m[1m^[22m[39m[31m[1m^[22m[39m[31m[1m^[22m[39m[31m[1m^[22m[39m[31m[1m^[22m[39m[31m[1m^[22m[39m[31m[1m^[22m[39m[31m[1m^[22m[39m[31m[1m^[22m[39m[31m[1m^[22m[39m[31m[1m^[22m[39m[31m[1m^[22m[39m[31m[1m^[22m[39m[31m[1m^[22m[39m[31m[1m^[22m[39m[31m[1m^[22m[39m[31m[1m^[22m[39m[31m[1m^[22m[39m[31m[1m^[22m[39m[31m[1m^[22m[39m[31m[1m^[22m[39m[31m[1m^[22m[39m[31m[1m^[22m[39m[31m[1m^[22m[39m[31m[1m^[22m[39m[31m[1m^[22m[39m[31m[1m^[22m[39m[31m[1m^[22m[39m[31m[1m^[22m[39m[31m[1m^[22m[39m[31m[1m^[22m[39m[31m[1m^[22m[39m[31m[1m^[22m[39m[31m[1m^[22m[39m[31m[1m^[22m[39m[31m[1m^[22m[39m[31m[1m^[22m[39m[31m[1m^[22m[39m[31m[1m^[22m[39m[31m[1m^[22m[39m
 [90m 3 |[39m [36mimport[39m { logEvento } [36mfrom[39m [32m'@/lib/logger'[39m[33m;[39m
 [90m 4 |[39m [36mimport[39m crypto [36mfrom[39m [32m'crypto'[39m[33m;[39m
 [90m 5 |[39m[0m

Import map: aliased to relative './src/lib/schemas/system' inside of [project]/


Import traces:
  App Route:
    ./src/lib/services/audit-trail-service.ts
    ./src/lib/services/data-lifecycle-service.ts
    ./src/app/api/cron/data-lifecycle/route.ts

  Instrumentation:
    ./src/lib/services/audit-trail-service.ts
    ./src/lib/prompt-service.ts
    ./src/services/graph-extraction-service.ts
    ./src/services/ingest-service.ts
    ./src/lib/workers/ingest-worker.ts
    ./src/instrumentation.ts

  Server Component:
    ./src/lib/services/audit-trail-service.ts
    ./src/lib/prompt-service.ts
    ./src/lib/translation-service.ts
    ./src/i18n/request.ts
    ./node_modules/next-intl/dist/esm/production/server/react-server/getConfig.js
    ./node_modules/next-intl/dist/esm/production/server/react-server/getMessages.js
    ./src/app/layout.tsx

https://nextjs.org/docs/messages/module-not-found


./src/app/api/admin/workflow-definitions/[id]/route.ts:7:1
Module not found: Can't resolve '@/lib/schemas/workflow'
[0m [90m  5 |[39m [36mimport[39m { v4 [36mas[39m uuidv4 } [36mfrom[39m [32m'uuid'[39m[33m;[39m
 [90m  6 |[39m [36mimport[39m { [33mUserRole[39m } [36mfrom[39m [32m'@/types/roles'[39m[33m;[39m
[31m[1m>[22m[39m[90m  7 |[39m [36mimport[39m { [33mWorkflowDefinitionSchema[39m } [36mfrom[39m [32m'@/lib/schemas/workflow'[39m[33m;[39m
 [90m    |[39m [31m[1m^[22m[39m[31m[1m^[22m[39m[31m[1m^[22m[39m[31m[1m^[22m[39m[31m[1m^[22m[39m[31m[1m^[22m[39m[31m[1m^[22m[39m[31m[1m^[22m[39m[31m[1m^[22m[39m[31m[1m^[22m[39m[31m[1m^[22m[39m[31m[1m^[22m[39m[31m[1m^[22m[39m[31m[1m^[22m[39m[31m[1m^[22m[39m[31m[1m^[22m[39m[31m[1m^[22m[39m[31m[1m^[22m[39m[31m[1m^[22m[39m[31m[1m^[22m[39m[31m[1m^[22m[39m[31m[1m^[22m[39m[31m[1m^[22m[39m[31m[1m^[22m[39m[31m[1m^[22m[39m[31m[1m^[22m[39m[31m[1m^[22m[39m[31m[1m^[22m[39m[31m[1m^[22m[39m[31m[1m^[22m[39m[31m[1m^[22m[39m[31m[1m^[22m[39m[31m[1m^[22m[39m[31m[1m^[22m[39m[31m[1m^[22m[39m[31m[1m^[22m[39m[31m[1m^[22m[39m[31m[1m^[22m[39m[31m[1m^[22m[39m[31m[1m^[22m[39m[31m[1m^[22m[39m[31m[1m^[22m[39m[31m[1m^[22m[39m[31m[1m^[22m[39m[31m[1m^[22m[39m[31m[1m^[22m[39m[31m[1m^[22m[39m[31m[1m^[22m[39m[31m[1m^[22m[39m[31m[1m^[22m[39m[31m[1m^[22m[39m[31m[1m^[22m[39m[31m[1m^[22m[39m[31m[1m^[22m[39m[31m[1m^[22m[39m[31m[1m^[22m[39m[31m[1m^[22m[39m[31m[1m^[22m[39m[31m[1m^[22m[39m[31m[1m^[22m[39m[31m[1m^[22m[39m[31m[1m^[22m[39m[31m[1m^[22m[39m[31m[1m^[22m[39m[31m[1m^[22m[39m[31m[1m^[22m[39m
 [90m  8 |[39m
 [90m  9 |[39m [90m/**[39m
 [90m 10 |[39m [90m * API para gestionar una definición de workflow específica.[39m[0m

Import map: aliased to relative './src/lib/schemas/workflow' inside of [project]/


https://nextjs.org/docs/messages/module-not-found


./src/app/api/admin/workflow-definitions/route.ts:7:1
Module not found: Can't resolve '@/lib/schemas/workflow'
[0m [90m  5 |[39m [36mimport[39m { v4 [36mas[39m uuidv4 } [36mfrom[39m [32m'uuid'[39m[33m;[39m
 [90m  6 |[39m [36mimport[39m { [33mUserRole[39m } [36mfrom[39m [32m'@/types/roles'[39m[33m;[39m
[31m[1m>[22m[39m[90m  7 |[39m [36mimport[39m { [33mWorkflowDefinitionSchema[39m } [36mfrom[39m [32m'@/lib/schemas/workflow'[39m[33m;[39m
 [90m    |[39m [31m[1m^[22m[39m[31m[1m^[22m[39m[31m[1m^[22m[39m[31m[1m^[22m[39m[31m[1m^[22m[39m[31m[1m^[22m[39m[31m[1m^[22m[39m[31m[1m^[22m[39m[31m[1m^[22m[39m[31m[1m^[22m[39m[31m[1m^[22m[39m[31m[1m^[22m[39m[31m[1m^[22m[39m[31m[1m^[22m[39m[31m[1m^[22m[39m[31m[1m^[22m[39m[31m[1m^[22m[39m[31m[1m^[22m[39m[31m[1m^[22m[39m[31m[1m^[22m[39m[31m[1m^[22m[39m[31m[1m^[22m[39m[31m[1m^[22m[39m[31m[1m^[22m[39m[31m[1m^[22m[39m[31m[1m^[22m[39m[31m[1m^[22m[39m[31m[1m^[22m[39m[31m[1m^[22m[39m[31m[1m^[22m[39m[31m[1m^[22m[39m[31m[1m^[22m[39m[31m[1m^[22m[39m[31m[1m^[22m[39m[31m[1m^[22m[39m[31m[1m^[22m[39m[31m[1m^[22m[39m[31m[1m^[22m[39m[31m[1m^[22m[39m[31m[1m^[22m[39m[31m[1m^[22m[39m[31m[1m^[22m[39m[31m[1m^[22m[39m[31m[1m^[22m[39m[31m[1m^[22m[39m[31m[1m^[22m[39m[31m[1m^[22m[39m[31m[1m^[22m[39m[31m[1m^[22m[39m[31m[1m^[22m[39m[31m[1m^[22m[39m[31m[1m^[22m[39m[31m[1m^[22m[39m[31m[1m^[22m[39m[31m[1m^[22m[39m[31m[1m^[22m[39m[31m[1m^[22m[39m[31m[1m^[22m[39m[31m[1m^[22m[39m[31m[1m^[22m[39m[31m[1m^[22m[39m[31m[1m^[22m[39m[31m[1m^[22m[39m[31m[1m^[22m[39m[31m[1m^[22m[39m[31m[1m^[22m[39m
 [90m  8 |[39m
 [90m  9 |[39m [90m/**[39m
 [90m 10 |[39m [90m * API para gestionar definiciones de workflow (Phase 70 compliance).[39m[0m

Import map: aliased to relative './src/lib/schemas/workflow' inside of [project]/


https://nextjs.org/docs/messages/module-not-found


./src/app/(authenticated)/(admin)/admin/workshop/orders/new/page.tsx:4:1
Module not found: Can't resolve '@/lib/schemas/workshop'
[0m [90m 2 |[39m
 [90m 3 |[39m [36mimport[39m { useState } [36mfrom[39m [32m'react'[39m[33m;[39m
[31m[1m>[22m[39m[90m 4 |[39m [36mimport[39m { [33mCreateWorkshopOrderSchema[39m[33m,[39m [33mCreateWorkshopOrderFragment[39m } [36mfrom[39m [32m'@/lib/schemas/workshop'[39m[33m;[39m
 [90m   |[39m [31m[1m^[22m[39m[31m[1m^[22m[39m[31m[1m^[22m[39m[31m[1m^[22m[39m[31m[1m^[22m[39m[31m[1m^[22m[39m[31m[1m^[22m[39m[31m[1m^[22m[39m[31m[1m^[22m[39m[31m[1m^[22m[39m[31m[1m^[22m[39m[31m[1m^[22m[39m[31m[1m^[22m[39m[31m[1m^[22m[39m[31m[1m^[22m[39m[31m[1m^[22m[39m[31m[1m^[22m[39m[31m[1m^[22m[39m[31m[1m^[22m[39m[31m[1m^[22m[39m[31m[1m^[22m[39m[31m[1m^[22m[39m[31m[1m^[22m[39m[31m[1m^[22m[39m[31m[1m^[22m[39m[31m[1m^[22m[39m[31m[1m^[22m[39m[31m[1m^[22m[39m[31m[1m^[22m[39m[31m[1m^[22m[39m[31m[1m^[22m[39m[31m[1m^[22m[39m[31m[1m^[22m[39m[31m[1m^[22m[39m[31m[1m^[22m[39m[31m[1m^[22m[39m[31m[1m^[22m[39m[31m[1m^[22m[39m[31m[1m^[22m[39m[31m[1m^[22m[39m[31m[1m^[22m[39m[31m[1m^[22m[39m[31m[1m^[22m[39m[31m[1m^[22m[39m[31m[1m^[22m[39m[31m[1m^[22m[39m[31m[1m^[22m[39m[31m[1m^[22m[39m[31m[1m^[22m[39m[31m[1m^[22m[39m[31m[1m^[22m[39m[31m[1m^[22m[39m[31m[1m^[22m[39m[31m[1m^[22m[39m[31m[1m^[22m[39m[31m[1m^[22m[39m[31m[1m^[22m[39m[31m[1m^[22m[39m[31m[1m^[22m[39m[31m[1m^[22m[39m[31m[1m^[22m[39m[31m[1m^[22m[39m[31m[1m^[22m[39m[31m[1m^[22m[39m[31m[1m^[22m[39m[31m[1m^[22m[39m[31m[1m^[22m[39m[31m[1m^[22m[39m[31m[1m^[22m[39m[31m[1m^[22m[39m[31m[1m^[22m[39m[31m[1m^[22m[39m[31m[1m^[22m[39m[31m[1m^[22m[39m[31m[1m^[22m[39m[31m[1m^[22m[39m[31m[1m^[22m[39m[31m[1m^[22m[39m[31m[1m^[22m[39m[31m[1m^[22m[39m[31m[1m^[22m[39m[31m[1m^[22m[39m[31m[1m^[22m[39m[31m[1m^[22m[39m[31m[1m^[22m[39m[31m[1m^[22m[39m[31m[1m^[22m[39m[31m[1m^[22m[39m[31m[1m^[22m[39m[31m[1m^[22m[39m[31m[1m^[22m[39m[31m[1m^[22m[39m[31m[1m^[22m[39m[31m[1m^[22m[39m[31m[1m^[22m[39m[31m[1m^[22m[39m
 [90m 5 |[39m [36mimport[39m { [33mButton[39m } [36mfrom[39m [32m'@/components/ui/button'[39m[33m;[39m
 [90m 6 |[39m [36mimport[39m { [33mTextarea[39m } [36mfrom[39m [32m'@/components/ui/textarea'[39m[33m;[39m
 [90m 7 |[39m [36mimport[39m { [33mSelect[39m[33m,[39m [33mSelectContent[39m[33m,[39m [33mSelectItem[39m[33m,[39m [33mSelectTrigger[39m[33m,[39m [33mSelectValue[39m } [36mfrom[39m [32m'@/components/ui/select'[39m[33m;[39m[0m

Import map: aliased to relative './src/lib/schemas/workshop' inside of [project]/


Import traces:
  Client Component Browser:
    ./src/app/(authenticated)/(admin)/admin/workshop/orders/new/page.tsx [Client Component Browser]
    ./src/app/(authenticated)/(admin)/admin/workshop/orders/new/page.tsx [Server Component]

  Client Component SSR:
    ./src/app/(authenticated)/(admin)/admin/workshop/orders/new/page.tsx [Client Component SSR]
    ./src/app/(authenticated)/(admin)/admin/workshop/orders/new/page.tsx [Server Component]

https://nextjs.org/docs/messages/module-not-found


./node_modules/@langchain/mongodb/dist/cache.js:1:1
Module not found: Can't resolve '@langchain/core/caches'
[0m[31m[1m>[22m[39m[90m 1 |[39m [36mimport[39m { [33mBaseCache[39m[33m,[39m deserializeStoredGeneration[33m,[39m serializeGeneration } [36mfrom[39m [32m"@langchain/core/caches"[39m[33m;[39m
 [90m   |[39m [31m[1m^[22m[39m[31m[1m^[22m[39m[31m[1m^[22m[39m[31m[1m^[22m[39m[31m[1m^[22m[39m[31m[1m^[22m[39m[31m[1m^[22m[39m[31m[1m^[22m[39m[31m[1m^[22m[39m[31m[1m^[22m[39m[31m[1m^[22m[39m[31m[1m^[22m[39m[31m[1m^[22m[39m[31m[1m^[22m[39m[31m[1m^[22m[39m[31m[1m^[22m[39m[31m[1m^[22m[39m[31m[1m^[22m[39m[31m[1m^[22m[39m[31m[1m^[22m[39m[31m[1m^[22m[39m[31m[1m^[22m[39m[31m[1m^[22m[39m[31m[1m^[22m[39m[31m[1m^[22m[39m[31m[1m^[22m[39m[31m[1m^[22m[39m[31m[1m^[22m[39m[31m[1m^[22m[39m[31m[1m^[22m[39m[31m[1m^[22m[39m[31m[1m^[22m[39m[31m[1m^[22m[39m[31m[1m^[22m[39m[31m[1m^[22m[39m[31m[1m^[22m[39m[31m[1m^[22m[39m[31m[1m^[22m[39m[31m[1m^[22m[39m[31m[1m^[22m[39m[31m[1m^[22m[39m[31m[1m^[22m[39m[31m[1m^[22m[39m[31m[1m^[22m[39m[31m[1m^[22m[39m[31m[1m^[22m[39m[31m[1m^[22m[39m[31m[1m^[22m[39m[31m[1m^[22m[39m[31m[1m^[22m[39m[31m[1m^[22m[39m[31m[1m^[22m[39m[31m[1m^[22m[39m[31m[1m^[22m[39m[31m[1m^[22m[39m[31m[1m^[22m[39m[31m[1m^[22m[39m[31m[1m^[22m[39m[31m[1m^[22m[39m[31m[1m^[22m[39m[31m[1m^[22m[39m[31m[1m^[22m[39m[31m[1m^[22m[39m[31m[1m^[22m[39m[31m[1m^[22m[39m[31m[1m^[22m[39m[31m[1m^[22m[39m[31m[1m^[22m[39m[31m[1m^[22m[39m[31m[1m^[22m[39m[31m[1m^[22m[39m[31m[1m^[22m[39m[31m[1m^[22m[39m[31m[1m^[22m[39m[31m[1m^[22m[39m[31m[1m^[22m[39m[31m[1m^[22m[39m[31m[1m^[22m[39m[31m[1m^[22m[39m[31m[1m^[22m[39m[31m[1m^[22m[39m[31m[1m^[22m[39m[31m[1m^[22m[39m[31m[1m^[22m[39m[31m[1m^[22m[39m[31m[1m^[22m[39m[31m[1m^[22m[39m[31m[1m^[22m[39m[31m[1m^[22m[39m[31m[1m^[22m[39m[31m[1m^[22m[39m[31m[1m^[22m[39m[31m[1m^[22m[39m[31m[1m^[22m[39m[31m[1m^[22m[39m[31m[1m^[22m[39m[31m[1m^[22m[39m[31m[1m^[22m[39m[31m[1m^[22m[39m[31m[1m^[22m[39m[31m[1m^[22m[39m
 [90m 2 |[39m
 [90m 3 |[39m [90m//#region src/cache.ts[39m
 [90m 4 |[39m [36mvar[39m [33mMongoDBCache[39m [33m=[39m [36mclass[39m [36mextends[39m [33mBaseCache[39m {[0m



Import trace:
  App Route:
    ./node_modules/@langchain/mongodb/dist/cache.js
    ./node_modules/@langchain/mongodb/dist/index.js
    ./src/lib/rag-service.ts
    ./src/app/api/entities/[id]/checklist/route.ts

https://nextjs.org/docs/messages/module-not-found


./node_modules/@langchain/langgraph/dist/pregel/messages.js:2:1
Module not found: Can't resolve '@langchain/core/callbacks/base'
[0m [90m 1 |[39m [36mimport[39m { [33mTAG_HIDDEN[39m[33m,[39m [33mTAG_NOSTREAM[39m } [36mfrom[39m [32m"../constants.js"[39m[33m;[39m
[31m[1m>[22m[39m[90m 2 |[39m [36mimport[39m { [33mBaseCallbackHandler[39m } [36mfrom[39m [32m"@langchain/core/callbacks/base"[39m[33m;[39m
 [90m   |[39m [31m[1m^[22m[39m[31m[1m^[22m[39m[31m[1m^[22m[39m[31m[1m^[22m[39m[31m[1m^[22m[39m[31m[1m^[22m[39m[31m[1m^[22m[39m[31m[1m^[22m[39m[31m[1m^[22m[39m[31m[1m^[22m[39m[31m[1m^[22m[39m[31m[1m^[22m[39m[31m[1m^[22m[39m[31m[1m^[22m[39m[31m[1m^[22m[39m[31m[1m^[22m[39m[31m[1m^[22m[39m[31m[1m^[22m[39m[31m[1m^[22m[39m[31m[1m^[22m[39m[31m[1m^[22m[39m[31m[1m^[22m[39m[31m[1m^[22m[39m[31m[1m^[22m[39m[31m[1m^[22m[39m[31m[1m^[22m[39m[31m[1m^[22m[39m[31m[1m^[22m[39m[31m[1m^[22m[39m[31m[1m^[22m[39m[31m[1m^[22m[39m[31m[1m^[22m[39m[31m[1m^[22m[39m[31m[1m^[22m[39m[31m[1m^[22m[39m[31m[1m^[22m[39m[31m[1m^[22m[39m[31m[1m^[22m[39m[31m[1m^[22m[39m[31m[1m^[22m[39m[31m[1m^[22m[39m[31m[1m^[22m[39m[31m[1m^[22m[39m[31m[1m^[22m[39m[31m[1m^[22m[39m[31m[1m^[22m[39m[31m[1m^[22m[39m[31m[1m^[22m[39m[31m[1m^[22m[39m[31m[1m^[22m[39m[31m[1m^[22m[39m[31m[1m^[22m[39m[31m[1m^[22m[39m[31m[1m^[22m[39m[31m[1m^[22m[39m[31m[1m^[22m[39m[31m[1m^[22m[39m[31m[1m^[22m[39m[31m[1m^[22m[39m[31m[1m^[22m[39m[31m[1m^[22m[39m[31m[1m^[22m[39m[31m[1m^[22m[39m[31m[1m^[22m[39m[31m[1m^[22m[39m[31m[1m^[22m[39m[31m[1m^[22m[39m[31m[1m^[22m[39m[31m[1m^[22m[39m
 [90m 3 |[39m [36mimport[39m { [33mAIMessageChunk[39m[33m,[39m isBaseMessage[33m,[39m isBaseMessageChunk[33m,[39m isToolMessage } [36mfrom[39m [32m"@langchain/core/messages"[39m[33m;[39m
 [90m 4 |[39m
 [90m 5 |[39m [90m//#region src/pregel/messages.ts[39m[0m



Import trace:
  App Route:
    ./node_modules/@langchain/langgraph/dist/pregel/messages.js
    ./node_modules/@langchain/langgraph/dist/pregel/index.js
    ./node_modules/@langchain/langgraph/dist/graph/graph.js
    ./node_modules/@langchain/langgraph/dist/index.js
    ./src/lib/langgraph-rag.ts
    ./src/app/api/technical/rag/chat/route.ts

https://nextjs.org/docs/messages/module-not-found


./node_modules/@langchain/mongodb/dist/chat_history.js:1:1
Module not found: Can't resolve '@langchain/core/chat_history'
[0m[31m[1m>[22m[39m[90m 1 |[39m [36mimport[39m { [33mBaseListChatMessageHistory[39m } [36mfrom[39m [32m"@langchain/core/chat_history"[39m[33m;[39m
 [90m   |[39m [31m[1m^[22m[39m[31m[1m^[22m[39m[31m[1m^[22m[39m[31m[1m^[22m[39m[31m[1m^[22m[39m[31m[1m^[22m[39m[31m[1m^[22m[39m[31m[1m^[22m[39m[31m[1m^[22m[39m[31m[1m^[22m[39m[31m[1m^[22m[39m[31m[1m^[22m[39m[31m[1m^[22m[39m[31m[1m^[22m[39m[31m[1m^[22m[39m[31m[1m^[22m[39m[31m[1m^[22m[39m[31m[1m^[22m[39m[31m[1m^[22m[39m[31m[1m^[22m[39m[31m[1m^[22m[39m[31m[1m^[22m[39m[31m[1m^[22m[39m[31m[1m^[22m[39m[31m[1m^[22m[39m[31m[1m^[22m[39m[31m[1m^[22m[39m[31m[1m^[22m[39m[31m[1m^[22m[39m[31m[1m^[22m[39m[31m[1m^[22m[39m[31m[1m^[22m[39m[31m[1m^[22m[39m[31m[1m^[22m[39m[31m[1m^[22m[39m[31m[1m^[22m[39m[31m[1m^[22m[39m[31m[1m^[22m[39m[31m[1m^[22m[39m[31m[1m^[22m[39m[31m[1m^[22m[39m[31m[1m^[22m[39m[31m[1m^[22m[39m[31m[1m^[22m[39m[31m[1m^[22m[39m[31m[1m^[22m[39m[31m[1m^[22m[39m[31m[1m^[22m[39m[31m[1m^[22m[39m[31m[1m^[22m[39m[31m[1m^[22m[39m[31m[1m^[22m[39m[31m[1m^[22m[39m[31m[1m^[22m[39m[31m[1m^[22m[39m[31m[1m^[22m[39m[31m[1m^[22m[39m[31m[1m^[22m[39m[31m[1m^[22m[39m[31m[1m^[22m[39m[31m[1m^[22m[39m[31m[1m^[22m[39m[31m[1m^[22m[39m[31m[1m^[22m[39m[31m[1m^[22m[39m[31m[1m^[22m[39m[31m[1m^[22m[39m[31m[1m^[22m[39m[31m[1m^[22m[39m[31m[1m^[22m[39m[31m[1m^[22m[39m[31m[1m^[22m[39m[31m[1m^[22m[39m[31m[1m^[22m[39m
 [90m 2 |[39m [36mimport[39m { mapChatMessagesToStoredMessages[33m,[39m mapStoredMessagesToChatMessages } [36mfrom[39m [32m"@langchain/core/messages"[39m[33m;[39m
 [90m 3 |[39m
 [90m 4 |[39m [90m//#region src/chat_history.ts[39m[0m



Import trace:
  App Route:
    ./node_modules/@langchain/mongodb/dist/chat_history.js
    ./node_modules/@langchain/mongodb/dist/index.js
    ./src/lib/rag-service.ts
    ./src/app/api/entities/[id]/checklist/route.ts

https://nextjs.org/docs/messages/module-not-found


./node_modules/@langchain/mongodb/dist/vectorstores.js:3:1
Module not found: Can't resolve '@langchain/core/documents'
[0m [90m 1 |[39m [36mimport[39m { [33mVectorStore[39m } [36mfrom[39m [32m"@langchain/core/vectorstores"[39m[33m;[39m
 [90m 2 |[39m [36mimport[39m { chunkArray } [36mfrom[39m [32m"@langchain/core/utils/chunk_array"[39m[33m;[39m
[31m[1m>[22m[39m[90m 3 |[39m [36mimport[39m { [33mDocument[39m } [36mfrom[39m [32m"@langchain/core/documents"[39m[33m;[39m
 [90m   |[39m [31m[1m^[22m[39m[31m[1m^[22m[39m[31m[1m^[22m[39m[31m[1m^[22m[39m[31m[1m^[22m[39m[31m[1m^[22m[39m[31m[1m^[22m[39m[31m[1m^[22m[39m[31m[1m^[22m[39m[31m[1m^[22m[39m[31m[1m^[22m[39m[31m[1m^[22m[39m[31m[1m^[22m[39m[31m[1m^[22m[39m[31m[1m^[22m[39m[31m[1m^[22m[39m[31m[1m^[22m[39m[31m[1m^[22m[39m[31m[1m^[22m[39m[31m[1m^[22m[39m[31m[1m^[22m[39m[31m[1m^[22m[39m[31m[1m^[22m[39m[31m[1m^[22m[39m[31m[1m^[22m[39m[31m[1m^[22m[39m[31m[1m^[22m[39m[31m[1m^[22m[39m[31m[1m^[22m[39m[31m[1m^[22m[39m[31m[1m^[22m[39m[31m[1m^[22m[39m[31m[1m^[22m[39m[31m[1m^[22m[39m[31m[1m^[22m[39m[31m[1m^[22m[39m[31m[1m^[22m[39m[31m[1m^[22m[39m[31m[1m^[22m[39m[31m[1m^[22m[39m[31m[1m^[22m[39m[31m[1m^[22m[39m[31m[1m^[22m[39m[31m[1m^[22m[39m[31m[1m^[22m[39m[31m[1m^[22m[39m[31m[1m^[22m[39m[31m[1m^[22m[39m[31m[1m^[22m[39m[31m[1m^[22m[39m[31m[1m^[22m[39m[31m[1m^[22m[39m[31m[1m^[22m[39m
 [90m 4 |[39m [36mimport[39m { maximalMarginalRelevance } [36mfrom[39m [32m"@langchain/core/utils/math"[39m[33m;[39m
 [90m 5 |[39m [36mimport[39m { [33mAsyncCaller[39m } [36mfrom[39m [32m"@langchain/core/utils/async_caller"[39m[33m;[39m
 [90m 6 |[39m[0m



Import trace:
  App Route:
    ./node_modules/@langchain/mongodb/dist/vectorstores.js
    ./src/lib/rag-service.ts
    ./src/app/api/entities/[id]/checklist/route.ts

https://nextjs.org/docs/messages/module-not-found


./node_modules/@langchain/textsplitters/dist/text_splitter.js:1:1
Module not found: Can't resolve '@langchain/core/documents'
[0m[31m[1m>[22m[39m[90m 1 |[39m [36mimport[39m { [33mBaseDocumentTransformer[39m[33m,[39m [33mDocument[39m } [36mfrom[39m [32m"@langchain/core/documents"[39m[33m;[39m
 [90m   |[39m [31m[1m^[22m[39m[31m[1m^[22m[39m[31m[1m^[22m[39m[31m[1m^[22m[39m[31m[1m^[22m[39m[31m[1m^[22m[39m[31m[1m^[22m[39m[31m[1m^[22m[39m[31m[1m^[22m[39m[31m[1m^[22m[39m[31m[1m^[22m[39m[31m[1m^[22m[39m[31m[1m^[22m[39m[31m[1m^[22m[39m[31m[1m^[22m[39m[31m[1m^[22m[39m[31m[1m^[22m[39m[31m[1m^[22m[39m[31m[1m^[22m[39m[31m[1m^[22m[39m[31m[1m^[22m[39m[31m[1m^[22m[39m[31m[1m^[22m[39m[31m[1m^[22m[39m[31m[1m^[22m[39m[31m[1m^[22m[39m[31m[1m^[22m[39m[31m[1m^[22m[39m[31m[1m^[22m[39m[31m[1m^[22m[39m[31m[1m^[22m[39m[31m[1m^[22m[39m[31m[1m^[22m[39m[31m[1m^[22m[39m[31m[1m^[22m[39m[31m[1m^[22m[39m[31m[1m^[22m[39m[31m[1m^[22m[39m[31m[1m^[22m[39m[31m[1m^[22m[39m[31m[1m^[22m[39m[31m[1m^[22m[39m[31m[1m^[22m[39m[31m[1m^[22m[39m[31m[1m^[22m[39m[31m[1m^[22m[39m[31m[1m^[22m[39m[31m[1m^[22m[39m[31m[1m^[22m[39m[31m[1m^[22m[39m[31m[1m^[22m[39m[31m[1m^[22m[39m[31m[1m^[22m[39m[31m[1m^[22m[39m[31m[1m^[22m[39m[31m[1m^[22m[39m[31m[1m^[22m[39m[31m[1m^[22m[39m[31m[1m^[22m[39m[31m[1m^[22m[39m[31m[1m^[22m[39m[31m[1m^[22m[39m[31m[1m^[22m[39m[31m[1m^[22m[39m[31m[1m^[22m[39m[31m[1m^[22m[39m[31m[1m^[22m[39m[31m[1m^[22m[39m[31m[1m^[22m[39m[31m[1m^[22m[39m[31m[1m^[22m[39m[31m[1m^[22m[39m[31m[1m^[22m[39m[31m[1m^[22m[39m[31m[1m^[22m[39m[31m[1m^[22m[39m[31m[1m^[22m[39m[31m[1m^[22m[39m
 [90m 2 |[39m [36mimport[39m { getEncoding } [36mfrom[39m [32m"@langchain/core/utils/tiktoken"[39m[33m;[39m
 [90m 3 |[39m
 [90m 4 |[39m [90m//#region src/text_splitter.ts[39m[0m



Import trace:
  App Route:
    ./node_modules/@langchain/textsplitters/dist/text_splitter.js
    ./src/lib/chunk-utils.ts
    ./src/app/api/v1/documents/ingest/route.ts

https://nextjs.org/docs/messages/module-not-found


./node_modules/@langchain/google-genai/dist/embeddings.js:3:1
Module not found: Can't resolve '@langchain/core/embeddings'
[0m [90m 1 |[39m [36mimport[39m { [33mGoogleGenerativeAI[39m } [36mfrom[39m [32m"@google/generative-ai"[39m[33m;[39m
 [90m 2 |[39m [36mimport[39m { getEnvironmentVariable } [36mfrom[39m [32m"@langchain/core/utils/env"[39m[33m;[39m
[31m[1m>[22m[39m[90m 3 |[39m [36mimport[39m { [33mEmbeddings[39m } [36mfrom[39m [32m"@langchain/core/embeddings"[39m[33m;[39m
 [90m   |[39m [31m[1m^[22m[39m[31m[1m^[22m[39m[31m[1m^[22m[39m[31m[1m^[22m[39m[31m[1m^[22m[39m[31m[1m^[22m[39m[31m[1m^[22m[39m[31m[1m^[22m[39m[31m[1m^[22m[39m[31m[1m^[22m[39m[31m[1m^[22m[39m[31m[1m^[22m[39m[31m[1m^[22m[39m[31m[1m^[22m[39m[31m[1m^[22m[39m[31m[1m^[22m[39m[31m[1m^[22m[39m[31m[1m^[22m[39m[31m[1m^[22m[39m[31m[1m^[22m[39m[31m[1m^[22m[39m[31m[1m^[22m[39m[31m[1m^[22m[39m[31m[1m^[22m[39m[31m[1m^[22m[39m[31m[1m^[22m[39m[31m[1m^[22m[39m[31m[1m^[22m[39m[31m[1m^[22m[39m[31m[1m^[22m[39m[31m[1m^[22m[39m[31m[1m^[22m[39m[31m[1m^[22m[39m[31m[1m^[22m[39m[31m[1m^[22m[39m[31m[1m^[22m[39m[31m[1m^[22m[39m[31m[1m^[22m[39m[31m[1m^[22m[39m[31m[1m^[22m[39m[31m[1m^[22m[39m[31m[1m^[22m[39m[31m[1m^[22m[39m[31m[1m^[22m[39m[31m[1m^[22m[39m[31m[1m^[22m[39m[31m[1m^[22m[39m[31m[1m^[22m[39m[31m[1m^[22m[39m[31m[1m^[22m[39m[31m[1m^[22m[39m[31m[1m^[22m[39m[31m[1m^[22m[39m[31m[1m^[22m[39m[31m[1m^[22m[39m[31m[1m^[22m[39m
 [90m 4 |[39m [36mimport[39m { chunkArray } [36mfrom[39m [32m"@langchain/core/utils/chunk_array"[39m[33m;[39m
 [90m 5 |[39m
 [90m 6 |[39m [90m//#region src/embeddings.ts[39m[0m



Import trace:
  App Route:
    ./node_modules/@langchain/google-genai/dist/embeddings.js
    ./src/lib/rag-service.ts
    ./src/app/api/entities/[id]/checklist/route.ts

https://nextjs.org/docs/messages/module-not-found


./node_modules/@langchain/google-genai/dist/utils/common.js:5:1
Module not found: Can't resolve '@langchain/core/language_models/base'
[0m [90m 3 |[39m [36mimport[39m { [33mChatGenerationChunk[39m } [36mfrom[39m [32m"@langchain/core/outputs"[39m[33m;[39m
 [90m 4 |[39m [36mimport[39m { isLangChainTool } [36mfrom[39m [32m"@langchain/core/utils/function_calling"[39m[33m;[39m
[31m[1m>[22m[39m[90m 5 |[39m [36mimport[39m { isOpenAITool } [36mfrom[39m [32m"@langchain/core/language_models/base"[39m[33m;[39m
 [90m   |[39m [31m[1m^[22m[39m[31m[1m^[22m[39m[31m[1m^[22m[39m[31m[1m^[22m[39m[31m[1m^[22m[39m[31m[1m^[22m[39m[31m[1m^[22m[39m[31m[1m^[22m[39m[31m[1m^[22m[39m[31m[1m^[22m[39m[31m[1m^[22m[39m[31m[1m^[22m[39m[31m[1m^[22m[39m[31m[1m^[22m[39m[31m[1m^[22m[39m[31m[1m^[22m[39m[31m[1m^[22m[39m[31m[1m^[22m[39m[31m[1m^[22m[39m[31m[1m^[22m[39m[31m[1m^[22m[39m[31m[1m^[22m[39m[31m[1m^[22m[39m[31m[1m^[22m[39m[31m[1m^[22m[39m[31m[1m^[22m[39m[31m[1m^[22m[39m[31m[1m^[22m[39m[31m[1m^[22m[39m[31m[1m^[22m[39m[31m[1m^[22m[39m[31m[1m^[22m[39m[31m[1m^[22m[39m[31m[1m^[22m[39m[31m[1m^[22m[39m[31m[1m^[22m[39m[31m[1m^[22m[39m[31m[1m^[22m[39m[31m[1m^[22m[39m[31m[1m^[22m[39m[31m[1m^[22m[39m[31m[1m^[22m[39m[31m[1m^[22m[39m[31m[1m^[22m[39m[31m[1m^[22m[39m[31m[1m^[22m[39m[31m[1m^[22m[39m[31m[1m^[22m[39m[31m[1m^[22m[39m[31m[1m^[22m[39m[31m[1m^[22m[39m[31m[1m^[22m[39m[31m[1m^[22m[39m[31m[1m^[22m[39m[31m[1m^[22m[39m[31m[1m^[22m[39m[31m[1m^[22m[39m[31m[1m^[22m[39m[31m[1m^[22m[39m[31m[1m^[22m[39m[31m[1m^[22m[39m[31m[1m^[22m[39m[31m[1m^[22m[39m[31m[1m^[22m[39m[31m[1m^[22m[39m[31m[1m^[22m[39m[31m[1m^[22m[39m[31m[1m^[22m[39m
 [90m 6 |[39m [36mimport[39m { v4 } [36mfrom[39m [32m"uuid"[39m[33m;[39m
 [90m 7 |[39m
 [90m 8 |[39m [90m//#region src/utils/common.ts[39m[0m



Import trace:
  App Route:
    ./node_modules/@langchain/google-genai/dist/utils/common.js
    ./node_modules/@langchain/google-genai/dist/chat_models.js
    ./node_modules/@langchain/google-genai/dist/index.js
    ./src/lib/rag-service.ts
    ./src/app/api/entities/[id]/checklist/route.ts

https://nextjs.org/docs/messages/module-not-found


./node_modules/@langchain/google-genai/dist/utils/tools.js:5:1
Module not found: Can't resolve '@langchain/core/language_models/base'
[0m [90m 3 |[39m [36mimport[39m { [33mFunctionCallingMode[39m } [36mfrom[39m [32m"@google/generative-ai"[39m[33m;[39m
 [90m 4 |[39m [36mimport[39m { isLangChainTool } [36mfrom[39m [32m"@langchain/core/utils/function_calling"[39m[33m;[39m
[31m[1m>[22m[39m[90m 5 |[39m [36mimport[39m { isOpenAITool } [36mfrom[39m [32m"@langchain/core/language_models/base"[39m[33m;[39m
 [90m   |[39m [31m[1m^[22m[39m[31m[1m^[22m[39m[31m[1m^[22m[39m[31m[1m^[22m[39m[31m[1m^[22m[39m[31m[1m^[22m[39m[31m[1m^[22m[39m[31m[1m^[22m[39m[31m[1m^[22m[39m[31m[1m^[22m[39m[31m[1m^[22m[39m[31m[1m^[22m[39m[31m[1m^[22m[39m[31m[1m^[22m[39m[31m[1m^[22m[39m[31m[1m^[22m[39m[31m[1m^[22m[39m[31m[1m^[22m[39m[31m[1m^[22m[39m[31m[1m^[22m[39m[31m[1m^[22m[39m[31m[1m^[22m[39m[31m[1m^[22m[39m[31m[1m^[22m[39m[31m[1m^[22m[39m[31m[1m^[22m[39m[31m[1m^[22m[39m[31m[1m^[22m[39m[31m[1m^[22m[39m[31m[1m^[22m[39m[31m[1m^[22m[39m[31m[1m^[22m[39m[31m[1m^[22m[39m[31m[1m^[22m[39m[31m[1m^[22m[39m[31m[1m^[22m[39m[31m[1m^[22m[39m[31m[1m^[22m[39m[31m[1m^[22m[39m[31m[1m^[22m[39m[31m[1m^[22m[39m[31m[1m^[22m[39m[31m[1m^[22m[39m[31m[1m^[22m[39m[31m[1m^[22m[39m[31m[1m^[22m[39m[31m[1m^[22m[39m[31m[1m^[22m[39m[31m[1m^[22m[39m[31m[1m^[22m[39m[31m[1m^[22m[39m[31m[1m^[22m[39m[31m[1m^[22m[39m[31m[1m^[22m[39m[31m[1m^[22m[39m[31m[1m^[22m[39m[31m[1m^[22m[39m[31m[1m^[22m[39m[31m[1m^[22m[39m[31m[1m^[22m[39m[31m[1m^[22m[39m[31m[1m^[22m[39m[31m[1m^[22m[39m[31m[1m^[22m[39m[31m[1m^[22m[39m[31m[1m^[22m[39m[31m[1m^[22m[39m[31m[1m^[22m[39m
 [90m 6 |[39m
 [90m 7 |[39m [90m//#region src/utils/tools.ts[39m
 [90m 8 |[39m [36mfunction[39m convertToolsToGenAI(tools[33m,[39m extra) {[0m



Import trace:
  App Route:
    ./node_modules/@langchain/google-genai/dist/utils/tools.js
    ./node_modules/@langchain/google-genai/dist/chat_models.js
    ./node_modules/@langchain/google-genai/dist/index.js
    ./src/lib/rag-service.ts
    ./src/app/api/entities/[id]/checklist/route.ts

https://nextjs.org/docs/messages/module-not-found


./node_modules/@langchain/google-genai/dist/chat_models.js:8:1
Module not found: Can't resolve '@langchain/core/language_models/chat_models'
[0m [90m  6 |[39m [36mimport[39m { [33mGoogleGenerativeAI[39m } [36mfrom[39m [32m"@google/generative-ai"[39m[33m;[39m
 [90m  7 |[39m [36mimport[39m { getEnvironmentVariable } [36mfrom[39m [32m"@langchain/core/utils/env"[39m[33m;[39m
[31m[1m>[22m[39m[90m  8 |[39m [36mimport[39m { [33mBaseChatModel[39m } [36mfrom[39m [32m"@langchain/core/language_models/chat_models"[39m[33m;[39m
 [90m    |[39m [31m[1m^[22m[39m[31m[1m^[22m[39m[31m[1m^[22m[39m[31m[1m^[22m[39m[31m[1m^[22m[39m[31m[1m^[22m[39m[31m[1m^[22m[39m[31m[1m^[22m[39m[31m[1m^[22m[39m[31m[1m^[22m[39m[31m[1m^[22m[39m[31m[1m^[22m[39m[31m[1m^[22m[39m[31m[1m^[22m[39m[31m[1m^[22m[39m[31m[1m^[22m[39m[31m[1m^[22m[39m[31m[1m^[22m[39m[31m[1m^[22m[39m[31m[1m^[22m[39m[31m[1m^[22m[39m[31m[1m^[22m[39m[31m[1m^[22m[39m[31m[1m^[22m[39m[31m[1m^[22m[39m[31m[1m^[22m[39m[31m[1m^[22m[39m[31m[1m^[22m[39m[31m[1m^[22m[39m[31m[1m^[22m[39m[31m[1m^[22m[39m[31m[1m^[22m[39m[31m[1m^[22m[39m[31m[1m^[22m[39m[31m[1m^[22m[39m[31m[1m^[22m[39m[31m[1m^[22m[39m[31m[1m^[22m[39m[31m[1m^[22m[39m[31m[1m^[22m[39m[31m[1m^[22m[39m[31m[1m^[22m[39m[31m[1m^[22m[39m[31m[1m^[22m[39m[31m[1m^[22m[39m[31m[1m^[22m[39m[31m[1m^[22m[39m[31m[1m^[22m[39m[31m[1m^[22m[39m[31m[1m^[22m[39m[31m[1m^[22m[39m[31m[1m^[22m[39m[31m[1m^[22m[39m[31m[1m^[22m[39m[31m[1m^[22m[39m[31m[1m^[22m[39m[31m[1m^[22m[39m[31m[1m^[22m[39m[31m[1m^[22m[39m[31m[1m^[22m[39m[31m[1m^[22m[39m[31m[1m^[22m[39m[31m[1m^[22m[39m[31m[1m^[22m[39m[31m[1m^[22m[39m[31m[1m^[22m[39m[31m[1m^[22m[39m[31m[1m^[22m[39m[31m[1m^[22m[39m[31m[1m^[22m[39m[31m[1m^[22m[39m[31m[1m^[22m[39m[31m[1m^[22m[39m[31m[1m^[22m[39m[31m[1m^[22m[39m[31m[1m^[22m[39m
 [90m  9 |[39m [36mimport[39m { [33mRunnablePassthrough[39m[33m,[39m [33mRunnableSequence[39m } [36mfrom[39m [32m"@langchain/core/runnables"[39m[33m;[39m
 [90m 10 |[39m [36mimport[39m { isInteropZodSchema } [36mfrom[39m [32m"@langchain/core/utils/types"[39m[33m;[39m
 [90m 11 |[39m [36mimport[39m { [33mJsonOutputParser[39m } [36mfrom[39m [32m"@langchain/core/output_parsers"[39m[33m;[39m[0m



Import trace:
  App Route:
    ./node_modules/@langchain/google-genai/dist/chat_models.js
    ./node_modules/@langchain/google-genai/dist/index.js
    ./src/lib/rag-service.ts
    ./src/app/api/entities/[id]/checklist/route.ts

https://nextjs.org/docs/messages/module-not-found


./node_modules/@langchain/langgraph-checkpoint/dist/serde/jsonplus.js:2:1
Module not found: Can't resolve '@langchain/core/load'
[0m [90m 1 |[39m [36mimport[39m { stringify } [36mfrom[39m [32m"./utils/fast-safe-stringify/index.js"[39m[33m;[39m
[31m[1m>[22m[39m[90m 2 |[39m [36mimport[39m { load } [36mfrom[39m [32m"@langchain/core/load"[39m[33m;[39m
 [90m   |[39m [31m[1m^[22m[39m[31m[1m^[22m[39m[31m[1m^[22m[39m[31m[1m^[22m[39m[31m[1m^[22m[39m[31m[1m^[22m[39m[31m[1m^[22m[39m[31m[1m^[22m[39m[31m[1m^[22m[39m[31m[1m^[22m[39m[31m[1m^[22m[39m[31m[1m^[22m[39m[31m[1m^[22m[39m[31m[1m^[22m[39m[31m[1m^[22m[39m[31m[1m^[22m[39m[31m[1m^[22m[39m[31m[1m^[22m[39m[31m[1m^[22m[39m[31m[1m^[22m[39m[31m[1m^[22m[39m[31m[1m^[22m[39m[31m[1m^[22m[39m[31m[1m^[22m[39m[31m[1m^[22m[39m[31m[1m^[22m[39m[31m[1m^[22m[39m[31m[1m^[22m[39m[31m[1m^[22m[39m[31m[1m^[22m[39m[31m[1m^[22m[39m[31m[1m^[22m[39m[31m[1m^[22m[39m[31m[1m^[22m[39m[31m[1m^[22m[39m[31m[1m^[22m[39m[31m[1m^[22m[39m[31m[1m^[22m[39m[31m[1m^[22m[39m[31m[1m^[22m[39m[31m[1m^[22m[39m[31m[1m^[22m[39m[31m[1m^[22m[39m[31m[1m^[22m[39m
 [90m 3 |[39m
 [90m 4 |[39m [90m//#region src/serde/jsonplus.ts[39m
 [90m 5 |[39m [36mfunction[39m isLangChainSerializedObject(value) {[0m



Import trace:
  App Route:
    ./node_modules/@langchain/langgraph-checkpoint/dist/serde/jsonplus.js
    ./node_modules/@langchain/langgraph-checkpoint/dist/base.js
    ./node_modules/@langchain/langgraph/dist/index.js
    ./src/lib/langgraph-rag.ts
    ./src/app/api/technical/rag/chat/route.ts

https://nextjs.org/docs/messages/module-not-found


./node_modules/@langchain/google-genai/dist/utils/common.js:2:1
Module not found: Can't resolve '@langchain/core/messages'
[0m [90m 1 |[39m [36mimport[39m { jsonSchemaToGeminiParameters[33m,[39m schemaToGenerativeAIParameters } [36mfrom[39m [32m"./zod_to_genai_parameters.js"[39m[33m;[39m
[31m[1m>[22m[39m[90m 2 |[39m [36mimport[39m { [33mAIMessage[39m[33m,[39m [33mAIMessageChunk[39m[33m,[39m [33mChatMessage[39m[33m,[39m convertToProviderContentBlock[33m,[39m isAIMessage[33m,[39m isBaseMessage[33m,[39m isDataContentBlock[33m,[39m isToolMessage[33m,[39m parseBase64DataUrl } [36mfrom[39m [32m"@langchain/core/messages"[39m[33m;[39m
 [90m   |[39m [31m[1m^[22m[39m[31m[1m^[22m[39m[31m[1m^[22m[39m[31m[1m^[22m[39m[31m[1m^[22m[39m[31m[1m^[22m[39m[31m[1m^[22m[39m[31m[1m^[22m[39m[31m[1m^[22m[39m[31m[1m^[22m[39m[31m[1m^[22m[39m[31m[1m^[22m[39m[31m[1m^[22m[39m[31m[1m^[22m[39m[31m[1m^[22m[39m[31m[1m^[22m[39m[31m[1m^[22m[39m[31m[1m^[22m[39m[31m[1m^[22m[39m[31m[1m^[22m[39m[31m[1m^[22m[39m[31m[1m^[22m[39m[31m[1m^[22m[39m[31m[1m^[22m[39m[31m[1m^[22m[39m[31m[1m^[22m[39m[31m[1m^[22m[39m[31m[1m^[22m[39m[31m[1m^[22m[39m[31m[1m^[22m[39m[31m[1m^[22m[39m[31m[1m^[22m[39m[31m[1m^[22m[39m[31m[1m^[22m[39m[31m[1m^[22m[39m[31m[1m^[22m[39m[31m[1m^[22m[39m[31m[1m^[22m[39m[31m[1m^[22m[39m[31m[1m^[22m[39m[31m[1m^[22m[39m[31m[1m^[22m[39m[31m[1m^[22m[39m[31m[1m^[22m[39m[31m[1m^[22m[39m[31m[1m^[22m[39m[31m[1m^[22m[39m[31m[1m^[22m[39m[31m[1m^[22m[39m[31m[1m^[22m[39m[31m[1m^[22m[39m[31m[1m^[22m[39m[31m[1m^[22m[39m[31m[1m^[22m[39m[31m[1m^[22m[39m[31m[1m^[22m[39m[31m[1m^[22m[39m[31m[1m^[22m[39m[31m[1m^[22m[39m[31m[1m^[22m[39m[31m[1m^[22m[39m[31m[1m^[22m[39m[31m[1m^[22m[39m[31m[1m^[22m[39m[31m[1m^[22m[39m[31m[1m^[22m[39m[31m[1m^[22m[39m[31m[1m^[22m[39m[31m[1m^[22m[39m[31m[1m^[22m[39m[31m[1m^[22m[39m[31m[1m^[22m[39m[31m[1m^[22m[39m[31m[1m^[22m[39m[31m[1m^[22m[39m[31m[1m^[22m[39m[31m[1m^[22m[39m[31m[1m^[22m[39m[31m[1m^[22m[39m[31m[1m^[22m[39m[31m[1m^[22m[39m[31m[1m^[22m[39m[31m[1m^[22m[39m[31m[1m^[22m[39m[31m[1m^[22m[39m[31m[1m^[22m[39m[31m[1m^[22m[39m[31m[1m^[22m[39m[31m[1m^[22m[39m[31m[1m^[22m[39m[31m[1m^[22m[39m[31m[1m^[22m[39m[31m[1m^[22m[39m[31m[1m^[22m[39m[31m[1m^[22m[39m[31m[1m^[22m[39m[31m[1m^[22m[39m[31m[1m^[22m[39m[31m[1m^[22m[39m[31m[1m^[22m[39m[31m[1m^[22m[39m[31m[1m^[22m[39m[31m[1m^[22m[39m[31m[1m^[22m[39m[31m[1m^[22m[39m[31m[1m^[22m[39m[31m[1m^[22m[39m[31m[1m^[22m[39m[31m[1m^[22m[39m[31m[1m^[22m[39m[31m[1m^[22m[39m[31m[1m^[22m[39m[31m[1m^[22m[39m[31m[1m^[22m[39m[31m[1m^[22m[39m[31m[1m^[22m[39m[31m[1m^[22m[39m[31m[1m^[22m[39m[31m[1m^[22m[39m[31m[1m^[22m[39m[31m[1m^[22m[39m[31m[1m^[22m[39m[31m[1m^[22m[39m[31m[1m^[22m[39m[31m[1m^[22m[39m[31m[1m^[22m[39m[31m[1m^[22m[39m[31m[1m^[22m[39m[31m[1m^[22m[39m[31m[1m^[22m[39m[31m[1m^[22m[39m[31m[1m^[22m[39m[31m[1m^[22m[39m[31m[1m^[22m[39m[31m[1m^[22m[39m[31m[1m^[22m[39m[31m[1m^[22m[39m[31m[1m^[22m[39m[31m[1m^[22m[39m[31m[1m^[22m[39m[31m[1m^[22m[39m[31m[1m^[22m[39m[31m[1m^[22m[39m[31m[1m^[22m[39m[31m[1m^[22m[39m[31m[1m^[22m[39m[31m[1m^[22m[39m[31m[1m^[22m[39m[31m[1m^[22m[39m[31m[1m^[22m[39m[31m[1m^[22m[39m[31m[1m^[22m[39m[31m[1m^[22m[39m[31m[1m^[22m[39m[31m[1m^[22m[39m[31m[1m^[22m[39m[31m[1m^[22m[39m[31m[1m^[22m[39m[31m[1m^[22m[39m[31m[1m^[22m[39m[31m[1m^[22m[39m[31m[1m^[22m[39m[31m[1m^[22m[39m[31m[1m^[22m[39m[31m[1m^[22m[39m[31m[1m^[22m[39m[31m[1m^[22m[39m[31m[1m^[22m[39m[31m[1m^[22m[39m[31m[1m^[22m[39m[31m[1m^[22m[39m[31m[1m^[22m[39m[31m[1m^[22m[39m[31m[1m^[22m[39m[31m[1m^[22m[39m[31m[1m^[22m[39m[31m[1m^[22m[39m[31m[1m^[22m[39m[31m[1m^[22m[39m[31m[1m^[22m[39m[31m[1m^[22m[39m[31m[1m^[22m[39m[31m[1m^[22m[39m[31m[1m^[22m[39m[31m[1m^[22m[39m[31m[1m^[22m[39m[31m[1m^[22m[39m[31m[1m^[22m[39m[31m[1m^[22m[39m[31m[1m^[22m[39m[31m[1m^[22m[39m[31m[1m^[22m[39m[31m[1m^[22m[39m[31m[1m^[22m[39m[31m[1m^[22m[39m[31m[1m^[22m[39m
 [90m 3 |[39m [36mimport[39m { [33mChatGenerationChunk[39m } [36mfrom[39m [32m"@langchain/core/outputs"[39m[33m;[39m
 [90m 4 |[39m [36mimport[39m { isLangChainTool } [36mfrom[39m [32m"@langchain/core/utils/function_calling"[39m[33m;[39m
 [90m 5 |[39m [36mimport[39m { isOpenAITool } [36mfrom[39m [32m"@langchain/core/language_models/base"[39m[33m;[39m[0m



Import trace:
  App Route:
    ./node_modules/@langchain/google-genai/dist/utils/common.js
    ./node_modules/@langchain/google-genai/dist/chat_models.js
    ./node_modules/@langchain/google-genai/dist/index.js
    ./src/lib/rag-service.ts
    ./src/app/api/entities/[id]/checklist/route.ts

https://nextjs.org/docs/messages/module-not-found


./node_modules/@langchain/langgraph/dist/graph/message.js:4:1
Module not found: Can't resolve '@langchain/core/messages'
[0m [90m 2 |[39m [36mimport[39m { messagesStateReducer } [36mfrom[39m [32m"./messages_reducer.js"[39m[33m;[39m
 [90m 3 |[39m [36mimport[39m { [33mStateGraph[39m } [36mfrom[39m [32m"./state.js"[39m[33m;[39m
[31m[1m>[22m[39m[90m 4 |[39m [36mimport[39m { coerceMessageLikeToMessage } [36mfrom[39m [32m"@langchain/core/messages"[39m[33m;[39m
 [90m   |[39m [31m[1m^[22m[39m[31m[1m^[22m[39m[31m[1m^[22m[39m[31m[1m^[22m[39m[31m[1m^[22m[39m[31m[1m^[22m[39m[31m[1m^[22m[39m[31m[1m^[22m[39m[31m[1m^[22m[39m[31m[1m^[22m[39m[31m[1m^[22m[39m[31m[1m^[22m[39m[31m[1m^[22m[39m[31m[1m^[22m[39m[31m[1m^[22m[39m[31m[1m^[22m[39m[31m[1m^[22m[39m[31m[1m^[22m[39m[31m[1m^[22m[39m[31m[1m^[22m[39m[31m[1m^[22m[39m[31m[1m^[22m[39m[31m[1m^[22m[39m[31m[1m^[22m[39m[31m[1m^[22m[39m[31m[1m^[22m[39m[31m[1m^[22m[39m[31m[1m^[22m[39m[31m[1m^[22m[39m[31m[1m^[22m[39m[31m[1m^[22m[39m[31m[1m^[22m[39m[31m[1m^[22m[39m[31m[1m^[22m[39m[31m[1m^[22m[39m[31m[1m^[22m[39m[31m[1m^[22m[39m[31m[1m^[22m[39m[31m[1m^[22m[39m[31m[1m^[22m[39m[31m[1m^[22m[39m[31m[1m^[22m[39m[31m[1m^[22m[39m[31m[1m^[22m[39m[31m[1m^[22m[39m[31m[1m^[22m[39m[31m[1m^[22m[39m[31m[1m^[22m[39m[31m[1m^[22m[39m[31m[1m^[22m[39m[31m[1m^[22m[39m[31m[1m^[22m[39m[31m[1m^[22m[39m[31m[1m^[22m[39m[31m[1m^[22m[39m[31m[1m^[22m[39m[31m[1m^[22m[39m[31m[1m^[22m[39m[31m[1m^[22m[39m[31m[1m^[22m[39m[31m[1m^[22m[39m[31m[1m^[22m[39m[31m[1m^[22m[39m[31m[1m^[22m[39m[31m[1m^[22m[39m[31m[1m^[22m[39m[31m[1m^[22m[39m[31m[1m^[22m[39m[31m[1m^[22m[39m[31m[1m^[22m[39m
 [90m 5 |[39m
 [90m 6 |[39m [90m//#region src/graph/message.ts[39m
 [90m 7 |[39m [90m/** @ignore */[39m[0m



Import trace:
  App Route:
    ./node_modules/@langchain/langgraph/dist/graph/message.js
    ./node_modules/@langchain/langgraph/dist/index.js
    ./src/lib/langgraph-rag.ts
    ./src/app/api/technical/rag/chat/route.ts

https://nextjs.org/docs/messages/module-not-found


./node_modules/@langchain/langgraph/dist/graph/messages_reducer.js:2:1
Module not found: Can't resolve '@langchain/core/messages'
[0m [90m 1 |[39m [36mimport[39m { v4 } [36mfrom[39m [32m"uuid"[39m[33m;[39m
[31m[1m>[22m[39m[90m 2 |[39m [36mimport[39m { [33mRemoveMessage[39m[33m,[39m coerceMessageLikeToMessage } [36mfrom[39m [32m"@langchain/core/messages"[39m[33m;[39m
 [90m   |[39m [31m[1m^[22m[39m[31m[1m^[22m[39m[31m[1m^[22m[39m[31m[1m^[22m[39m[31m[1m^[22m[39m[31m[1m^[22m[39m[31m[1m^[22m[39m[31m[1m^[22m[39m[31m[1m^[22m[39m[31m[1m^[22m[39m[31m[1m^[22m[39m[31m[1m^[22m[39m[31m[1m^[22m[39m[31m[1m^[22m[39m[31m[1m^[22m[39m[31m[1m^[22m[39m[31m[1m^[22m[39m[31m[1m^[22m[39m[31m[1m^[22m[39m[31m[1m^[22m[39m[31m[1m^[22m[39m[31m[1m^[22m[39m[31m[1m^[22m[39m[31m[1m^[22m[39m[31m[1m^[22m[39m[31m[1m^[22m[39m[31m[1m^[22m[39m[31m[1m^[22m[39m[31m[1m^[22m[39m[31m[1m^[22m[39m[31m[1m^[22m[39m[31m[1m^[22m[39m[31m[1m^[22m[39m[31m[1m^[22m[39m[31m[1m^[22m[39m[31m[1m^[22m[39m[31m[1m^[22m[39m[31m[1m^[22m[39m[31m[1m^[22m[39m[31m[1m^[22m[39m[31m[1m^[22m[39m[31m[1m^[22m[39m[31m[1m^[22m[39m[31m[1m^[22m[39m[31m[1m^[22m[39m[31m[1m^[22m[39m[31m[1m^[22m[39m[31m[1m^[22m[39m[31m[1m^[22m[39m[31m[1m^[22m[39m[31m[1m^[22m[39m[31m[1m^[22m[39m[31m[1m^[22m[39m[31m[1m^[22m[39m[31m[1m^[22m[39m[31m[1m^[22m[39m[31m[1m^[22m[39m[31m[1m^[22m[39m[31m[1m^[22m[39m[31m[1m^[22m[39m[31m[1m^[22m[39m[31m[1m^[22m[39m[31m[1m^[22m[39m[31m[1m^[22m[39m[31m[1m^[22m[39m[31m[1m^[22m[39m[31m[1m^[22m[39m[31m[1m^[22m[39m[31m[1m^[22m[39m[31m[1m^[22m[39m[31m[1m^[22m[39m[31m[1m^[22m[39m[31m[1m^[22m[39m[31m[1m^[22m[39m[31m[1m^[22m[39m[31m[1m^[22m[39m[31m[1m^[22m[39m[31m[1m^[22m[39m[31m[1m^[22m[39m[31m[1m^[22m[39m[31m[1m^[22m[39m[31m[1m^[22m[39m[31m[1m^[22m[39m[31m[1m^[22m[39m[31m[1m^[22m[39m
 [90m 3 |[39m
 [90m 4 |[39m [90m//#region src/graph/messages_reducer.ts[39m
 [90m 5 |[39m [90m/**[39m[0m



Import trace:
  App Route:
    ./node_modules/@langchain/langgraph/dist/graph/messages_reducer.js
    ./node_modules/@langchain/langgraph/dist/index.js
    ./src/lib/langgraph-rag.ts
    ./src/app/api/technical/rag/chat/route.ts

https://nextjs.org/docs/messages/module-not-found


./node_modules/@langchain/langgraph/dist/pregel/messages.js:3:1
Module not found: Can't resolve '@langchain/core/messages'
[0m [90m 1 |[39m [36mimport[39m { [33mTAG_HIDDEN[39m[33m,[39m [33mTAG_NOSTREAM[39m } [36mfrom[39m [32m"../constants.js"[39m[33m;[39m
 [90m 2 |[39m [36mimport[39m { [33mBaseCallbackHandler[39m } [36mfrom[39m [32m"@langchain/core/callbacks/base"[39m[33m;[39m
[31m[1m>[22m[39m[90m 3 |[39m [36mimport[39m { [33mAIMessageChunk[39m[33m,[39m isBaseMessage[33m,[39m isBaseMessageChunk[33m,[39m isToolMessage } [36mfrom[39m [32m"@langchain/core/messages"[39m[33m;[39m
 [90m   |[39m [31m[1m^[22m[39m[31m[1m^[22m[39m[31m[1m^[22m[39m[31m[1m^[22m[39m[31m[1m^[22m[39m[31m[1m^[22m[39m[31m[1m^[22m[39m[31m[1m^[22m[39m[31m[1m^[22m[39m[31m[1m^[22m[39m[31m[1m^[22m[39m[31m[1m^[22m[39m[31m[1m^[22m[39m[31m[1m^[22m[39m[31m[1m^[22m[39m[31m[1m^[22m[39m[31m[1m^[22m[39m[31m[1m^[22m[39m[31m[1m^[22m[39m[31m[1m^[22m[39m[31m[1m^[22m[39m[31m[1m^[22m[39m[31m[1m^[22m[39m[31m[1m^[22m[39m[31m[1m^[22m[39m[31m[1m^[22m[39m[31m[1m^[22m[39m[31m[1m^[22m[39m[31m[1m^[22m[39m[31m[1m^[22m[39m[31m[1m^[22m[39m[31m[1m^[22m[39m[31m[1m^[22m[39m[31m[1m^[22m[39m[31m[1m^[22m[39m[31m[1m^[22m[39m[31m[1m^[22m[39m[31m[1m^[22m[39m[31m[1m^[22m[39m[31m[1m^[22m[39m[31m[1m^[22m[39m[31m[1m^[22m[39m[31m[1m^[22m[39m[31m[1m^[22m[39m[31m[1m^[22m[39m[31m[1m^[22m[39m[31m[1m^[22m[39m[31m[1m^[22m[39m[31m[1m^[22m[39m[31m[1m^[22m[39m[31m[1m^[22m[39m[31m[1m^[22m[39m[31m[1m^[22m[39m[31m[1m^[22m[39m[31m[1m^[22m[39m[31m[1m^[22m[39m[31m[1m^[22m[39m[31m[1m^[22m[39m[31m[1m^[22m[39m[31m[1m^[22m[39m[31m[1m^[22m[39m[31m[1m^[22m[39m[31m[1m^[22m[39m[31m[1m^[22m[39m[31m[1m^[22m[39m[31m[1m^[22m[39m[31m[1m^[22m[39m[31m[1m^[22m[39m[31m[1m^[22m[39m[31m[1m^[22m[39m[31m[1m^[22m[39m[31m[1m^[22m[39m[31m[1m^[22m[39m[31m[1m^[22m[39m[31m[1m^[22m[39m[31m[1m^[22m[39m[31m[1m^[22m[39m[31m[1m^[22m[39m[31m[1m^[22m[39m[31m[1m^[22m[39m[31m[1m^[22m[39m[31m[1m^[22m[39m[31m[1m^[22m[39m[31m[1m^[22m[39m[31m[1m^[22m[39m[31m[1m^[22m[39m[31m[1m^[22m[39m[31m[1m^[22m[39m[31m[1m^[22m[39m[31m[1m^[22m[39m[31m[1m^[22m[39m[31m[1m^[22m[39m[31m[1m^[22m[39m[31m[1m^[22m[39m[31m[1m^[22m[39m[31m[1m^[22m[39m[31m[1m^[22m[39m[31m[1m^[22m[39m[31m[1m^[22m[39m[31m[1m^[22m[39m[31m[1m^[22m[39m[31m[1m^[22m[39m[31m[1m^[22m[39m[31m[1m^[22m[39m[31m[1m^[22m[39m[31m[1m^[22m[39m[31m[1m^[22m[39m[31m[1m^[22m[39m
 [90m 4 |[39m
 [90m 5 |[39m [90m//#region src/pregel/messages.ts[39m
 [90m 6 |[39m [36mfunction[39m isChatGenerationChunk(x) {[0m



Import trace:
  App Route:
    ./node_modules/@langchain/langgraph/dist/pregel/messages.js
    ./node_modules/@langchain/langgraph/dist/pregel/index.js
    ./node_modules/@langchain/langgraph/dist/graph/graph.js
    ./node_modules/@langchain/langgraph/dist/index.js
    ./src/lib/langgraph-rag.ts
    ./src/app/api/technical/rag/chat/route.ts

https://nextjs.org/docs/messages/module-not-found


./node_modules/@langchain/mongodb/dist/chat_history.js:2:1
Module not found: Can't resolve '@langchain/core/messages'
[0m [90m 1 |[39m [36mimport[39m { [33mBaseListChatMessageHistory[39m } [36mfrom[39m [32m"@langchain/core/chat_history"[39m[33m;[39m
[31m[1m>[22m[39m[90m 2 |[39m [36mimport[39m { mapChatMessagesToStoredMessages[33m,[39m mapStoredMessagesToChatMessages } [36mfrom[39m [32m"@langchain/core/messages"[39m[33m;[39m
 [90m   |[39m [31m[1m^[22m[39m[31m[1m^[22m[39m[31m[1m^[22m[39m[31m[1m^[22m[39m[31m[1m^[22m[39m[31m[1m^[22m[39m[31m[1m^[22m[39m[31m[1m^[22m[39m[31m[1m^[22m[39m[31m[1m^[22m[39m[31m[1m^[22m[39m[31m[1m^[22m[39m[31m[1m^[22m[39m[31m[1m^[22m[39m[31m[1m^[22m[39m[31m[1m^[22m[39m[31m[1m^[22m[39m[31m[1m^[22m[39m[31m[1m^[22m[39m[31m[1m^[22m[39m[31m[1m^[22m[39m[31m[1m^[22m[39m[31m[1m^[22m[39m[31m[1m^[22m[39m[31m[1m^[22m[39m[31m[1m^[22m[39m[31m[1m^[22m[39m[31m[1m^[22m[39m[31m[1m^[22m[39m[31m[1m^[22m[39m[31m[1m^[22m[39m[31m[1m^[22m[39m[31m[1m^[22m[39m[31m[1m^[22m[39m[31m[1m^[22m[39m[31m[1m^[22m[39m[31m[1m^[22m[39m[31m[1m^[22m[39m[31m[1m^[22m[39m[31m[1m^[22m[39m[31m[1m^[22m[39m[31m[1m^[22m[39m[31m[1m^[22m[39m[31m[1m^[22m[39m[31m[1m^[22m[39m[31m[1m^[22m[39m[31m[1m^[22m[39m[31m[1m^[22m[39m[31m[1m^[22m[39m[31m[1m^[22m[39m[31m[1m^[22m[39m[31m[1m^[22m[39m[31m[1m^[22m[39m[31m[1m^[22m[39m[31m[1m^[22m[39m[31m[1m^[22m[39m[31m[1m^[22m[39m[31m[1m^[22m[39m[31m[1m^[22m[39m[31m[1m^[22m[39m[31m[1m^[22m[39m[31m[1m^[22m[39m[31m[1m^[22m[39m[31m[1m^[22m[39m[31m[1m^[22m[39m[31m[1m^[22m[39m[31m[1m^[22m[39m[31m[1m^[22m[39m[31m[1m^[22m[39m[31m[1m^[22m[39m[31m[1m^[22m[39m[31m[1m^[22m[39m[31m[1m^[22m[39m[31m[1m^[22m[39m[31m[1m^[22m[39m[31m[1m^[22m[39m[31m[1m^[22m[39m[31m[1m^[22m[39m[31m[1m^[22m[39m[31m[1m^[22m[39m[31m[1m^[22m[39m[31m[1m^[22m[39m[31m[1m^[22m[39m[31m[1m^[22m[39m[31m[1m^[22m[39m[31m[1m^[22m[39m[31m[1m^[22m[39m[31m[1m^[22m[39m[31m[1m^[22m[39m[31m[1m^[22m[39m[31m[1m^[22m[39m[31m[1m^[22m[39m[31m[1m^[22m[39m[31m[1m^[22m[39m[31m[1m^[22m[39m[31m[1m^[22m[39m[31m[1m^[22m[39m[31m[1m^[22m[39m[31m[1m^[22m[39m[31m[1m^[22m[39m[31m[1m^[22m[39m[31m[1m^[22m[39m[31m[1m^[22m[39m[31m[1m^[22m[39m[31m[1m^[22m[39m[31m[1m^[22m[39m[31m[1m^[22m[39m[31m[1m^[22m[39m
 [90m 3 |[39m
 [90m 4 |[39m [90m//#region src/chat_history.ts[39m
 [90m 5 |[39m [90m/**[39m[0m



Import trace:
  App Route:
    ./node_modules/@langchain/mongodb/dist/chat_history.js
    ./node_modules/@langchain/mongodb/dist/index.js
    ./src/lib/rag-service.ts
    ./src/app/api/entities/[id]/checklist/route.ts

https://nextjs.org/docs/messages/module-not-found


./node_modules/@langchain/google-genai/dist/chat_models.js:11:1
Module not found: Can't resolve '@langchain/core/output_parsers'
[0m [90m  9 |[39m [36mimport[39m { [33mRunnablePassthrough[39m[33m,[39m [33mRunnableSequence[39m } [36mfrom[39m [32m"@langchain/core/runnables"[39m[33m;[39m
 [90m 10 |[39m [36mimport[39m { isInteropZodSchema } [36mfrom[39m [32m"@langchain/core/utils/types"[39m[33m;[39m
[31m[1m>[22m[39m[90m 11 |[39m [36mimport[39m { [33mJsonOutputParser[39m } [36mfrom[39m [32m"@langchain/core/output_parsers"[39m[33m;[39m
 [90m    |[39m [31m[1m^[22m[39m[31m[1m^[22m[39m[31m[1m^[22m[39m[31m[1m^[22m[39m[31m[1m^[22m[39m[31m[1m^[22m[39m[31m[1m^[22m[39m[31m[1m^[22m[39m[31m[1m^[22m[39m[31m[1m^[22m[39m[31m[1m^[22m[39m[31m[1m^[22m[39m[31m[1m^[22m[39m[31m[1m^[22m[39m[31m[1m^[22m[39m[31m[1m^[22m[39m[31m[1m^[22m[39m[31m[1m^[22m[39m[31m[1m^[22m[39m[31m[1m^[22m[39m[31m[1m^[22m[39m[31m[1m^[22m[39m[31m[1m^[22m[39m[31m[1m^[22m[39m[31m[1m^[22m[39m[31m[1m^[22m[39m[31m[1m^[22m[39m[31m[1m^[22m[39m[31m[1m^[22m[39m[31m[1m^[22m[39m[31m[1m^[22m[39m[31m[1m^[22m[39m[31m[1m^[22m[39m[31m[1m^[22m[39m[31m[1m^[22m[39m[31m[1m^[22m[39m[31m[1m^[22m[39m[31m[1m^[22m[39m[31m[1m^[22m[39m[31m[1m^[22m[39m[31m[1m^[22m[39m[31m[1m^[22m[39m[31m[1m^[22m[39m[31m[1m^[22m[39m[31m[1m^[22m[39m[31m[1m^[22m[39m[31m[1m^[22m[39m[31m[1m^[22m[39m[31m[1m^[22m[39m[31m[1m^[22m[39m[31m[1m^[22m[39m[31m[1m^[22m[39m[31m[1m^[22m[39m[31m[1m^[22m[39m[31m[1m^[22m[39m[31m[1m^[22m[39m[31m[1m^[22m[39m[31m[1m^[22m[39m[31m[1m^[22m[39m[31m[1m^[22m[39m[31m[1m^[22m[39m[31m[1m^[22m[39m[31m[1m^[22m[39m[31m[1m^[22m[39m[31m[1m^[22m[39m[31m[1m^[22m[39m
 [90m 12 |[39m
 [90m 13 |[39m [90m//#region src/chat_models.ts[39m
 [90m 14 |[39m [90m/**[39m[0m



Import trace:
  App Route:
    ./node_modules/@langchain/google-genai/dist/chat_models.js
    ./node_modules/@langchain/google-genai/dist/index.js
    ./src/lib/rag-service.ts
    ./src/app/api/entities/[id]/checklist/route.ts

https://nextjs.org/docs/messages/module-not-found


./node_modules/@langchain/google-genai/dist/output_parsers.js:2:1
Module not found: Can't resolve '@langchain/core/output_parsers'
[0m [90m 1 |[39m [36mimport[39m { interopSafeParseAsync } [36mfrom[39m [32m"@langchain/core/utils/types"[39m[33m;[39m
[31m[1m>[22m[39m[90m 2 |[39m [36mimport[39m { [33mBaseLLMOutputParser[39m[33m,[39m [33mOutputParserException[39m } [36mfrom[39m [32m"@langchain/core/output_parsers"[39m[33m;[39m
 [90m   |[39m [31m[1m^[22m[39m[31m[1m^[22m[39m[31m[1m^[22m[39m[31m[1m^[22m[39m[31m[1m^[22m[39m[31m[1m^[22m[39m[31m[1m^[22m[39m[31m[1m^[22m[39m[31m[1m^[22m[39m[31m[1m^[22m[39m[31m[1m^[22m[39m[31m[1m^[22m[39m[31m[1m^[22m[39m[31m[1m^[22m[39m[31m[1m^[22m[39m[31m[1m^[22m[39m[31m[1m^[22m[39m[31m[1m^[22m[39m[31m[1m^[22m[39m[31m[1m^[22m[39m[31m[1m^[22m[39m[31m[1m^[22m[39m[31m[1m^[22m[39m[31m[1m^[22m[39m[31m[1m^[22m[39m[31m[1m^[22m[39m[31m[1m^[22m[39m[31m[1m^[22m[39m[31m[1m^[22m[39m[31m[1m^[22m[39m[31m[1m^[22m[39m[31m[1m^[22m[39m[31m[1m^[22m[39m[31m[1m^[22m[39m[31m[1m^[22m[39m[31m[1m^[22m[39m[31m[1m^[22m[39m[31m[1m^[22m[39m[31m[1m^[22m[39m[31m[1m^[22m[39m[31m[1m^[22m[39m[31m[1m^[22m[39m[31m[1m^[22m[39m[31m[1m^[22m[39m[31m[1m^[22m[39m[31m[1m^[22m[39m[31m[1m^[22m[39m[31m[1m^[22m[39m[31m[1m^[22m[39m[31m[1m^[22m[39m[31m[1m^[22m[39m[31m[1m^[22m[39m[31m[1m^[22m[39m[31m[1m^[22m[39m[31m[1m^[22m[39m[31m[1m^[22m[39m[31m[1m^[22m[39m[31m[1m^[22m[39m[31m[1m^[22m[39m[31m[1m^[22m[39m[31m[1m^[22m[39m[31m[1m^[22m[39m[31m[1m^[22m[39m[31m[1m^[22m[39m[31m[1m^[22m[39m[31m[1m^[22m[39m[31m[1m^[22m[39m[31m[1m^[22m[39m[31m[1m^[22m[39m[31m[1m^[22m[39m[31m[1m^[22m[39m[31m[1m^[22m[39m[31m[1m^[22m[39m[31m[1m^[22m[39m[31m[1m^[22m[39m[31m[1m^[22m[39m[31m[1m^[22m[39m[31m[1m^[22m[39m[31m[1m^[22m[39m[31m[1m^[22m[39m[31m[1m^[22m[39m[31m[1m^[22m[39m[31m[1m^[22m[39m[31m[1m^[22m[39m[31m[1m^[22m[39m[31m[1m^[22m[39m[31m[1m^[22m[39m[31m[1m^[22m[39m[31m[1m^[22m[39m[31m[1m^[22m[39m[31m[1m^[22m[39m[31m[1m^[22m[39m
 [90m 3 |[39m
 [90m 4 |[39m [90m//#region src/output_parsers.ts[39m
 [90m 5 |[39m [36mvar[39m [33mGoogleGenerativeAIToolsOutputParser[39m [33m=[39m [36mclass[39m [36mextends[39m [33mBaseLLMOutputParser[39m {[0m



Import trace:
  App Route:
    ./node_modules/@langchain/google-genai/dist/output_parsers.js
    ./node_modules/@langchain/google-genai/dist/chat_models.js
    ./node_modules/@langchain/google-genai/dist/index.js
    ./src/lib/rag-service.ts
    ./src/app/api/entities/[id]/checklist/route.ts

https://nextjs.org/docs/messages/module-not-found


./node_modules/@langchain/google-genai/dist/utils/common.js:3:1
Module not found: Can't resolve '@langchain/core/outputs'
[0m [90m 1 |[39m [36mimport[39m { jsonSchemaToGeminiParameters[33m,[39m schemaToGenerativeAIParameters } [36mfrom[39m [32m"./zod_to_genai_parameters.js"[39m[33m;[39m
 [90m 2 |[39m [36mimport[39m { [33mAIMessage[39m[33m,[39m [33mAIMessageChunk[39m[33m,[39m [33mChatMessage[39m[33m,[39m convertToProviderContentBlock[33m,[39m isAIMessage[33m,[39m isBaseMessage[33m,[39m isDataContentBlock[33m,[39m isToolMessage[33m,[39m parseBase64DataUrl } [36mfrom[39m [32m"@langchain/core/messages"[39m[33m;[39m
[31m[1m>[22m[39m[90m 3 |[39m [36mimport[39m { [33mChatGenerationChunk[39m } [36mfrom[39m [32m"@langchain/core/outputs"[39m[33m;[39m
 [90m   |[39m [31m[1m^[22m[39m[31m[1m^[22m[39m[31m[1m^[22m[39m[31m[1m^[22m[39m[31m[1m^[22m[39m[31m[1m^[22m[39m[31m[1m^[22m[39m[31m[1m^[22m[39m[31m[1m^[22m[39m[31m[1m^[22m[39m[31m[1m^[22m[39m[31m[1m^[22m[39m[31m[1m^[22m[39m[31m[1m^[22m[39m[31m[1m^[22m[39m[31m[1m^[22m[39m[31m[1m^[22m[39m[31m[1m^[22m[39m[31m[1m^[22m[39m[31m[1m^[22m[39m[31m[1m^[22m[39m[31m[1m^[22m[39m[31m[1m^[22m[39m[31m[1m^[22m[39m[31m[1m^[22m[39m[31m[1m^[22m[39m[31m[1m^[22m[39m[31m[1m^[22m[39m[31m[1m^[22m[39m[31m[1m^[22m[39m[31m[1m^[22m[39m[31m[1m^[22m[39m[31m[1m^[22m[39m[31m[1m^[22m[39m[31m[1m^[22m[39m[31m[1m^[22m[39m[31m[1m^[22m[39m[31m[1m^[22m[39m[31m[1m^[22m[39m[31m[1m^[22m[39m[31m[1m^[22m[39m[31m[1m^[22m[39m[31m[1m^[22m[39m[31m[1m^[22m[39m[31m[1m^[22m[39m[31m[1m^[22m[39m[31m[1m^[22m[39m[31m[1m^[22m[39m[31m[1m^[22m[39m[31m[1m^[22m[39m[31m[1m^[22m[39m[31m[1m^[22m[39m[31m[1m^[22m[39m[31m[1m^[22m[39m[31m[1m^[22m[39m[31m[1m^[22m[39m[31m[1m^[22m[39m[31m[1m^[22m[39m[31m[1m^[22m[39m[31m[1m^[22m[39m[31m[1m^[22m[39m[31m[1m^[22m[39m
 [90m 4 |[39m [36mimport[39m { isLangChainTool } [36mfrom[39m [32m"@langchain/core/utils/function_calling"[39m[33m;[39m
 [90m 5 |[39m [36mimport[39m { isOpenAITool } [36mfrom[39m [32m"@langchain/core/language_models/base"[39m[33m;[39m
 [90m 6 |[39m [36mimport[39m { v4 } [36mfrom[39m [32m"uuid"[39m[33m;[39m[0m



Import trace:
  App Route:
    ./node_modules/@langchain/google-genai/dist/utils/common.js
    ./node_modules/@langchain/google-genai/dist/chat_models.js
    ./node_modules/@langchain/google-genai/dist/index.js
    ./src/lib/rag-service.ts
    ./src/app/api/entities/[id]/checklist/route.ts

https://nextjs.org/docs/messages/module-not-found


./node_modules/@langchain/google-genai/dist/chat_models.js:9:1
Module not found: Can't resolve '@langchain/core/runnables'
[0m [90m  7 |[39m [36mimport[39m { getEnvironmentVariable } [36mfrom[39m [32m"@langchain/core/utils/env"[39m[33m;[39m
 [90m  8 |[39m [36mimport[39m { [33mBaseChatModel[39m } [36mfrom[39m [32m"@langchain/core/language_models/chat_models"[39m[33m;[39m
[31m[1m>[22m[39m[90m  9 |[39m [36mimport[39m { [33mRunnablePassthrough[39m[33m,[39m [33mRunnableSequence[39m } [36mfrom[39m [32m"@langchain/core/runnables"[39m[33m;[39m
 [90m    |[39m [31m[1m^[22m[39m[31m[1m^[22m[39m[31m[1m^[22m[39m[31m[1m^[22m[39m[31m[1m^[22m[39m[31m[1m^[22m[39m[31m[1m^[22m[39m[31m[1m^[22m[39m[31m[1m^[22m[39m[31m[1m^[22m[39m[31m[1m^[22m[39m[31m[1m^[22m[39m[31m[1m^[22m[39m[31m[1m^[22m[39m[31m[1m^[22m[39m[31m[1m^[22m[39m[31m[1m^[22m[39m[31m[1m^[22m[39m[31m[1m^[22m[39m[31m[1m^[22m[39m[31m[1m^[22m[39m[31m[1m^[22m[39m[31m[1m^[22m[39m[31m[1m^[22m[39m[31m[1m^[22m[39m[31m[1m^[22m[39m[31m[1m^[22m[39m[31m[1m^[22m[39m[31m[1m^[22m[39m[31m[1m^[22m[39m[31m[1m^[22m[39m[31m[1m^[22m[39m[31m[1m^[22m[39m[31m[1m^[22m[39m[31m[1m^[22m[39m[31m[1m^[22m[39m[31m[1m^[22m[39m[31m[1m^[22m[39m[31m[1m^[22m[39m[31m[1m^[22m[39m[31m[1m^[22m[39m[31m[1m^[22m[39m[31m[1m^[22m[39m[31m[1m^[22m[39m[31m[1m^[22m[39m[31m[1m^[22m[39m[31m[1m^[22m[39m[31m[1m^[22m[39m[31m[1m^[22m[39m[31m[1m^[22m[39m[31m[1m^[22m[39m[31m[1m^[22m[39m[31m[1m^[22m[39m[31m[1m^[22m[39m[31m[1m^[22m[39m[31m[1m^[22m[39m[31m[1m^[22m[39m[31m[1m^[22m[39m[31m[1m^[22m[39m[31m[1m^[22m[39m[31m[1m^[22m[39m[31m[1m^[22m[39m[31m[1m^[22m[39m[31m[1m^[22m[39m[31m[1m^[22m[39m[31m[1m^[22m[39m[31m[1m^[22m[39m[31m[1m^[22m[39m[31m[1m^[22m[39m[31m[1m^[22m[39m[31m[1m^[22m[39m[31m[1m^[22m[39m[31m[1m^[22m[39m[31m[1m^[22m[39m[31m[1m^[22m[39m[31m[1m^[22m[39m[31m[1m^[22m[39m[31m[1m^[22m[39m[31m[1m^[22m[39m[31m[1m^[22m[39m[31m[1m^[22m[39m[31m[1m^[22m[39m
 [90m 10 |[39m [36mimport[39m { isInteropZodSchema } [36mfrom[39m [32m"@langchain/core/utils/types"[39m[33m;[39m
 [90m 11 |[39m [36mimport[39m { [33mJsonOutputParser[39m } [36mfrom[39m [32m"@langchain/core/output_parsers"[39m[33m;[39m
 [90m 12 |[39m[0m



Import trace:
  App Route:
    ./node_modules/@langchain/google-genai/dist/chat_models.js
    ./node_modules/@langchain/google-genai/dist/index.js
    ./src/lib/rag-service.ts
    ./src/app/api/entities/[id]/checklist/route.ts

https://nextjs.org/docs/messages/module-not-found


./node_modules/@langchain/langgraph/dist/graph/graph.js:9:1
Module not found: Can't resolve '@langchain/core/runnables'
[0m [90m  7 |[39m [36mimport[39m { [33mChannel[39m[33m,[39m [33mPregel[39m } [36mfrom[39m [32m"../pregel/index.js"[39m[33m;[39m
 [90m  8 |[39m [36mimport[39m { [33mEphemeralValue[39m } [36mfrom[39m [32m"../channels/ephemeral_value.js"[39m[33m;[39m
[31m[1m>[22m[39m[90m  9 |[39m [36mimport[39m { [33mRunnable[39m[33m,[39m _coerceToRunnable } [36mfrom[39m [32m"@langchain/core/runnables"[39m[33m;[39m
 [90m    |[39m [31m[1m^[22m[39m[31m[1m^[22m[39m[31m[1m^[22m[39m[31m[1m^[22m[39m[31m[1m^[22m[39m[31m[1m^[22m[39m[31m[1m^[22m[39m[31m[1m^[22m[39m[31m[1m^[22m[39m[31m[1m^[22m[39m[31m[1m^[22m[39m[31m[1m^[22m[39m[31m[1m^[22m[39m[31m[1m^[22m[39m[31m[1m^[22m[39m[31m[1m^[22m[39m[31m[1m^[22m[39m[31m[1m^[22m[39m[31m[1m^[22m[39m[31m[1m^[22m[39m[31m[1m^[22m[39m[31m[1m^[22m[39m[31m[1m^[22m[39m[31m[1m^[22m[39m[31m[1m^[22m[39m[31m[1m^[22m[39m[31m[1m^[22m[39m[31m[1m^[22m[39m[31m[1m^[22m[39m[31m[1m^[22m[39m[31m[1m^[22m[39m[31m[1m^[22m[39m[31m[1m^[22m[39m[31m[1m^[22m[39m[31m[1m^[22m[39m[31m[1m^[22m[39m[31m[1m^[22m[39m[31m[1m^[22m[39m[31m[1m^[22m[39m[31m[1m^[22m[39m[31m[1m^[22m[39m[31m[1m^[22m[39m[31m[1m^[22m[39m[31m[1m^[22m[39m[31m[1m^[22m[39m[31m[1m^[22m[39m[31m[1m^[22m[39m[31m[1m^[22m[39m[31m[1m^[22m[39m[31m[1m^[22m[39m[31m[1m^[22m[39m[31m[1m^[22m[39m[31m[1m^[22m[39m[31m[1m^[22m[39m[31m[1m^[22m[39m[31m[1m^[22m[39m[31m[1m^[22m[39m[31m[1m^[22m[39m[31m[1m^[22m[39m[31m[1m^[22m[39m[31m[1m^[22m[39m[31m[1m^[22m[39m[31m[1m^[22m[39m[31m[1m^[22m[39m[31m[1m^[22m[39m[31m[1m^[22m[39m[31m[1m^[22m[39m[31m[1m^[22m[39m[31m[1m^[22m[39m[31m[1m^[22m[39m[31m[1m^[22m[39m[31m[1m^[22m[39m
 [90m 10 |[39m [36mimport[39m { [33mGraph[39m } [36mfrom[39m [32m"@langchain/core/runnables/graph"[39m[33m;[39m
 [90m 11 |[39m [36mimport[39m { z } [36mfrom[39m [32m"zod/v4"[39m[33m;[39m
 [90m 12 |[39m [36mimport[39m { validate } [36mfrom[39m [32m"uuid"[39m[33m;[39m[0m



Import trace:
  App Route:
    ./node_modules/@langchain/langgraph/dist/graph/graph.js
    ./node_modules/@langchain/langgraph/dist/graph/state.js
    ./src/lib/langgraph-rag.ts
    ./src/app/api/technical/rag/chat/route.ts

https://nextjs.org/docs/messages/module-not-found


./node_modules/@langchain/langgraph/dist/graph/state.js:16:1
Module not found: Can't resolve '@langchain/core/runnables'
[0m [90m 14 |[39m [36mimport[39m { schemaMetaRegistry } [36mfrom[39m [32m"./zod/meta.js"[39m[33m;[39m
 [90m 15 |[39m [36mimport[39m { isStateDefinitionInit[33m,[39m isStateGraphInit } [36mfrom[39m [32m"./types.js"[39m[33m;[39m
[31m[1m>[22m[39m[90m 16 |[39m [36mimport[39m { [33mRunnable[39m[33m,[39m _coerceToRunnable } [36mfrom[39m [32m"@langchain/core/runnables"[39m[33m;[39m
 [90m    |[39m [31m[1m^[22m[39m[31m[1m^[22m[39m[31m[1m^[22m[39m[31m[1m^[22m[39m[31m[1m^[22m[39m[31m[1m^[22m[39m[31m[1m^[22m[39m[31m[1m^[22m[39m[31m[1m^[22m[39m[31m[1m^[22m[39m[31m[1m^[22m[39m[31m[1m^[22m[39m[31m[1m^[22m[39m[31m[1m^[22m[39m[31m[1m^[22m[39m[31m[1m^[22m[39m[31m[1m^[22m[39m[31m[1m^[22m[39m[31m[1m^[22m[39m[31m[1m^[22m[39m[31m[1m^[22m[39m[31m[1m^[22m[39m[31m[1m^[22m[39m[31m[1m^[22m[39m[31m[1m^[22m[39m[31m[1m^[22m[39m[31m[1m^[22m[39m[31m[1m^[22m[39m[31m[1m^[22m[39m[31m[1m^[22m[39m[31m[1m^[22m[39m[31m[1m^[22m[39m[31m[1m^[22m[39m[31m[1m^[22m[39m[31m[1m^[22m[39m[31m[1m^[22m[39m[31m[1m^[22m[39m[31m[1m^[22m[39m[31m[1m^[22m[39m[31m[1m^[22m[39m[31m[1m^[22m[39m[31m[1m^[22m[39m[31m[1m^[22m[39m[31m[1m^[22m[39m[31m[1m^[22m[39m[31m[1m^[22m[39m[31m[1m^[22m[39m[31m[1m^[22m[39m[31m[1m^[22m[39m[31m[1m^[22m[39m[31m[1m^[22m[39m[31m[1m^[22m[39m[31m[1m^[22m[39m[31m[1m^[22m[39m[31m[1m^[22m[39m[31m[1m^[22m[39m[31m[1m^[22m[39m[31m[1m^[22m[39m[31m[1m^[22m[39m[31m[1m^[22m[39m[31m[1m^[22m[39m[31m[1m^[22m[39m[31m[1m^[22m[39m[31m[1m^[22m[39m[31m[1m^[22m[39m[31m[1m^[22m[39m[31m[1m^[22m[39m[31m[1m^[22m[39m[31m[1m^[22m[39m[31m[1m^[22m[39m[31m[1m^[22m[39m[31m[1m^[22m[39m
 [90m 17 |[39m [36mimport[39m { interopParse[33m,[39m interopZodObjectPartial[33m,[39m isInteropZodObject } [36mfrom[39m [32m"@langchain/core/utils/types"[39m[33m;[39m
 [90m 18 |[39m
 [90m 19 |[39m [90m//#region src/graph/state.ts[39m[0m



Import trace:
  App Route:
    ./node_modules/@langchain/langgraph/dist/graph/state.js
    ./src/lib/langgraph-rag.ts
    ./src/app/api/technical/rag/chat/route.ts

https://nextjs.org/docs/messages/module-not-found


./node_modules/@langchain/langgraph/dist/pregel/algo.js:10:1
Module not found: Can't resolve '@langchain/core/runnables'
[0m [90m  8 |[39m [36mimport[39m { getRunnableForFunc } [36mfrom[39m [32m"./call.js"[39m[33m;[39m
 [90m  9 |[39m [36mimport[39m { copyCheckpoint[33m,[39m maxChannelVersion[33m,[39m uuid5 } [36mfrom[39m [32m"@langchain/langgraph-checkpoint"[39m[33m;[39m
[31m[1m>[22m[39m[90m 10 |[39m [36mimport[39m { mergeConfigs[33m,[39m patchConfig } [36mfrom[39m [32m"@langchain/core/runnables"[39m[33m;[39m
 [90m    |[39m [31m[1m^[22m[39m[31m[1m^[22m[39m[31m[1m^[22m[39m[31m[1m^[22m[39m[31m[1m^[22m[39m[31m[1m^[22m[39m[31m[1m^[22m[39m[31m[1m^[22m[39m[31m[1m^[22m[39m[31m[1m^[22m[39m[31m[1m^[22m[39m[31m[1m^[22m[39m[31m[1m^[22m[39m[31m[1m^[22m[39m[31m[1m^[22m[39m[31m[1m^[22m[39m[31m[1m^[22m[39m[31m[1m^[22m[39m[31m[1m^[22m[39m[31m[1m^[22m[39m[31m[1m^[22m[39m[31m[1m^[22m[39m[31m[1m^[22m[39m[31m[1m^[22m[39m[31m[1m^[22m[39m[31m[1m^[22m[39m[31m[1m^[22m[39m[31m[1m^[22m[39m[31m[1m^[22m[39m[31m[1m^[22m[39m[31m[1m^[22m[39m[31m[1m^[22m[39m[31m[1m^[22m[39m[31m[1m^[22m[39m[31m[1m^[22m[39m[31m[1m^[22m[39m[31m[1m^[22m[39m[31m[1m^[22m[39m[31m[1m^[22m[39m[31m[1m^[22m[39m[31m[1m^[22m[39m[31m[1m^[22m[39m[31m[1m^[22m[39m[31m[1m^[22m[39m[31m[1m^[22m[39m[31m[1m^[22m[39m[31m[1m^[22m[39m[31m[1m^[22m[39m[31m[1m^[22m[39m[31m[1m^[22m[39m[31m[1m^[22m[39m[31m[1m^[22m[39m[31m[1m^[22m[39m[31m[1m^[22m[39m[31m[1m^[22m[39m[31m[1m^[22m[39m[31m[1m^[22m[39m[31m[1m^[22m[39m[31m[1m^[22m[39m[31m[1m^[22m[39m[31m[1m^[22m[39m[31m[1m^[22m[39m[31m[1m^[22m[39m[31m[1m^[22m[39m[31m[1m^[22m[39m[31m[1m^[22m[39m[31m[1m^[22m[39m[31m[1m^[22m[39m[31m[1m^[22m[39m[31m[1m^[22m[39m
 [90m 11 |[39m
 [90m 12 |[39m [90m//#region src/pregel/algo.ts[39m
 [90m 13 |[39m [36mconst[39m increment [33m=[39m (current) [33m=>[39m {[0m



Import trace:
  App Route:
    ./node_modules/@langchain/langgraph/dist/pregel/algo.js
    ./node_modules/@langchain/langgraph/dist/pregel/index.js
    ./node_modules/@langchain/langgraph/dist/graph/graph.js
    ./node_modules/@langchain/langgraph/dist/index.js
    ./src/lib/langgraph-rag.ts
    ./src/app/api/technical/rag/chat/route.ts

https://nextjs.org/docs/messages/module-not-found


./node_modules/@langchain/langgraph/dist/pregel/call.js:5:1
Module not found: Can't resolve '@langchain/core/runnables'
[0m [90m 3 |[39m [36mimport[39m { [33mChannelWrite[39m[33m,[39m [33mPASSTHROUGH[39m } [36mfrom[39m [32m"./write.js"[39m[33m;[39m
 [90m 4 |[39m [36mimport[39m { [33mAsyncLocalStorageProviderSingleton[39m } [36mfrom[39m [32m"@langchain/core/singletons"[39m[33m;[39m
[31m[1m>[22m[39m[90m 5 |[39m [36mimport[39m { [33mRunnableSequence[39m } [36mfrom[39m [32m"@langchain/core/runnables"[39m[33m;[39m
 [90m   |[39m [31m[1m^[22m[39m[31m[1m^[22m[39m[31m[1m^[22m[39m[31m[1m^[22m[39m[31m[1m^[22m[39m[31m[1m^[22m[39m[31m[1m^[22m[39m[31m[1m^[22m[39m[31m[1m^[22m[39m[31m[1m^[22m[39m[31m[1m^[22m[39m[31m[1m^[22m[39m[31m[1m^[22m[39m[31m[1m^[22m[39m[31m[1m^[22m[39m[31m[1m^[22m[39m[31m[1m^[22m[39m[31m[1m^[22m[39m[31m[1m^[22m[39m[31m[1m^[22m[39m[31m[1m^[22m[39m[31m[1m^[22m[39m[31m[1m^[22m[39m[31m[1m^[22m[39m[31m[1m^[22m[39m[31m[1m^[22m[39m[31m[1m^[22m[39m[31m[1m^[22m[39m[31m[1m^[22m[39m[31m[1m^[22m[39m[31m[1m^[22m[39m[31m[1m^[22m[39m[31m[1m^[22m[39m[31m[1m^[22m[39m[31m[1m^[22m[39m[31m[1m^[22m[39m[31m[1m^[22m[39m[31m[1m^[22m[39m[31m[1m^[22m[39m[31m[1m^[22m[39m[31m[1m^[22m[39m[31m[1m^[22m[39m[31m[1m^[22m[39m[31m[1m^[22m[39m[31m[1m^[22m[39m[31m[1m^[22m[39m[31m[1m^[22m[39m[31m[1m^[22m[39m[31m[1m^[22m[39m[31m[1m^[22m[39m[31m[1m^[22m[39m[31m[1m^[22m[39m[31m[1m^[22m[39m[31m[1m^[22m[39m[31m[1m^[22m[39m[31m[1m^[22m[39m[31m[1m^[22m[39m[31m[1m^[22m[39m[31m[1m^[22m[39m[31m[1m^[22m[39m[31m[1m^[22m[39m
 [90m 6 |[39m
 [90m 7 |[39m [90m//#region src/pregel/call.ts[39m
 [90m 8 |[39m [90m/**[39m[0m



Import trace:
  App Route:
    ./node_modules/@langchain/langgraph/dist/pregel/call.js
    ./node_modules/@langchain/langgraph/dist/func/index.js
    ./node_modules/@langchain/langgraph/dist/index.js
    ./src/lib/langgraph-rag.ts
    ./src/app/api/technical/rag/chat/route.ts

https://nextjs.org/docs/messages/module-not-found


./node_modules/@langchain/langgraph/dist/pregel/index.js:21:1
Module not found: Can't resolve '@langchain/core/runnables'
[0m [90m 19 |[39m [36mimport[39m { interrupt } [36mfrom[39m [32m"../interrupt.js"[39m[33m;[39m
 [90m 20 |[39m [36mimport[39m { [33mSCHEDULED[39m[33m,[39m compareChannelVersions[33m,[39m copyCheckpoint[33m,[39m emptyCheckpoint[33m,[39m uuid5 } [36mfrom[39m [32m"@langchain/langgraph-checkpoint"[39m[33m;[39m
[31m[1m>[22m[39m[90m 21 |[39m [36mimport[39m { [33mRunnable[39m[33m,[39m [33mRunnableSequence[39m[33m,[39m _coerceToRunnable[33m,[39m getCallbackManagerForConfig[33m,[39m mergeConfigs[33m,[39m patchConfig } [36mfrom[39m [32m"@langchain/core/runnables"[39m[33m;[39m
 [90m    |[39m [31m[1m^[22m[39m[31m[1m^[22m[39m[31m[1m^[22m[39m[31m[1m^[22m[39m[31m[1m^[22m[39m[31m[1m^[22m[39m[31m[1m^[22m[39m[31m[1m^[22m[39m[31m[1m^[22m[39m[31m[1m^[22m[39m[31m[1m^[22m[39m[31m[1m^[22m[39m[31m[1m^[22m[39m[31m[1m^[22m[39m[31m[1m^[22m[39m[31m[1m^[22m[39m[31m[1m^[22m[39m[31m[1m^[22m[39m[31m[1m^[22m[39m[31m[1m^[22m[39m[31m[1m^[22m[39m[31m[1m^[22m[39m[31m[1m^[22m[39m[31m[1m^[22m[39m[31m[1m^[22m[39m[31m[1m^[22m[39m[31m[1m^[22m[39m[31m[1m^[22m[39m[31m[1m^[22m[39m[31m[1m^[22m[39m[31m[1m^[22m[39m[31m[1m^[22m[39m[31m[1m^[22m[39m[31m[1m^[22m[39m[31m[1m^[22m[39m[31m[1m^[22m[39m[31m[1m^[22m[39m[31m[1m^[22m[39m[31m[1m^[22m[39m[31m[1m^[22m[39m[31m[1m^[22m[39m[31m[1m^[22m[39m[31m[1m^[22m[39m[31m[1m^[22m[39m[31m[1m^[22m[39m[31m[1m^[22m[39m[31m[1m^[22m[39m[31m[1m^[22m[39m[31m[1m^[22m[39m[31m[1m^[22m[39m[31m[1m^[22m[39m[31m[1m^[22m[39m[31m[1m^[22m[39m[31m[1m^[22m[39m[31m[1m^[22m[39m[31m[1m^[22m[39m[31m[1m^[22m[39m[31m[1m^[22m[39m[31m[1m^[22m[39m[31m[1m^[22m[39m[31m[1m^[22m[39m[31m[1m^[22m[39m[31m[1m^[22m[39m[31m[1m^[22m[39m[31m[1m^[22m[39m[31m[1m^[22m[39m[31m[1m^[22m[39m[31m[1m^[22m[39m[31m[1m^[22m[39m[31m[1m^[22m[39m[31m[1m^[22m[39m[31m[1m^[22m[39m[31m[1m^[22m[39m[31m[1m^[22m[39m[31m[1m^[22m[39m[31m[1m^[22m[39m[31m[1m^[22m[39m[31m[1m^[22m[39m[31m[1m^[22m[39m[31m[1m^[22m[39m[31m[1m^[22m[39m[31m[1m^[22m[39m[31m[1m^[22m[39m[31m[1m^[22m[39m[31m[1m^[22m[39m[31m[1m^[22m[39m[31m[1m^[22m[39m[31m[1m^[22m[39m[31m[1m^[22m[39m[31m[1m^[22m[39m[31m[1m^[22m[39m[31m[1m^[22m[39m[31m[1m^[22m[39m[31m[1m^[22m[39m[31m[1m^[22m[39m[31m[1m^[22m[39m[31m[1m^[22m[39m[31m[1m^[22m[39m[31m[1m^[22m[39m[31m[1m^[22m[39m[31m[1m^[22m[39m[31m[1m^[22m[39m[31m[1m^[22m[39m[31m[1m^[22m[39m[31m[1m^[22m[39m[31m[1m^[22m[39m[31m[1m^[22m[39m[31m[1m^[22m[39m[31m[1m^[22m[39m[31m[1m^[22m[39m[31m[1m^[22m[39m[31m[1m^[22m[39m[31m[1m^[22m[39m[31m[1m^[22m[39m[31m[1m^[22m[39m[31m[1m^[22m[39m[31m[1m^[22m[39m[31m[1m^[22m[39m[31m[1m^[22m[39m[31m[1m^[22m[39m[31m[1m^[22m[39m[31m[1m^[22m[39m[31m[1m^[22m[39m[31m[1m^[22m[39m[31m[1m^[22m[39m[31m[1m^[22m[39m[31m[1m^[22m[39m[31m[1m^[22m[39m[31m[1m^[22m[39m[31m[1m^[22m[39m[31m[1m^[22m[39m[31m[1m^[22m[39m[31m[1m^[22m[39m[31m[1m^[22m[39m[31m[1m^[22m[39m[31m[1m^[22m[39m[31m[1m^[22m[39m[31m[1m^[22m[39m[31m[1m^[22m[39m[31m[1m^[22m[39m[31m[1m^[22m[39m[31m[1m^[22m[39m[31m[1m^[22m[39m[31m[1m^[22m[39m[31m[1m^[22m[39m[31m[1m^[22m[39m
 [90m 22 |[39m
 [90m 23 |[39m [90m//#region src/pregel/index.ts[39m
 [90m 24 |[39m [90m/**[39m[0m



Import trace:
  App Route:
    ./node_modules/@langchain/langgraph/dist/pregel/index.js
    ./node_modules/@langchain/langgraph/dist/graph/graph.js
    ./node_modules/@langchain/langgraph/dist/index.js
    ./src/lib/langgraph-rag.ts
    ./src/app/api/technical/rag/chat/route.ts

https://nextjs.org/docs/messages/module-not-found


./node_modules/@langchain/langgraph/dist/pregel/read.js:4:1
Module not found: Can't resolve '@langchain/core/runnables'
[0m [90m 2 |[39m [36mimport[39m { [33mRunnableCallable[39m } [36mfrom[39m [32m"../utils.js"[39m[33m;[39m
 [90m 3 |[39m [36mimport[39m { [33mChannelWrite[39m } [36mfrom[39m [32m"./write.js"[39m[33m;[39m
[31m[1m>[22m[39m[90m 4 |[39m [36mimport[39m { [33mRunnableBinding[39m[33m,[39m [33mRunnablePassthrough[39m[33m,[39m [33mRunnableSequence[39m[33m,[39m _coerceToRunnable } [36mfrom[39m [32m"@langchain/core/runnables"[39m[33m;[39m
 [90m   |[39m [31m[1m^[22m[39m[31m[1m^[22m[39m[31m[1m^[22m[39m[31m[1m^[22m[39m[31m[1m^[22m[39m[31m[1m^[22m[39m[31m[1m^[22m[39m[31m[1m^[22m[39m[31m[1m^[22m[39m[31m[1m^[22m[39m[31m[1m^[22m[39m[31m[1m^[22m[39m[31m[1m^[22m[39m[31m[1m^[22m[39m[31m[1m^[22m[39m[31m[1m^[22m[39m[31m[1m^[22m[39m[31m[1m^[22m[39m[31m[1m^[22m[39m[31m[1m^[22m[39m[31m[1m^[22m[39m[31m[1m^[22m[39m[31m[1m^[22m[39m[31m[1m^[22m[39m[31m[1m^[22m[39m[31m[1m^[22m[39m[31m[1m^[22m[39m[31m[1m^[22m[39m[31m[1m^[22m[39m[31m[1m^[22m[39m[31m[1m^[22m[39m[31m[1m^[22m[39m[31m[1m^[22m[39m[31m[1m^[22m[39m[31m[1m^[22m[39m[31m[1m^[22m[39m[31m[1m^[22m[39m[31m[1m^[22m[39m[31m[1m^[22m[39m[31m[1m^[22m[39m[31m[1m^[22m[39m[31m[1m^[22m[39m[31m[1m^[22m[39m[31m[1m^[22m[39m[31m[1m^[22m[39m[31m[1m^[22m[39m[31m[1m^[22m[39m[31m[1m^[22m[39m[31m[1m^[22m[39m[31m[1m^[22m[39m[31m[1m^[22m[39m[31m[1m^[22m[39m[31m[1m^[22m[39m[31m[1m^[22m[39m[31m[1m^[22m[39m[31m[1m^[22m[39m[31m[1m^[22m[39m[31m[1m^[22m[39m[31m[1m^[22m[39m[31m[1m^[22m[39m[31m[1m^[22m[39m[31m[1m^[22m[39m[31m[1m^[22m[39m[31m[1m^[22m[39m[31m[1m^[22m[39m[31m[1m^[22m[39m[31m[1m^[22m[39m[31m[1m^[22m[39m[31m[1m^[22m[39m[31m[1m^[22m[39m[31m[1m^[22m[39m[31m[1m^[22m[39m[31m[1m^[22m[39m[31m[1m^[22m[39m[31m[1m^[22m[39m[31m[1m^[22m[39m[31m[1m^[22m[39m[31m[1m^[22m[39m[31m[1m^[22m[39m[31m[1m^[22m[39m[31m[1m^[22m[39m[31m[1m^[22m[39m[31m[1m^[22m[39m[31m[1m^[22m[39m[31m[1m^[22m[39m[31m[1m^[22m[39m[31m[1m^[22m[39m[31m[1m^[22m[39m[31m[1m^[22m[39m[31m[1m^[22m[39m[31m[1m^[22m[39m[31m[1m^[22m[39m[31m[1m^[22m[39m[31m[1m^[22m[39m[31m[1m^[22m[39m[31m[1m^[22m[39m[31m[1m^[22m[39m[31m[1m^[22m[39m[31m[1m^[22m[39m[31m[1m^[22m[39m[31m[1m^[22m[39m[31m[1m^[22m[39m[31m[1m^[22m[39m[31m[1m^[22m[39m[31m[1m^[22m[39m[31m[1m^[22m[39m[31m[1m^[22m[39m[31m[1m^[22m[39m[31m[1m^[22m[39m[31m[1m^[22m[39m[31m[1m^[22m[39m[31m[1m^[22m[39m[31m[1m^[22m[39m[31m[1m^[22m[39m[31m[1m^[22m[39m[31m[1m^[22m[39m[31m[1m^[22m[39m[31m[1m^[22m[39m
 [90m 5 |[39m
 [90m 6 |[39m [90m//#region src/pregel/read.ts[39m
 [90m 7 |[39m [36mvar[39m [33mChannelRead[39m [33m=[39m [36mclass[39m [33mChannelRead[39m [36mextends[39m [33mRunnableCallable[39m {[0m



Import trace:
  App Route:
    ./node_modules/@langchain/langgraph/dist/pregel/read.js
    ./node_modules/@langchain/langgraph/dist/graph/state.js
    ./src/lib/langgraph-rag.ts
    ./src/app/api/technical/rag/chat/route.ts

https://nextjs.org/docs/messages/module-not-found


./node_modules/@langchain/langgraph/dist/pregel/write.js:4:1
Module not found: Can't resolve '@langchain/core/runnables'
[0m [90m 2 |[39m [36mimport[39m { [33mCONFIG_KEY_SEND[39m[33m,[39m [33mTASKS[39m[33m,[39m _isSend } [36mfrom[39m [32m"../constants.js"[39m[33m;[39m
 [90m 3 |[39m [36mimport[39m { [33mRunnableCallable[39m } [36mfrom[39m [32m"../utils.js"[39m[33m;[39m
[31m[1m>[22m[39m[90m 4 |[39m [36mimport[39m { [33mRunnable[39m } [36mfrom[39m [32m"@langchain/core/runnables"[39m[33m;[39m
 [90m   |[39m [31m[1m^[22m[39m[31m[1m^[22m[39m[31m[1m^[22m[39m[31m[1m^[22m[39m[31m[1m^[22m[39m[31m[1m^[22m[39m[31m[1m^[22m[39m[31m[1m^[22m[39m[31m[1m^[22m[39m[31m[1m^[22m[39m[31m[1m^[22m[39m[31m[1m^[22m[39m[31m[1m^[22m[39m[31m[1m^[22m[39m[31m[1m^[22m[39m[31m[1m^[22m[39m[31m[1m^[22m[39m[31m[1m^[22m[39m[31m[1m^[22m[39m[31m[1m^[22m[39m[31m[1m^[22m[39m[31m[1m^[22m[39m[31m[1m^[22m[39m[31m[1m^[22m[39m[31m[1m^[22m[39m[31m[1m^[22m[39m[31m[1m^[22m[39m[31m[1m^[22m[39m[31m[1m^[22m[39m[31m[1m^[22m[39m[31m[1m^[22m[39m[31m[1m^[22m[39m[31m[1m^[22m[39m[31m[1m^[22m[39m[31m[1m^[22m[39m[31m[1m^[22m[39m[31m[1m^[22m[39m[31m[1m^[22m[39m[31m[1m^[22m[39m[31m[1m^[22m[39m[31m[1m^[22m[39m[31m[1m^[22m[39m[31m[1m^[22m[39m[31m[1m^[22m[39m[31m[1m^[22m[39m[31m[1m^[22m[39m[31m[1m^[22m[39m[31m[1m^[22m[39m[31m[1m^[22m[39m[31m[1m^[22m[39m[31m[1m^[22m[39m[31m[1m^[22m[39m[31m[1m^[22m[39m
 [90m 5 |[39m
 [90m 6 |[39m [90m//#region src/pregel/write.ts[39m
 [90m 7 |[39m [36mconst[39m [33mSKIP_WRITE[39m [33m=[39m { [[33mSymbol[39m[33m.[39m[36mfor[39m([32m"LG_SKIP_WRITE"[39m)][33m:[39m [36mtrue[39m }[33m;[39m[0m



Import trace:
  App Route:
    ./node_modules/@langchain/langgraph/dist/pregel/write.js
    ./node_modules/@langchain/langgraph/dist/graph/state.js
    ./src/lib/langgraph-rag.ts
    ./src/app/api/technical/rag/chat/route.ts

https://nextjs.org/docs/messages/module-not-found


./node_modules/@langchain/langgraph/dist/utils.js:3:1
Module not found: Can't resolve '@langchain/core/runnables'
[0m [90m 1 |[39m [36mimport[39m { ensureLangGraphConfig } [36mfrom[39m [32m"./pregel/utils/config.js"[39m[33m;[39m
 [90m 2 |[39m [36mimport[39m { [33mAsyncLocalStorageProviderSingleton[39m } [36mfrom[39m [32m"@langchain/core/singletons"[39m[33m;[39m
[31m[1m>[22m[39m[90m 3 |[39m [36mimport[39m { [33mRunnable[39m[33m,[39m mergeConfigs[33m,[39m patchConfig } [36mfrom[39m [32m"@langchain/core/runnables"[39m[33m;[39m
 [90m   |[39m [31m[1m^[22m[39m[31m[1m^[22m[39m[31m[1m^[22m[39m[31m[1m^[22m[39m[31m[1m^[22m[39m[31m[1m^[22m[39m[31m[1m^[22m[39m[31m[1m^[22m[39m[31m[1m^[22m[39m[31m[1m^[22m[39m[31m[1m^[22m[39m[31m[1m^[22m[39m[31m[1m^[22m[39m[31m[1m^[22m[39m[31m[1m^[22m[39m[31m[1m^[22m[39m[31m[1m^[22m[39m[31m[1m^[22m[39m[31m[1m^[22m[39m[31m[1m^[22m[39m[31m[1m^[22m[39m[31m[1m^[22m[39m[31m[1m^[22m[39m[31m[1m^[22m[39m[31m[1m^[22m[39m[31m[1m^[22m[39m[31m[1m^[22m[39m[31m[1m^[22m[39m[31m[1m^[22m[39m[31m[1m^[22m[39m[31m[1m^[22m[39m[31m[1m^[22m[39m[31m[1m^[22m[39m[31m[1m^[22m[39m[31m[1m^[22m[39m[31m[1m^[22m[39m[31m[1m^[22m[39m[31m[1m^[22m[39m[31m[1m^[22m[39m[31m[1m^[22m[39m[31m[1m^[22m[39m[31m[1m^[22m[39m[31m[1m^[22m[39m[31m[1m^[22m[39m[31m[1m^[22m[39m[31m[1m^[22m[39m[31m[1m^[22m[39m[31m[1m^[22m[39m[31m[1m^[22m[39m[31m[1m^[22m[39m[31m[1m^[22m[39m[31m[1m^[22m[39m[31m[1m^[22m[39m[31m[1m^[22m[39m[31m[1m^[22m[39m[31m[1m^[22m[39m[31m[1m^[22m[39m[31m[1m^[22m[39m[31m[1m^[22m[39m[31m[1m^[22m[39m[31m[1m^[22m[39m[31m[1m^[22m[39m[31m[1m^[22m[39m[31m[1m^[22m[39m[31m[1m^[22m[39m[31m[1m^[22m[39m[31m[1m^[22m[39m[31m[1m^[22m[39m[31m[1m^[22m[39m[31m[1m^[22m[39m[31m[1m^[22m[39m[31m[1m^[22m[39m[31m[1m^[22m[39m[31m[1m^[22m[39m[31m[1m^[22m[39m[31m[1m^[22m[39m[31m[1m^[22m[39m[31m[1m^[22m[39m[31m[1m^[22m[39m[31m[1m^[22m[39m
 [90m 4 |[39m
 [90m 5 |[39m [90m//#region src/utils.ts[39m
 [90m 6 |[39m [36mvar[39m [33mRunnableCallable[39m [33m=[39m [36mclass[39m [36mextends[39m [33mRunnable[39m {[0m



Import trace:
  App Route:
    ./node_modules/@langchain/langgraph/dist/utils.js
    ./node_modules/@langchain/langgraph/dist/graph/state.js
    ./src/lib/langgraph-rag.ts
    ./src/app/api/technical/rag/chat/route.ts

https://nextjs.org/docs/messages/module-not-found


./node_modules/@langchain/langgraph/dist/graph/graph.js:10:1
Module not found: Can't resolve '@langchain/core/runnables/graph'
[0m [90m  8 |[39m [36mimport[39m { [33mEphemeralValue[39m } [36mfrom[39m [32m"../channels/ephemeral_value.js"[39m[33m;[39m
 [90m  9 |[39m [36mimport[39m { [33mRunnable[39m[33m,[39m _coerceToRunnable } [36mfrom[39m [32m"@langchain/core/runnables"[39m[33m;[39m
[31m[1m>[22m[39m[90m 10 |[39m [36mimport[39m { [33mGraph[39m } [36mfrom[39m [32m"@langchain/core/runnables/graph"[39m[33m;[39m
 [90m    |[39m [31m[1m^[22m[39m[31m[1m^[22m[39m[31m[1m^[22m[39m[31m[1m^[22m[39m[31m[1m^[22m[39m[31m[1m^[22m[39m[31m[1m^[22m[39m[31m[1m^[22m[39m[31m[1m^[22m[39m[31m[1m^[22m[39m[31m[1m^[22m[39m[31m[1m^[22m[39m[31m[1m^[22m[39m[31m[1m^[22m[39m[31m[1m^[22m[39m[31m[1m^[22m[39m[31m[1m^[22m[39m[31m[1m^[22m[39m[31m[1m^[22m[39m[31m[1m^[22m[39m[31m[1m^[22m[39m[31m[1m^[22m[39m[31m[1m^[22m[39m[31m[1m^[22m[39m[31m[1m^[22m[39m[31m[1m^[22m[39m[31m[1m^[22m[39m[31m[1m^[22m[39m[31m[1m^[22m[39m[31m[1m^[22m[39m[31m[1m^[22m[39m[31m[1m^[22m[39m[31m[1m^[22m[39m[31m[1m^[22m[39m[31m[1m^[22m[39m[31m[1m^[22m[39m[31m[1m^[22m[39m[31m[1m^[22m[39m[31m[1m^[22m[39m[31m[1m^[22m[39m[31m[1m^[22m[39m[31m[1m^[22m[39m[31m[1m^[22m[39m[31m[1m^[22m[39m[31m[1m^[22m[39m[31m[1m^[22m[39m[31m[1m^[22m[39m[31m[1m^[22m[39m[31m[1m^[22m[39m[31m[1m^[22m[39m[31m[1m^[22m[39m[31m[1m^[22m[39m[31m[1m^[22m[39m[31m[1m^[22m[39m[31m[1m^[22m[39m[31m[1m^[22m[39m
 [90m 11 |[39m [36mimport[39m { z } [36mfrom[39m [32m"zod/v4"[39m[33m;[39m
 [90m 12 |[39m [36mimport[39m { validate } [36mfrom[39m [32m"uuid"[39m[33m;[39m
 [90m 13 |[39m[0m



Import trace:
  App Route:
    ./node_modules/@langchain/langgraph/dist/graph/graph.js
    ./node_modules/@langchain/langgraph/dist/graph/state.js
    ./src/lib/langgraph-rag.ts
    ./src/app/api/technical/rag/chat/route.ts

https://nextjs.org/docs/messages/module-not-found


./node_modules/@langchain/langgraph/dist/func/index.js:9:1
Module not found: Can't resolve '@langchain/core/singletons'
[0m [90m  7 |[39m [36mimport[39m { [33mPregel[39m } [36mfrom[39m [32m"../pregel/index.js"[39m[33m;[39m
 [90m  8 |[39m [36mimport[39m { [33mEphemeralValue[39m } [36mfrom[39m [32m"../channels/ephemeral_value.js"[39m[33m;[39m
[31m[1m>[22m[39m[90m  9 |[39m [36mimport[39m { [33mAsyncLocalStorageProviderSingleton[39m } [36mfrom[39m [32m"@langchain/core/singletons"[39m[33m;[39m
 [90m    |[39m [31m[1m^[22m[39m[31m[1m^[22m[39m[31m[1m^[22m[39m[31m[1m^[22m[39m[31m[1m^[22m[39m[31m[1m^[22m[39m[31m[1m^[22m[39m[31m[1m^[22m[39m[31m[1m^[22m[39m[31m[1m^[22m[39m[31m[1m^[22m[39m[31m[1m^[22m[39m[31m[1m^[22m[39m[31m[1m^[22m[39m[31m[1m^[22m[39m[31m[1m^[22m[39m[31m[1m^[22m[39m[31m[1m^[22m[39m[31m[1m^[22m[39m[31m[1m^[22m[39m[31m[1m^[22m[39m[31m[1m^[22m[39m[31m[1m^[22m[39m[31m[1m^[22m[39m[31m[1m^[22m[39m[31m[1m^[22m[39m[31m[1m^[22m[39m[31m[1m^[22m[39m[31m[1m^[22m[39m[31m[1m^[22m[39m[31m[1m^[22m[39m[31m[1m^[22m[39m[31m[1m^[22m[39m[31m[1m^[22m[39m[31m[1m^[22m[39m[31m[1m^[22m[39m[31m[1m^[22m[39m[31m[1m^[22m[39m[31m[1m^[22m[39m[31m[1m^[22m[39m[31m[1m^[22m[39m[31m[1m^[22m[39m[31m[1m^[22m[39m[31m[1m^[22m[39m[31m[1m^[22m[39m[31m[1m^[22m[39m[31m[1m^[22m[39m[31m[1m^[22m[39m[31m[1m^[22m[39m[31m[1m^[22m[39m[31m[1m^[22m[39m[31m[1m^[22m[39m[31m[1m^[22m[39m[31m[1m^[22m[39m[31m[1m^[22m[39m[31m[1m^[22m[39m[31m[1m^[22m[39m[31m[1m^[22m[39m[31m[1m^[22m[39m[31m[1m^[22m[39m[31m[1m^[22m[39m[31m[1m^[22m[39m[31m[1m^[22m[39m[31m[1m^[22m[39m[31m[1m^[22m[39m[31m[1m^[22m[39m[31m[1m^[22m[39m[31m[1m^[22m[39m[31m[1m^[22m[39m[31m[1m^[22m[39m[31m[1m^[22m[39m[31m[1m^[22m[39m[31m[1m^[22m[39m[31m[1m^[22m[39m[31m[1m^[22m[39m[31m[1m^[22m[39m[31m[1m^[22m[39m[31m[1m^[22m[39m[31m[1m^[22m[39m[31m[1m^[22m[39m
 [90m 10 |[39m
 [90m 11 |[39m [90m//#region src/func/index.ts[39m
 [90m 12 |[39m [90m/**[39m[0m



Import trace:
  App Route:
    ./node_modules/@langchain/langgraph/dist/func/index.js
    ./node_modules/@langchain/langgraph/dist/index.js
    ./src/lib/langgraph-rag.ts
    ./src/app/api/technical/rag/chat/route.ts

https://nextjs.org/docs/messages/module-not-found


./node_modules/@langchain/langgraph/dist/interrupt.js:4:1
Module not found: Can't resolve '@langchain/core/singletons'
[0m [90m 2 |[39m [36mimport[39m { [33mCHECKPOINT_NAMESPACE_SEPARATOR[39m[33m,[39m [33mCONFIG_KEY_CHECKPOINTER[39m[33m,[39m [33mCONFIG_KEY_CHECKPOINT_NS[39m[33m,[39m [33mCONFIG_KEY_SCRATCHPAD[39m[33m,[39m [33mCONFIG_KEY_SEND[39m[33m,[39m [33mRESUME[39m } [36mfrom[39m [32m"./constants.js"[39m[33m;[39m
 [90m 3 |[39m [36mimport[39m { [33mXXH3[39m } [36mfrom[39m [32m"./hash.js"[39m[33m;[39m
[31m[1m>[22m[39m[90m 4 |[39m [36mimport[39m { [33mAsyncLocalStorageProviderSingleton[39m } [36mfrom[39m [32m"@langchain/core/singletons"[39m[33m;[39m
 [90m   |[39m [31m[1m^[22m[39m[31m[1m^[22m[39m[31m[1m^[22m[39m[31m[1m^[22m[39m[31m[1m^[22m[39m[31m[1m^[22m[39m[31m[1m^[22m[39m[31m[1m^[22m[39m[31m[1m^[22m[39m[31m[1m^[22m[39m[31m[1m^[22m[39m[31m[1m^[22m[39m[31m[1m^[22m[39m[31m[1m^[22m[39m[31m[1m^[22m[39m[31m[1m^[22m[39m[31m[1m^[22m[39m[31m[1m^[22m[39m[31m[1m^[22m[39m[31m[1m^[22m[39m[31m[1m^[22m[39m[31m[1m^[22m[39m[31m[1m^[22m[39m[31m[1m^[22m[39m[31m[1m^[22m[39m[31m[1m^[22m[39m[31m[1m^[22m[39m[31m[1m^[22m[39m[31m[1m^[22m[39m[31m[1m^[22m[39m[31m[1m^[22m[39m[31m[1m^[22m[39m[31m[1m^[22m[39m[31m[1m^[22m[39m[31m[1m^[22m[39m[31m[1m^[22m[39m[31m[1m^[22m[39m[31m[1m^[22m[39m[31m[1m^[22m[39m[31m[1m^[22m[39m[31m[1m^[22m[39m[31m[1m^[22m[39m[31m[1m^[22m[39m[31m[1m^[22m[39m[31m[1m^[22m[39m[31m[1m^[22m[39m[31m[1m^[22m[39m[31m[1m^[22m[39m[31m[1m^[22m[39m[31m[1m^[22m[39m[31m[1m^[22m[39m[31m[1m^[22m[39m[31m[1m^[22m[39m[31m[1m^[22m[39m[31m[1m^[22m[39m[31m[1m^[22m[39m[31m[1m^[22m[39m[31m[1m^[22m[39m[31m[1m^[22m[39m[31m[1m^[22m[39m[31m[1m^[22m[39m[31m[1m^[22m[39m[31m[1m^[22m[39m[31m[1m^[22m[39m[31m[1m^[22m[39m[31m[1m^[22m[39m[31m[1m^[22m[39m[31m[1m^[22m[39m[31m[1m^[22m[39m[31m[1m^[22m[39m[31m[1m^[22m[39m[31m[1m^[22m[39m[31m[1m^[22m[39m[31m[1m^[22m[39m[31m[1m^[22m[39m[31m[1m^[22m[39m[31m[1m^[22m[39m[31m[1m^[22m[39m[31m[1m^[22m[39m[31m[1m^[22m[39m
 [90m 5 |[39m
 [90m 6 |[39m [90m//#region src/interrupt.ts[39m
 [90m 7 |[39m [90m/**[39m[0m



Import trace:
  App Route:
    ./node_modules/@langchain/langgraph/dist/interrupt.js
    ./node_modules/@langchain/langgraph/dist/index.js
    ./src/lib/langgraph-rag.ts
    ./src/app/api/technical/rag/chat/route.ts

https://nextjs.org/docs/messages/module-not-found


./node_modules/@langchain/langgraph/dist/pregel/call.js:4:1
Module not found: Can't resolve '@langchain/core/singletons'
[0m [90m 2 |[39m [36mimport[39m { [33mRunnableCallable[39m } [36mfrom[39m [32m"../utils.js"[39m[33m;[39m
 [90m 3 |[39m [36mimport[39m { [33mChannelWrite[39m[33m,[39m [33mPASSTHROUGH[39m } [36mfrom[39m [32m"./write.js"[39m[33m;[39m
[31m[1m>[22m[39m[90m 4 |[39m [36mimport[39m { [33mAsyncLocalStorageProviderSingleton[39m } [36mfrom[39m [32m"@langchain/core/singletons"[39m[33m;[39m
 [90m   |[39m [31m[1m^[22m[39m[31m[1m^[22m[39m[31m[1m^[22m[39m[31m[1m^[22m[39m[31m[1m^[22m[39m[31m[1m^[22m[39m[31m[1m^[22m[39m[31m[1m^[22m[39m[31m[1m^[22m[39m[31m[1m^[22m[39m[31m[1m^[22m[39m[31m[1m^[22m[39m[31m[1m^[22m[39m[31m[1m^[22m[39m[31m[1m^[22m[39m[31m[1m^[22m[39m[31m[1m^[22m[39m[31m[1m^[22m[39m[31m[1m^[22m[39m[31m[1m^[22m[39m[31m[1m^[22m[39m[31m[1m^[22m[39m[31m[1m^[22m[39m[31m[1m^[22m[39m[31m[1m^[22m[39m[31m[1m^[22m[39m[31m[1m^[22m[39m[31m[1m^[22m[39m[31m[1m^[22m[39m[31m[1m^[22m[39m[31m[1m^[22m[39m[31m[1m^[22m[39m[31m[1m^[22m[39m[31m[1m^[22m[39m[31m[1m^[22m[39m[31m[1m^[22m[39m[31m[1m^[22m[39m[31m[1m^[22m[39m[31m[1m^[22m[39m[31m[1m^[22m[39m[31m[1m^[22m[39m[31m[1m^[22m[39m[31m[1m^[22m[39m[31m[1m^[22m[39m[31m[1m^[22m[39m[31m[1m^[22m[39m[31m[1m^[22m[39m[31m[1m^[22m[39m[31m[1m^[22m[39m[31m[1m^[22m[39m[31m[1m^[22m[39m[31m[1m^[22m[39m[31m[1m^[22m[39m[31m[1m^[22m[39m[31m[1m^[22m[39m[31m[1m^[22m[39m[31m[1m^[22m[39m[31m[1m^[22m[39m[31m[1m^[22m[39m[31m[1m^[22m[39m[31m[1m^[22m[39m[31m[1m^[22m[39m[31m[1m^[22m[39m[31m[1m^[22m[39m[31m[1m^[22m[39m[31m[1m^[22m[39m[31m[1m^[22m[39m[31m[1m^[22m[39m[31m[1m^[22m[39m[31m[1m^[22m[39m[31m[1m^[22m[39m[31m[1m^[22m[39m[31m[1m^[22m[39m[31m[1m^[22m[39m[31m[1m^[22m[39m[31m[1m^[22m[39m[31m[1m^[22m[39m[31m[1m^[22m[39m[31m[1m^[22m[39m[31m[1m^[22m[39m
 [90m 5 |[39m [36mimport[39m { [33mRunnableSequence[39m } [36mfrom[39m [32m"@langchain/core/runnables"[39m[33m;[39m
 [90m 6 |[39m
 [90m 7 |[39m [90m//#region src/pregel/call.ts[39m[0m



Import trace:
  App Route:
    ./node_modules/@langchain/langgraph/dist/pregel/call.js
    ./node_modules/@langchain/langgraph/dist/func/index.js
    ./node_modules/@langchain/langgraph/dist/index.js
    ./src/lib/langgraph-rag.ts
    ./src/app/api/technical/rag/chat/route.ts

https://nextjs.org/docs/messages/module-not-found


./node_modules/@langchain/langgraph/dist/pregel/utils/config.js:2:1
Module not found: Can't resolve '@langchain/core/singletons'
[0m [90m 1 |[39m [36mimport[39m { [33mCHECKPOINT_NAMESPACE_END[39m[33m,[39m [33mCHECKPOINT_NAMESPACE_SEPARATOR[39m[33m,[39m [33mCONFIG_KEY_SCRATCHPAD[39m } [36mfrom[39m [32m"../../constants.js"[39m[33m;[39m
[31m[1m>[22m[39m[90m 2 |[39m [36mimport[39m { [33mAsyncLocalStorageProviderSingleton[39m } [36mfrom[39m [32m"@langchain/core/singletons"[39m[33m;[39m
 [90m   |[39m [31m[1m^[22m[39m[31m[1m^[22m[39m[31m[1m^[22m[39m[31m[1m^[22m[39m[31m[1m^[22m[39m[31m[1m^[22m[39m[31m[1m^[22m[39m[31m[1m^[22m[39m[31m[1m^[22m[39m[31m[1m^[22m[39m[31m[1m^[22m[39m[31m[1m^[22m[39m[31m[1m^[22m[39m[31m[1m^[22m[39m[31m[1m^[22m[39m[31m[1m^[22m[39m[31m[1m^[22m[39m[31m[1m^[22m[39m[31m[1m^[22m[39m[31m[1m^[22m[39m[31m[1m^[22m[39m[31m[1m^[22m[39m[31m[1m^[22m[39m[31m[1m^[22m[39m[31m[1m^[22m[39m[31m[1m^[22m[39m[31m[1m^[22m[39m[31m[1m^[22m[39m[31m[1m^[22m[39m[31m[1m^[22m[39m[31m[1m^[22m[39m[31m[1m^[22m[39m[31m[1m^[22m[39m[31m[1m^[22m[39m[31m[1m^[22m[39m[31m[1m^[22m[39m[31m[1m^[22m[39m[31m[1m^[22m[39m[31m[1m^[22m[39m[31m[1m^[22m[39m[31m[1m^[22m[39m[31m[1m^[22m[39m[31m[1m^[22m[39m[31m[1m^[22m[39m[31m[1m^[22m[39m[31m[1m^[22m[39m[31m[1m^[22m[39m[31m[1m^[22m[39m[31m[1m^[22m[39m[31m[1m^[22m[39m[31m[1m^[22m[39m[31m[1m^[22m[39m[31m[1m^[22m[39m[31m[1m^[22m[39m[31m[1m^[22m[39m[31m[1m^[22m[39m[31m[1m^[22m[39m[31m[1m^[22m[39m[31m[1m^[22m[39m[31m[1m^[22m[39m[31m[1m^[22m[39m[31m[1m^[22m[39m[31m[1m^[22m[39m[31m[1m^[22m[39m[31m[1m^[22m[39m[31m[1m^[22m[39m[31m[1m^[22m[39m[31m[1m^[22m[39m[31m[1m^[22m[39m[31m[1m^[22m[39m[31m[1m^[22m[39m[31m[1m^[22m[39m[31m[1m^[22m[39m[31m[1m^[22m[39m[31m[1m^[22m[39m[31m[1m^[22m[39m[31m[1m^[22m[39m[31m[1m^[22m[39m[31m[1m^[22m[39m[31m[1m^[22m[39m
 [90m 3 |[39m
 [90m 4 |[39m [90m//#region src/pregel/utils/config.ts[39m
 [90m 5 |[39m [36mconst[39m [33mCOPIABLE_KEYS[39m [33m=[39m [[0m



Import trace:
  App Route:
    ./node_modules/@langchain/langgraph/dist/pregel/utils/config.js
    ./node_modules/@langchain/langgraph/dist/index.js
    ./src/lib/langgraph-rag.ts
    ./src/app/api/technical/rag/chat/route.ts

https://nextjs.org/docs/messages/module-not-found


./node_modules/@langchain/langgraph/dist/setup/async_local_storage.js:1:1
Module not found: Can't resolve '@langchain/core/singletons'
[0m[31m[1m>[22m[39m[90m 1 |[39m [36mimport[39m { [33mAsyncLocalStorageProviderSingleton[39m } [36mfrom[39m [32m"@langchain/core/singletons"[39m[33m;[39m
 [90m   |[39m [31m[1m^[22m[39m[31m[1m^[22m[39m[31m[1m^[22m[39m[31m[1m^[22m[39m[31m[1m^[22m[39m[31m[1m^[22m[39m[31m[1m^[22m[39m[31m[1m^[22m[39m[31m[1m^[22m[39m[31m[1m^[22m[39m[31m[1m^[22m[39m[31m[1m^[22m[39m[31m[1m^[22m[39m[31m[1m^[22m[39m[31m[1m^[22m[39m[31m[1m^[22m[39m[31m[1m^[22m[39m[31m[1m^[22m[39m[31m[1m^[22m[39m[31m[1m^[22m[39m[31m[1m^[22m[39m[31m[1m^[22m[39m[31m[1m^[22m[39m[31m[1m^[22m[39m[31m[1m^[22m[39m[31m[1m^[22m[39m[31m[1m^[22m[39m[31m[1m^[22m[39m[31m[1m^[22m[39m[31m[1m^[22m[39m[31m[1m^[22m[39m[31m[1m^[22m[39m[31m[1m^[22m[39m[31m[1m^[22m[39m[31m[1m^[22m[39m[31m[1m^[22m[39m[31m[1m^[22m[39m[31m[1m^[22m[39m[31m[1m^[22m[39m[31m[1m^[22m[39m[31m[1m^[22m[39m[31m[1m^[22m[39m[31m[1m^[22m[39m[31m[1m^[22m[39m[31m[1m^[22m[39m[31m[1m^[22m[39m[31m[1m^[22m[39m[31m[1m^[22m[39m[31m[1m^[22m[39m[31m[1m^[22m[39m[31m[1m^[22m[39m[31m[1m^[22m[39m[31m[1m^[22m[39m[31m[1m^[22m[39m[31m[1m^[22m[39m[31m[1m^[22m[39m[31m[1m^[22m[39m[31m[1m^[22m[39m[31m[1m^[22m[39m[31m[1m^[22m[39m[31m[1m^[22m[39m[31m[1m^[22m[39m[31m[1m^[22m[39m[31m[1m^[22m[39m[31m[1m^[22m[39m[31m[1m^[22m[39m[31m[1m^[22m[39m[31m[1m^[22m[39m[31m[1m^[22m[39m[31m[1m^[22m[39m[31m[1m^[22m[39m[31m[1m^[22m[39m[31m[1m^[22m[39m[31m[1m^[22m[39m[31m[1m^[22m[39m[31m[1m^[22m[39m[31m[1m^[22m[39m[31m[1m^[22m[39m[31m[1m^[22m[39m[31m[1m^[22m[39m
 [90m 2 |[39m [36mimport[39m { [33mAsyncLocalStorage[39m } [36mfrom[39m [32m"node:async_hooks"[39m[33m;[39m
 [90m 3 |[39m
 [90m 4 |[39m [90m//#region src/setup/async_local_storage.ts[39m[0m



Import trace:
  App Route:
    ./node_modules/@langchain/langgraph/dist/setup/async_local_storage.js
    ./node_modules/@langchain/langgraph/dist/index.js
    ./src/lib/langgraph-rag.ts
    ./src/app/api/technical/rag/chat/route.ts

https://nextjs.org/docs/messages/module-not-found


./node_modules/@langchain/langgraph/dist/utils.js:2:1
Module not found: Can't resolve '@langchain/core/singletons'
[0m [90m 1 |[39m [36mimport[39m { ensureLangGraphConfig } [36mfrom[39m [32m"./pregel/utils/config.js"[39m[33m;[39m
[31m[1m>[22m[39m[90m 2 |[39m [36mimport[39m { [33mAsyncLocalStorageProviderSingleton[39m } [36mfrom[39m [32m"@langchain/core/singletons"[39m[33m;[39m
 [90m   |[39m [31m[1m^[22m[39m[31m[1m^[22m[39m[31m[1m^[22m[39m[31m[1m^[22m[39m[31m[1m^[22m[39m[31m[1m^[22m[39m[31m[1m^[22m[39m[31m[1m^[22m[39m[31m[1m^[22m[39m[31m[1m^[22m[39m[31m[1m^[22m[39m[31m[1m^[22m[39m[31m[1m^[22m[39m[31m[1m^[22m[39m[31m[1m^[22m[39m[31m[1m^[22m[39m[31m[1m^[22m[39m[31m[1m^[22m[39m[31m[1m^[22m[39m[31m[1m^[22m[39m[31m[1m^[22m[39m[31m[1m^[22m[39m[31m[1m^[22m[39m[31m[1m^[22m[39m[31m[1m^[22m[39m[31m[1m^[22m[39m[31m[1m^[22m[39m[31m[1m^[22m[39m[31m[1m^[22m[39m[31m[1m^[22m[39m[31m[1m^[22m[39m[31m[1m^[22m[39m[31m[1m^[22m[39m[31m[1m^[22m[39m[31m[1m^[22m[39m[31m[1m^[22m[39m[31m[1m^[22m[39m[31m[1m^[22m[39m[31m[1m^[22m[39m[31m[1m^[22m[39m[31m[1m^[22m[39m[31m[1m^[22m[39m[31m[1m^[22m[39m[31m[1m^[22m[39m[31m[1m^[22m[39m[31m[1m^[22m[39m[31m[1m^[22m[39m[31m[1m^[22m[39m[31m[1m^[22m[39m[31m[1m^[22m[39m[31m[1m^[22m[39m[31m[1m^[22m[39m[31m[1m^[22m[39m[31m[1m^[22m[39m[31m[1m^[22m[39m[31m[1m^[22m[39m[31m[1m^[22m[39m[31m[1m^[22m[39m[31m[1m^[22m[39m[31m[1m^[22m[39m[31m[1m^[22m[39m[31m[1m^[22m[39m[31m[1m^[22m[39m[31m[1m^[22m[39m[31m[1m^[22m[39m[31m[1m^[22m[39m[31m[1m^[22m[39m[31m[1m^[22m[39m[31m[1m^[22m[39m[31m[1m^[22m[39m[31m[1m^[22m[39m[31m[1m^[22m[39m[31m[1m^[22m[39m[31m[1m^[22m[39m[31m[1m^[22m[39m[31m[1m^[22m[39m[31m[1m^[22m[39m[31m[1m^[22m[39m[31m[1m^[22m[39m[31m[1m^[22m[39m
 [90m 3 |[39m [36mimport[39m { [33mRunnable[39m[33m,[39m mergeConfigs[33m,[39m patchConfig } [36mfrom[39m [32m"@langchain/core/runnables"[39m[33m;[39m
 [90m 4 |[39m
 [90m 5 |[39m [90m//#region src/utils.ts[39m[0m



Import trace:
  App Route:
    ./node_modules/@langchain/langgraph/dist/utils.js
    ./node_modules/@langchain/langgraph/dist/graph/state.js
    ./src/lib/langgraph-rag.ts
    ./src/app/api/technical/rag/chat/route.ts

https://nextjs.org/docs/messages/module-not-found


./node_modules/@langchain/langgraph/dist/writer.js:1:1
Module not found: Can't resolve '@langchain/core/singletons'
[0m[31m[1m>[22m[39m[90m 1 |[39m [36mimport[39m { [33mAsyncLocalStorageProviderSingleton[39m } [36mfrom[39m [32m"@langchain/core/singletons"[39m[33m;[39m
 [90m   |[39m [31m[1m^[22m[39m[31m[1m^[22m[39m[31m[1m^[22m[39m[31m[1m^[22m[39m[31m[1m^[22m[39m[31m[1m^[22m[39m[31m[1m^[22m[39m[31m[1m^[22m[39m[31m[1m^[22m[39m[31m[1m^[22m[39m[31m[1m^[22m[39m[31m[1m^[22m[39m[31m[1m^[22m[39m[31m[1m^[22m[39m[31m[1m^[22m[39m[31m[1m^[22m[39m[31m[1m^[22m[39m[31m[1m^[22m[39m[31m[1m^[22m[39m[31m[1m^[22m[39m[31m[1m^[22m[39m[31m[1m^[22m[39m[31m[1m^[22m[39m[31m[1m^[22m[39m[31m[1m^[22m[39m[31m[1m^[22m[39m[31m[1m^[22m[39m[31m[1m^[22m[39m[31m[1m^[22m[39m[31m[1m^[22m[39m[31m[1m^[22m[39m[31m[1m^[22m[39m[31m[1m^[22m[39m[31m[1m^[22m[39m[31m[1m^[22m[39m[31m[1m^[22m[39m[31m[1m^[22m[39m[31m[1m^[22m[39m[31m[1m^[22m[39m[31m[1m^[22m[39m[31m[1m^[22m[39m[31m[1m^[22m[39m[31m[1m^[22m[39m[31m[1m^[22m[39m[31m[1m^[22m[39m[31m[1m^[22m[39m[31m[1m^[22m[39m[31m[1m^[22m[39m[31m[1m^[22m[39m[31m[1m^[22m[39m[31m[1m^[22m[39m[31m[1m^[22m[39m[31m[1m^[22m[39m[31m[1m^[22m[39m[31m[1m^[22m[39m[31m[1m^[22m[39m[31m[1m^[22m[39m[31m[1m^[22m[39m[31m[1m^[22m[39m[31m[1m^[22m[39m[31m[1m^[22m[39m[31m[1m^[22m[39m[31m[1m^[22m[39m[31m[1m^[22m[39m[31m[1m^[22m[39m[31m[1m^[22m[39m[31m[1m^[22m[39m[31m[1m^[22m[39m[31m[1m^[22m[39m[31m[1m^[22m[39m[31m[1m^[22m[39m[31m[1m^[22m[39m[31m[1m^[22m[39m[31m[1m^[22m[39m[31m[1m^[22m[39m[31m[1m^[22m[39m[31m[1m^[22m[39m[31m[1m^[22m[39m[31m[1m^[22m[39m[31m[1m^[22m[39m
 [90m 2 |[39m
 [90m 3 |[39m [90m//#region src/writer.ts[39m
 [90m 4 |[39m [36mfunction[39m writer(chunk) {[0m



Import trace:
  App Route:
    ./node_modules/@langchain/langgraph/dist/writer.js
    ./node_modules/@langchain/langgraph/dist/index.js
    ./src/lib/langgraph-rag.ts
    ./src/app/api/technical/rag/chat/route.ts

https://nextjs.org/docs/messages/module-not-found


./node_modules/@langchain/mongodb/dist/storage.js:1:1
Module not found: Can't resolve '@langchain/core/stores'
[0m[31m[1m>[22m[39m[90m 1 |[39m [36mimport[39m { [33mBaseStore[39m } [36mfrom[39m [32m"@langchain/core/stores"[39m[33m;[39m
 [90m   |[39m [31m[1m^[22m[39m[31m[1m^[22m[39m[31m[1m^[22m[39m[31m[1m^[22m[39m[31m[1m^[22m[39m[31m[1m^[22m[39m[31m[1m^[22m[39m[31m[1m^[22m[39m[31m[1m^[22m[39m[31m[1m^[22m[39m[31m[1m^[22m[39m[31m[1m^[22m[39m[31m[1m^[22m[39m[31m[1m^[22m[39m[31m[1m^[22m[39m[31m[1m^[22m[39m[31m[1m^[22m[39m[31m[1m^[22m[39m[31m[1m^[22m[39m[31m[1m^[22m[39m[31m[1m^[22m[39m[31m[1m^[22m[39m[31m[1m^[22m[39m[31m[1m^[22m[39m[31m[1m^[22m[39m[31m[1m^[22m[39m[31m[1m^[22m[39m[31m[1m^[22m[39m[31m[1m^[22m[39m[31m[1m^[22m[39m[31m[1m^[22m[39m[31m[1m^[22m[39m[31m[1m^[22m[39m[31m[1m^[22m[39m[31m[1m^[22m[39m[31m[1m^[22m[39m[31m[1m^[22m[39m[31m[1m^[22m[39m[31m[1m^[22m[39m[31m[1m^[22m[39m[31m[1m^[22m[39m[31m[1m^[22m[39m[31m[1m^[22m[39m[31m[1m^[22m[39m[31m[1m^[22m[39m[31m[1m^[22m[39m[31m[1m^[22m[39m[31m[1m^[22m[39m[31m[1m^[22m[39m[31m[1m^[22m[39m[31m[1m^[22m[39m
 [90m 2 |[39m
 [90m 3 |[39m [90m//#region src/storage.ts[39m
 [90m 4 |[39m [90m/**[39m[0m



Import trace:
  App Route:
    ./node_modules/@langchain/mongodb/dist/storage.js
    ./node_modules/@langchain/mongodb/dist/index.js
    ./src/lib/rag-service.ts
    ./src/app/api/entities/[id]/checklist/route.ts

https://nextjs.org/docs/messages/module-not-found


./node_modules/@langchain/mongodb/dist/vectorstores.js:5:1
Module not found: Can't resolve '@langchain/core/utils/async_caller'
[0m [90m 3 |[39m [36mimport[39m { [33mDocument[39m } [36mfrom[39m [32m"@langchain/core/documents"[39m[33m;[39m
 [90m 4 |[39m [36mimport[39m { maximalMarginalRelevance } [36mfrom[39m [32m"@langchain/core/utils/math"[39m[33m;[39m
[31m[1m>[22m[39m[90m 5 |[39m [36mimport[39m { [33mAsyncCaller[39m } [36mfrom[39m [32m"@langchain/core/utils/async_caller"[39m[33m;[39m
 [90m   |[39m [31m[1m^[22m[39m[31m[1m^[22m[39m[31m[1m^[22m[39m[31m[1m^[22m[39m[31m[1m^[22m[39m[31m[1m^[22m[39m[31m[1m^[22m[39m[31m[1m^[22m[39m[31m[1m^[22m[39m[31m[1m^[22m[39m[31m[1m^[22m[39m[31m[1m^[22m[39m[31m[1m^[22m[39m[31m[1m^[22m[39m[31m[1m^[22m[39m[31m[1m^[22m[39m[31m[1m^[22m[39m[31m[1m^[22m[39m[31m[1m^[22m[39m[31m[1m^[22m[39m[31m[1m^[22m[39m[31m[1m^[22m[39m[31m[1m^[22m[39m[31m[1m^[22m[39m[31m[1m^[22m[39m[31m[1m^[22m[39m[31m[1m^[22m[39m[31m[1m^[22m[39m[31m[1m^[22m[39m[31m[1m^[22m[39m[31m[1m^[22m[39m[31m[1m^[22m[39m[31m[1m^[22m[39m[31m[1m^[22m[39m[31m[1m^[22m[39m[31m[1m^[22m[39m[31m[1m^[22m[39m[31m[1m^[22m[39m[31m[1m^[22m[39m[31m[1m^[22m[39m[31m[1m^[22m[39m[31m[1m^[22m[39m[31m[1m^[22m[39m[31m[1m^[22m[39m[31m[1m^[22m[39m[31m[1m^[22m[39m[31m[1m^[22m[39m[31m[1m^[22m[39m[31m[1m^[22m[39m[31m[1m^[22m[39m[31m[1m^[22m[39m[31m[1m^[22m[39m[31m[1m^[22m[39m[31m[1m^[22m[39m[31m[1m^[22m[39m[31m[1m^[22m[39m[31m[1m^[22m[39m[31m[1m^[22m[39m[31m[1m^[22m[39m[31m[1m^[22m[39m[31m[1m^[22m[39m[31m[1m^[22m[39m[31m[1m^[22m[39m[31m[1m^[22m[39m[31m[1m^[22m[39m
 [90m 6 |[39m
 [90m 7 |[39m [90m//#region src/vectorstores.ts[39m
 [90m 8 |[39m [90m/**[39m[0m



Import trace:
  App Route:
    ./node_modules/@langchain/mongodb/dist/vectorstores.js
    ./src/lib/rag-service.ts
    ./src/app/api/entities/[id]/checklist/route.ts

https://nextjs.org/docs/messages/module-not-found


./node_modules/@langchain/google-genai/dist/embeddings.js:4:1
Module not found: Can't resolve '@langchain/core/utils/chunk_array'
[0m [90m 2 |[39m [36mimport[39m { getEnvironmentVariable } [36mfrom[39m [32m"@langchain/core/utils/env"[39m[33m;[39m
 [90m 3 |[39m [36mimport[39m { [33mEmbeddings[39m } [36mfrom[39m [32m"@langchain/core/embeddings"[39m[33m;[39m
[31m[1m>[22m[39m[90m 4 |[39m [36mimport[39m { chunkArray } [36mfrom[39m [32m"@langchain/core/utils/chunk_array"[39m[33m;[39m
 [90m   |[39m [31m[1m^[22m[39m[31m[1m^[22m[39m[31m[1m^[22m[39m[31m[1m^[22m[39m[31m[1m^[22m[39m[31m[1m^[22m[39m[31m[1m^[22m[39m[31m[1m^[22m[39m[31m[1m^[22m[39m[31m[1m^[22m[39m[31m[1m^[22m[39m[31m[1m^[22m[39m[31m[1m^[22m[39m[31m[1m^[22m[39m[31m[1m^[22m[39m[31m[1m^[22m[39m[31m[1m^[22m[39m[31m[1m^[22m[39m[31m[1m^[22m[39m[31m[1m^[22m[39m[31m[1m^[22m[39m[31m[1m^[22m[39m[31m[1m^[22m[39m[31m[1m^[22m[39m[31m[1m^[22m[39m[31m[1m^[22m[39m[31m[1m^[22m[39m[31m[1m^[22m[39m[31m[1m^[22m[39m[31m[1m^[22m[39m[31m[1m^[22m[39m[31m[1m^[22m[39m[31m[1m^[22m[39m[31m[1m^[22m[39m[31m[1m^[22m[39m[31m[1m^[22m[39m[31m[1m^[22m[39m[31m[1m^[22m[39m[31m[1m^[22m[39m[31m[1m^[22m[39m[31m[1m^[22m[39m[31m[1m^[22m[39m[31m[1m^[22m[39m[31m[1m^[22m[39m[31m[1m^[22m[39m[31m[1m^[22m[39m[31m[1m^[22m[39m[31m[1m^[22m[39m[31m[1m^[22m[39m[31m[1m^[22m[39m[31m[1m^[22m[39m[31m[1m^[22m[39m[31m[1m^[22m[39m[31m[1m^[22m[39m[31m[1m^[22m[39m[31m[1m^[22m[39m[31m[1m^[22m[39m[31m[1m^[22m[39m[31m[1m^[22m[39m[31m[1m^[22m[39m[31m[1m^[22m[39m[31m[1m^[22m[39m[31m[1m^[22m[39m
 [90m 5 |[39m
 [90m 6 |[39m [90m//#region src/embeddings.ts[39m
 [90m 7 |[39m [90m/**[39m[0m



Import trace:
  App Route:
    ./node_modules/@langchain/google-genai/dist/embeddings.js
    ./src/lib/rag-service.ts
    ./src/app/api/entities/[id]/checklist/route.ts

https://nextjs.org/docs/messages/module-not-found


./node_modules/@langchain/mongodb/dist/vectorstores.js:2:1
Module not found: Can't resolve '@langchain/core/utils/chunk_array'
[0m [90m 1 |[39m [36mimport[39m { [33mVectorStore[39m } [36mfrom[39m [32m"@langchain/core/vectorstores"[39m[33m;[39m
[31m[1m>[22m[39m[90m 2 |[39m [36mimport[39m { chunkArray } [36mfrom[39m [32m"@langchain/core/utils/chunk_array"[39m[33m;[39m
 [90m   |[39m [31m[1m^[22m[39m[31m[1m^[22m[39m[31m[1m^[22m[39m[31m[1m^[22m[39m[31m[1m^[22m[39m[31m[1m^[22m[39m[31m[1m^[22m[39m[31m[1m^[22m[39m[31m[1m^[22m[39m[31m[1m^[22m[39m[31m[1m^[22m[39m[31m[1m^[22m[39m[31m[1m^[22m[39m[31m[1m^[22m[39m[31m[1m^[22m[39m[31m[1m^[22m[39m[31m[1m^[22m[39m[31m[1m^[22m[39m[31m[1m^[22m[39m[31m[1m^[22m[39m[31m[1m^[22m[39m[31m[1m^[22m[39m[31m[1m^[22m[39m[31m[1m^[22m[39m[31m[1m^[22m[39m[31m[1m^[22m[39m[31m[1m^[22m[39m[31m[1m^[22m[39m[31m[1m^[22m[39m[31m[1m^[22m[39m[31m[1m^[22m[39m[31m[1m^[22m[39m[31m[1m^[22m[39m[31m[1m^[22m[39m[31m[1m^[22m[39m[31m[1m^[22m[39m[31m[1m^[22m[39m[31m[1m^[22m[39m[31m[1m^[22m[39m[31m[1m^[22m[39m[31m[1m^[22m[39m[31m[1m^[22m[39m[31m[1m^[22m[39m[31m[1m^[22m[39m[31m[1m^[22m[39m[31m[1m^[22m[39m[31m[1m^[22m[39m[31m[1m^[22m[39m[31m[1m^[22m[39m[31m[1m^[22m[39m[31m[1m^[22m[39m[31m[1m^[22m[39m[31m[1m^[22m[39m[31m[1m^[22m[39m[31m[1m^[22m[39m[31m[1m^[22m[39m[31m[1m^[22m[39m[31m[1m^[22m[39m[31m[1m^[22m[39m[31m[1m^[22m[39m[31m[1m^[22m[39m[31m[1m^[22m[39m[31m[1m^[22m[39m
 [90m 3 |[39m [36mimport[39m { [33mDocument[39m } [36mfrom[39m [32m"@langchain/core/documents"[39m[33m;[39m
 [90m 4 |[39m [36mimport[39m { maximalMarginalRelevance } [36mfrom[39m [32m"@langchain/core/utils/math"[39m[33m;[39m
 [90m 5 |[39m [36mimport[39m { [33mAsyncCaller[39m } [36mfrom[39m [32m"@langchain/core/utils/async_caller"[39m[33m;[39m[0m



Import trace:
  App Route:
    ./node_modules/@langchain/mongodb/dist/vectorstores.js
    ./src/lib/rag-service.ts
    ./src/app/api/entities/[id]/checklist/route.ts

https://nextjs.org/docs/messages/module-not-found


./node_modules/@langchain/google-genai/dist/chat_models.js:7:1
Module not found: Can't resolve '@langchain/core/utils/env'
[0m [90m  5 |[39m [36mimport[39m profiles_default [36mfrom[39m [32m"./profiles.js"[39m[33m;[39m
 [90m  6 |[39m [36mimport[39m { [33mGoogleGenerativeAI[39m } [36mfrom[39m [32m"@google/generative-ai"[39m[33m;[39m
[31m[1m>[22m[39m[90m  7 |[39m [36mimport[39m { getEnvironmentVariable } [36mfrom[39m [32m"@langchain/core/utils/env"[39m[33m;[39m
 [90m    |[39m [31m[1m^[22m[39m[31m[1m^[22m[39m[31m[1m^[22m[39m[31m[1m^[22m[39m[31m[1m^[22m[39m[31m[1m^[22m[39m[31m[1m^[22m[39m[31m[1m^[22m[39m[31m[1m^[22m[39m[31m[1m^[22m[39m[31m[1m^[22m[39m[31m[1m^[22m[39m[31m[1m^[22m[39m[31m[1m^[22m[39m[31m[1m^[22m[39m[31m[1m^[22m[39m[31m[1m^[22m[39m[31m[1m^[22m[39m[31m[1m^[22m[39m[31m[1m^[22m[39m[31m[1m^[22m[39m[31m[1m^[22m[39m[31m[1m^[22m[39m[31m[1m^[22m[39m[31m[1m^[22m[39m[31m[1m^[22m[39m[31m[1m^[22m[39m[31m[1m^[22m[39m[31m[1m^[22m[39m[31m[1m^[22m[39m[31m[1m^[22m[39m[31m[1m^[22m[39m[31m[1m^[22m[39m[31m[1m^[22m[39m[31m[1m^[22m[39m[31m[1m^[22m[39m[31m[1m^[22m[39m[31m[1m^[22m[39m[31m[1m^[22m[39m[31m[1m^[22m[39m[31m[1m^[22m[39m[31m[1m^[22m[39m[31m[1m^[22m[39m[31m[1m^[22m[39m[31m[1m^[22m[39m[31m[1m^[22m[39m[31m[1m^[22m[39m[31m[1m^[22m[39m[31m[1m^[22m[39m[31m[1m^[22m[39m[31m[1m^[22m[39m[31m[1m^[22m[39m[31m[1m^[22m[39m[31m[1m^[22m[39m[31m[1m^[22m[39m[31m[1m^[22m[39m[31m[1m^[22m[39m[31m[1m^[22m[39m[31m[1m^[22m[39m[31m[1m^[22m[39m[31m[1m^[22m[39m[31m[1m^[22m[39m[31m[1m^[22m[39m[31m[1m^[22m[39m[31m[1m^[22m[39m[31m[1m^[22m[39m[31m[1m^[22m[39m
 [90m  8 |[39m [36mimport[39m { [33mBaseChatModel[39m } [36mfrom[39m [32m"@langchain/core/language_models/chat_models"[39m[33m;[39m
 [90m  9 |[39m [36mimport[39m { [33mRunnablePassthrough[39m[33m,[39m [33mRunnableSequence[39m } [36mfrom[39m [32m"@langchain/core/runnables"[39m[33m;[39m
 [90m 10 |[39m [36mimport[39m { isInteropZodSchema } [36mfrom[39m [32m"@langchain/core/utils/types"[39m[33m;[39m[0m



Import trace:
  App Route:
    ./node_modules/@langchain/google-genai/dist/chat_models.js
    ./node_modules/@langchain/google-genai/dist/index.js
    ./src/lib/rag-service.ts
    ./src/app/api/entities/[id]/checklist/route.ts

https://nextjs.org/docs/messages/module-not-found


./node_modules/@langchain/google-genai/dist/embeddings.js:2:1
Module not found: Can't resolve '@langchain/core/utils/env'
[0m [90m 1 |[39m [36mimport[39m { [33mGoogleGenerativeAI[39m } [36mfrom[39m [32m"@google/generative-ai"[39m[33m;[39m
[31m[1m>[22m[39m[90m 2 |[39m [36mimport[39m { getEnvironmentVariable } [36mfrom[39m [32m"@langchain/core/utils/env"[39m[33m;[39m
 [90m   |[39m [31m[1m^[22m[39m[31m[1m^[22m[39m[31m[1m^[22m[39m[31m[1m^[22m[39m[31m[1m^[22m[39m[31m[1m^[22m[39m[31m[1m^[22m[39m[31m[1m^[22m[39m[31m[1m^[22m[39m[31m[1m^[22m[39m[31m[1m^[22m[39m[31m[1m^[22m[39m[31m[1m^[22m[39m[31m[1m^[22m[39m[31m[1m^[22m[39m[31m[1m^[22m[39m[31m[1m^[22m[39m[31m[1m^[22m[39m[31m[1m^[22m[39m[31m[1m^[22m[39m[31m[1m^[22m[39m[31m[1m^[22m[39m[31m[1m^[22m[39m[31m[1m^[22m[39m[31m[1m^[22m[39m[31m[1m^[22m[39m[31m[1m^[22m[39m[31m[1m^[22m[39m[31m[1m^[22m[39m[31m[1m^[22m[39m[31m[1m^[22m[39m[31m[1m^[22m[39m[31m[1m^[22m[39m[31m[1m^[22m[39m[31m[1m^[22m[39m[31m[1m^[22m[39m[31m[1m^[22m[39m[31m[1m^[22m[39m[31m[1m^[22m[39m[31m[1m^[22m[39m[31m[1m^[22m[39m[31m[1m^[22m[39m[31m[1m^[22m[39m[31m[1m^[22m[39m[31m[1m^[22m[39m[31m[1m^[22m[39m[31m[1m^[22m[39m[31m[1m^[22m[39m[31m[1m^[22m[39m[31m[1m^[22m[39m[31m[1m^[22m[39m[31m[1m^[22m[39m[31m[1m^[22m[39m[31m[1m^[22m[39m[31m[1m^[22m[39m[31m[1m^[22m[39m[31m[1m^[22m[39m[31m[1m^[22m[39m[31m[1m^[22m[39m[31m[1m^[22m[39m[31m[1m^[22m[39m[31m[1m^[22m[39m[31m[1m^[22m[39m[31m[1m^[22m[39m[31m[1m^[22m[39m[31m[1m^[22m[39m[31m[1m^[22m[39m
 [90m 3 |[39m [36mimport[39m { [33mEmbeddings[39m } [36mfrom[39m [32m"@langchain/core/embeddings"[39m[33m;[39m
 [90m 4 |[39m [36mimport[39m { chunkArray } [36mfrom[39m [32m"@langchain/core/utils/chunk_array"[39m[33m;[39m
 [90m 5 |[39m[0m



Import trace:
  App Route:
    ./node_modules/@langchain/google-genai/dist/embeddings.js
    ./src/lib/rag-service.ts
    ./src/app/api/entities/[id]/checklist/route.ts

https://nextjs.org/docs/messages/module-not-found


./node_modules/@langchain/google-genai/dist/utils/common.js:4:1
Module not found: Can't resolve '@langchain/core/utils/function_calling'
[0m [90m 2 |[39m [36mimport[39m { [33mAIMessage[39m[33m,[39m [33mAIMessageChunk[39m[33m,[39m [33mChatMessage[39m[33m,[39m convertToProviderContentBlock[33m,[39m isAIMessage[33m,[39m isBaseMessage[33m,[39m isDataContentBlock[33m,[39m isToolMessage[33m,[39m parseBase64DataUrl } [36mfrom[39m [32m"@langchain/core/messages"[39m[33m;[39m
 [90m 3 |[39m [36mimport[39m { [33mChatGenerationChunk[39m } [36mfrom[39m [32m"@langchain/core/outputs"[39m[33m;[39m
[31m[1m>[22m[39m[90m 4 |[39m [36mimport[39m { isLangChainTool } [36mfrom[39m [32m"@langchain/core/utils/function_calling"[39m[33m;[39m
 [90m   |[39m [31m[1m^[22m[39m[31m[1m^[22m[39m[31m[1m^[22m[39m[31m[1m^[22m[39m[31m[1m^[22m[39m[31m[1m^[22m[39m[31m[1m^[22m[39m[31m[1m^[22m[39m[31m[1m^[22m[39m[31m[1m^[22m[39m[31m[1m^[22m[39m[31m[1m^[22m[39m[31m[1m^[22m[39m[31m[1m^[22m[39m[31m[1m^[22m[39m[31m[1m^[22m[39m[31m[1m^[22m[39m[31m[1m^[22m[39m[31m[1m^[22m[39m[31m[1m^[22m[39m[31m[1m^[22m[39m[31m[1m^[22m[39m[31m[1m^[22m[39m[31m[1m^[22m[39m[31m[1m^[22m[39m[31m[1m^[22m[39m[31m[1m^[22m[39m[31m[1m^[22m[39m[31m[1m^[22m[39m[31m[1m^[22m[39m[31m[1m^[22m[39m[31m[1m^[22m[39m[31m[1m^[22m[39m[31m[1m^[22m[39m[31m[1m^[22m[39m[31m[1m^[22m[39m[31m[1m^[22m[39m[31m[1m^[22m[39m[31m[1m^[22m[39m[31m[1m^[22m[39m[31m[1m^[22m[39m[31m[1m^[22m[39m[31m[1m^[22m[39m[31m[1m^[22m[39m[31m[1m^[22m[39m[31m[1m^[22m[39m[31m[1m^[22m[39m[31m[1m^[22m[39m[31m[1m^[22m[39m[31m[1m^[22m[39m[31m[1m^[22m[39m[31m[1m^[22m[39m[31m[1m^[22m[39m[31m[1m^[22m[39m[31m[1m^[22m[39m[31m[1m^[22m[39m[31m[1m^[22m[39m[31m[1m^[22m[39m[31m[1m^[22m[39m[31m[1m^[22m[39m[31m[1m^[22m[39m[31m[1m^[22m[39m[31m[1m^[22m[39m[31m[1m^[22m[39m[31m[1m^[22m[39m[31m[1m^[22m[39m[31m[1m^[22m[39m[31m[1m^[22m[39m[31m[1m^[22m[39m[31m[1m^[22m[39m[31m[1m^[22m[39m[31m[1m^[22m[39m[31m[1m^[22m[39m
 [90m 5 |[39m [36mimport[39m { isOpenAITool } [36mfrom[39m [32m"@langchain/core/language_models/base"[39m[33m;[39m
 [90m 6 |[39m [36mimport[39m { v4 } [36mfrom[39m [32m"uuid"[39m[33m;[39m
 [90m 7 |[39m[0m



Import trace:
  App Route:
    ./node_modules/@langchain/google-genai/dist/utils/common.js
    ./node_modules/@langchain/google-genai/dist/chat_models.js
    ./node_modules/@langchain/google-genai/dist/index.js
    ./src/lib/rag-service.ts
    ./src/app/api/entities/[id]/checklist/route.ts

https://nextjs.org/docs/messages/module-not-found


./node_modules/@langchain/google-genai/dist/utils/tools.js:4:1
Module not found: Can't resolve '@langchain/core/utils/function_calling'
[0m [90m 2 |[39m [36mimport[39m { convertToGenerativeAITools } [36mfrom[39m [32m"./common.js"[39m[33m;[39m
 [90m 3 |[39m [36mimport[39m { [33mFunctionCallingMode[39m } [36mfrom[39m [32m"@google/generative-ai"[39m[33m;[39m
[31m[1m>[22m[39m[90m 4 |[39m [36mimport[39m { isLangChainTool } [36mfrom[39m [32m"@langchain/core/utils/function_calling"[39m[33m;[39m
 [90m   |[39m [31m[1m^[22m[39m[31m[1m^[22m[39m[31m[1m^[22m[39m[31m[1m^[22m[39m[31m[1m^[22m[39m[31m[1m^[22m[39m[31m[1m^[22m[39m[31m[1m^[22m[39m[31m[1m^[22m[39m[31m[1m^[22m[39m[31m[1m^[22m[39m[31m[1m^[22m[39m[31m[1m^[22m[39m[31m[1m^[22m[39m[31m[1m^[22m[39m[31m[1m^[22m[39m[31m[1m^[22m[39m[31m[1m^[22m[39m[31m[1m^[22m[39m[31m[1m^[22m[39m[31m[1m^[22m[39m[31m[1m^[22m[39m[31m[1m^[22m[39m[31m[1m^[22m[39m[31m[1m^[22m[39m[31m[1m^[22m[39m[31m[1m^[22m[39m[31m[1m^[22m[39m[31m[1m^[22m[39m[31m[1m^[22m[39m[31m[1m^[22m[39m[31m[1m^[22m[39m[31m[1m^[22m[39m[31m[1m^[22m[39m[31m[1m^[22m[39m[31m[1m^[22m[39m[31m[1m^[22m[39m[31m[1m^[22m[39m[31m[1m^[22m[39m[31m[1m^[22m[39m[31m[1m^[22m[39m[31m[1m^[22m[39m[31m[1m^[22m[39m[31m[1m^[22m[39m[31m[1m^[22m[39m[31m[1m^[22m[39m[31m[1m^[22m[39m[31m[1m^[22m[39m[31m[1m^[22m[39m[31m[1m^[22m[39m[31m[1m^[22m[39m[31m[1m^[22m[39m[31m[1m^[22m[39m[31m[1m^[22m[39m[31m[1m^[22m[39m[31m[1m^[22m[39m[31m[1m^[22m[39m[31m[1m^[22m[39m[31m[1m^[22m[39m[31m[1m^[22m[39m[31m[1m^[22m[39m[31m[1m^[22m[39m[31m[1m^[22m[39m[31m[1m^[22m[39m[31m[1m^[22m[39m[31m[1m^[22m[39m[31m[1m^[22m[39m[31m[1m^[22m[39m[31m[1m^[22m[39m[31m[1m^[22m[39m[31m[1m^[22m[39m[31m[1m^[22m[39m[31m[1m^[22m[39m
 [90m 5 |[39m [36mimport[39m { isOpenAITool } [36mfrom[39m [32m"@langchain/core/language_models/base"[39m[33m;[39m
 [90m 6 |[39m
 [90m 7 |[39m [90m//#region src/utils/tools.ts[39m[0m



Import trace:
  App Route:
    ./node_modules/@langchain/google-genai/dist/utils/tools.js
    ./node_modules/@langchain/google-genai/dist/chat_models.js
    ./node_modules/@langchain/google-genai/dist/index.js
    ./src/lib/rag-service.ts
    ./src/app/api/entities/[id]/checklist/route.ts

https://nextjs.org/docs/messages/module-not-found


./node_modules/@langchain/google-genai/dist/utils/zod_to_genai_parameters.js:2:1
Module not found: Can't resolve '@langchain/core/utils/json_schema'
[0m [90m 1 |[39m [36mimport[39m { isInteropZodSchema } [36mfrom[39m [32m"@langchain/core/utils/types"[39m[33m;[39m
[31m[1m>[22m[39m[90m 2 |[39m [36mimport[39m { toJsonSchema } [36mfrom[39m [32m"@langchain/core/utils/json_schema"[39m[33m;[39m
 [90m   |[39m [31m[1m^[22m[39m[31m[1m^[22m[39m[31m[1m^[22m[39m[31m[1m^[22m[39m[31m[1m^[22m[39m[31m[1m^[22m[39m[31m[1m^[22m[39m[31m[1m^[22m[39m[31m[1m^[22m[39m[31m[1m^[22m[39m[31m[1m^[22m[39m[31m[1m^[22m[39m[31m[1m^[22m[39m[31m[1m^[22m[39m[31m[1m^[22m[39m[31m[1m^[22m[39m[31m[1m^[22m[39m[31m[1m^[22m[39m[31m[1m^[22m[39m[31m[1m^[22m[39m[31m[1m^[22m[39m[31m[1m^[22m[39m[31m[1m^[22m[39m[31m[1m^[22m[39m[31m[1m^[22m[39m[31m[1m^[22m[39m[31m[1m^[22m[39m[31m[1m^[22m[39m[31m[1m^[22m[39m[31m[1m^[22m[39m[31m[1m^[22m[39m[31m[1m^[22m[39m[31m[1m^[22m[39m[31m[1m^[22m[39m[31m[1m^[22m[39m[31m[1m^[22m[39m[31m[1m^[22m[39m[31m[1m^[22m[39m[31m[1m^[22m[39m[31m[1m^[22m[39m[31m[1m^[22m[39m[31m[1m^[22m[39m[31m[1m^[22m[39m[31m[1m^[22m[39m[31m[1m^[22m[39m[31m[1m^[22m[39m[31m[1m^[22m[39m[31m[1m^[22m[39m[31m[1m^[22m[39m[31m[1m^[22m[39m[31m[1m^[22m[39m[31m[1m^[22m[39m[31m[1m^[22m[39m[31m[1m^[22m[39m[31m[1m^[22m[39m[31m[1m^[22m[39m[31m[1m^[22m[39m[31m[1m^[22m[39m[31m[1m^[22m[39m[31m[1m^[22m[39m[31m[1m^[22m[39m[31m[1m^[22m[39m[31m[1m^[22m[39m[31m[1m^[22m[39m[31m[1m^[22m[39m
 [90m 3 |[39m
 [90m 4 |[39m [90m//#region src/utils/zod_to_genai_parameters.ts[39m
 [90m 5 |[39m [36mfunction[39m removeAdditionalProperties(obj) {[0m



Import trace:
  App Route:
    ./node_modules/@langchain/google-genai/dist/utils/zod_to_genai_parameters.js
    ./node_modules/@langchain/google-genai/dist/chat_models.js
    ./node_modules/@langchain/google-genai/dist/index.js
    ./src/lib/rag-service.ts
    ./src/app/api/entities/[id]/checklist/route.ts

https://nextjs.org/docs/messages/module-not-found


./node_modules/@langchain/mongodb/dist/vectorstores.js:4:1
Module not found: Can't resolve '@langchain/core/utils/math'
[0m [90m 2 |[39m [36mimport[39m { chunkArray } [36mfrom[39m [32m"@langchain/core/utils/chunk_array"[39m[33m;[39m
 [90m 3 |[39m [36mimport[39m { [33mDocument[39m } [36mfrom[39m [32m"@langchain/core/documents"[39m[33m;[39m
[31m[1m>[22m[39m[90m 4 |[39m [36mimport[39m { maximalMarginalRelevance } [36mfrom[39m [32m"@langchain/core/utils/math"[39m[33m;[39m
 [90m   |[39m [31m[1m^[22m[39m[31m[1m^[22m[39m[31m[1m^[22m[39m[31m[1m^[22m[39m[31m[1m^[22m[39m[31m[1m^[22m[39m[31m[1m^[22m[39m[31m[1m^[22m[39m[31m[1m^[22m[39m[31m[1m^[22m[39m[31m[1m^[22m[39m[31m[1m^[22m[39m[31m[1m^[22m[39m[31m[1m^[22m[39m[31m[1m^[22m[39m[31m[1m^[22m[39m[31m[1m^[22m[39m[31m[1m^[22m[39m[31m[1m^[22m[39m[31m[1m^[22m[39m[31m[1m^[22m[39m[31m[1m^[22m[39m[31m[1m^[22m[39m[31m[1m^[22m[39m[31m[1m^[22m[39m[31m[1m^[22m[39m[31m[1m^[22m[39m[31m[1m^[22m[39m[31m[1m^[22m[39m[31m[1m^[22m[39m[31m[1m^[22m[39m[31m[1m^[22m[39m[31m[1m^[22m[39m[31m[1m^[22m[39m[31m[1m^[22m[39m[31m[1m^[22m[39m[31m[1m^[22m[39m[31m[1m^[22m[39m[31m[1m^[22m[39m[31m[1m^[22m[39m[31m[1m^[22m[39m[31m[1m^[22m[39m[31m[1m^[22m[39m[31m[1m^[22m[39m[31m[1m^[22m[39m[31m[1m^[22m[39m[31m[1m^[22m[39m[31m[1m^[22m[39m[31m[1m^[22m[39m[31m[1m^[22m[39m[31m[1m^[22m[39m[31m[1m^[22m[39m[31m[1m^[22m[39m[31m[1m^[22m[39m[31m[1m^[22m[39m[31m[1m^[22m[39m[31m[1m^[22m[39m[31m[1m^[22m[39m[31m[1m^[22m[39m[31m[1m^[22m[39m[31m[1m^[22m[39m[31m[1m^[22m[39m[31m[1m^[22m[39m[31m[1m^[22m[39m[31m[1m^[22m[39m[31m[1m^[22m[39m[31m[1m^[22m[39m[31m[1m^[22m[39m[31m[1m^[22m[39m[31m[1m^[22m[39m
 [90m 5 |[39m [36mimport[39m { [33mAsyncCaller[39m } [36mfrom[39m [32m"@langchain/core/utils/async_caller"[39m[33m;[39m
 [90m 6 |[39m
 [90m 7 |[39m [90m//#region src/vectorstores.ts[39m[0m



Import trace:
  App Route:
    ./node_modules/@langchain/mongodb/dist/vectorstores.js
    ./src/lib/rag-service.ts
    ./src/app/api/entities/[id]/checklist/route.ts

https://nextjs.org/docs/messages/module-not-found


./node_modules/@langchain/langgraph/dist/pregel/stream.js:1:1
Module not found: Can't resolve '@langchain/core/utils/stream'
[0m[31m[1m>[22m[39m[90m 1 |[39m [36mimport[39m { [33mIterableReadableStream[39m } [36mfrom[39m [32m"@langchain/core/utils/stream"[39m[33m;[39m
 [90m   |[39m [31m[1m^[22m[39m[31m[1m^[22m[39m[31m[1m^[22m[39m[31m[1m^[22m[39m[31m[1m^[22m[39m[31m[1m^[22m[39m[31m[1m^[22m[39m[31m[1m^[22m[39m[31m[1m^[22m[39m[31m[1m^[22m[39m[31m[1m^[22m[39m[31m[1m^[22m[39m[31m[1m^[22m[39m[31m[1m^[22m[39m[31m[1m^[22m[39m[31m[1m^[22m[39m[31m[1m^[22m[39m[31m[1m^[22m[39m[31m[1m^[22m[39m[31m[1m^[22m[39m[31m[1m^[22m[39m[31m[1m^[22m[39m[31m[1m^[22m[39m[31m[1m^[22m[39m[31m[1m^[22m[39m[31m[1m^[22m[39m[31m[1m^[22m[39m[31m[1m^[22m[39m[31m[1m^[22m[39m[31m[1m^[22m[39m[31m[1m^[22m[39m[31m[1m^[22m[39m[31m[1m^[22m[39m[31m[1m^[22m[39m[31m[1m^[22m[39m[31m[1m^[22m[39m[31m[1m^[22m[39m[31m[1m^[22m[39m[31m[1m^[22m[39m[31m[1m^[22m[39m[31m[1m^[22m[39m[31m[1m^[22m[39m[31m[1m^[22m[39m[31m[1m^[22m[39m[31m[1m^[22m[39m[31m[1m^[22m[39m[31m[1m^[22m[39m[31m[1m^[22m[39m[31m[1m^[22m[39m[31m[1m^[22m[39m[31m[1m^[22m[39m[31m[1m^[22m[39m[31m[1m^[22m[39m[31m[1m^[22m[39m[31m[1m^[22m[39m[31m[1m^[22m[39m[31m[1m^[22m[39m[31m[1m^[22m[39m[31m[1m^[22m[39m[31m[1m^[22m[39m[31m[1m^[22m[39m[31m[1m^[22m[39m[31m[1m^[22m[39m[31m[1m^[22m[39m[31m[1m^[22m[39m[31m[1m^[22m[39m[31m[1m^[22m[39m[31m[1m^[22m[39m[31m[1m^[22m[39m[31m[1m^[22m[39m
 [90m 2 |[39m
 [90m 3 |[39m [90m//#region src/pregel/stream.ts[39m
 [90m 4 |[39m [90m/**[39m[0m



Import trace:
  App Route:
    ./node_modules/@langchain/langgraph/dist/pregel/stream.js
    ./node_modules/@langchain/langgraph/dist/pregel/index.js
    ./node_modules/@langchain/langgraph/dist/graph/graph.js
    ./node_modules/@langchain/langgraph/dist/index.js
    ./src/lib/langgraph-rag.ts
    ./src/app/api/technical/rag/chat/route.ts

https://nextjs.org/docs/messages/module-not-found


./node_modules/@langchain/textsplitters/dist/text_splitter.js:2:1
Module not found: Can't resolve '@langchain/core/utils/tiktoken'
[0m [90m 1 |[39m [36mimport[39m { [33mBaseDocumentTransformer[39m[33m,[39m [33mDocument[39m } [36mfrom[39m [32m"@langchain/core/documents"[39m[33m;[39m
[31m[1m>[22m[39m[90m 2 |[39m [36mimport[39m { getEncoding } [36mfrom[39m [32m"@langchain/core/utils/tiktoken"[39m[33m;[39m
 [90m   |[39m [31m[1m^[22m[39m[31m[1m^[22m[39m[31m[1m^[22m[39m[31m[1m^[22m[39m[31m[1m^[22m[39m[31m[1m^[22m[39m[31m[1m^[22m[39m[31m[1m^[22m[39m[31m[1m^[22m[39m[31m[1m^[22m[39m[31m[1m^[22m[39m[31m[1m^[22m[39m[31m[1m^[22m[39m[31m[1m^[22m[39m[31m[1m^[22m[39m[31m[1m^[22m[39m[31m[1m^[22m[39m[31m[1m^[22m[39m[31m[1m^[22m[39m[31m[1m^[22m[39m[31m[1m^[22m[39m[31m[1m^[22m[39m[31m[1m^[22m[39m[31m[1m^[22m[39m[31m[1m^[22m[39m[31m[1m^[22m[39m[31m[1m^[22m[39m[31m[1m^[22m[39m[31m[1m^[22m[39m[31m[1m^[22m[39m[31m[1m^[22m[39m[31m[1m^[22m[39m[31m[1m^[22m[39m[31m[1m^[22m[39m[31m[1m^[22m[39m[31m[1m^[22m[39m[31m[1m^[22m[39m[31m[1m^[22m[39m[31m[1m^[22m[39m[31m[1m^[22m[39m[31m[1m^[22m[39m[31m[1m^[22m[39m[31m[1m^[22m[39m[31m[1m^[22m[39m[31m[1m^[22m[39m[31m[1m^[22m[39m[31m[1m^[22m[39m[31m[1m^[22m[39m[31m[1m^[22m[39m[31m[1m^[22m[39m[31m[1m^[22m[39m[31m[1m^[22m[39m[31m[1m^[22m[39m[31m[1m^[22m[39m[31m[1m^[22m[39m[31m[1m^[22m[39m[31m[1m^[22m[39m[31m[1m^[22m[39m[31m[1m^[22m[39m[31m[1m^[22m[39m[31m[1m^[22m[39m
 [90m 3 |[39m
 [90m 4 |[39m [90m//#region src/text_splitter.ts[39m
 [90m 5 |[39m [36mvar[39m [33mTextSplitter[39m [33m=[39m [36mclass[39m [36mextends[39m [33mBaseDocumentTransformer[39m {[0m



Import trace:
  App Route:
    ./node_modules/@langchain/textsplitters/dist/text_splitter.js
    ./src/lib/chunk-utils.ts
    ./src/app/api/v1/documents/ingest/route.ts

https://nextjs.org/docs/messages/module-not-found


./node_modules/@langchain/google-genai/dist/chat_models.js:10:1
Module not found: Can't resolve '@langchain/core/utils/types'
[0m [90m  8 |[39m [36mimport[39m { [33mBaseChatModel[39m } [36mfrom[39m [32m"@langchain/core/language_models/chat_models"[39m[33m;[39m
 [90m  9 |[39m [36mimport[39m { [33mRunnablePassthrough[39m[33m,[39m [33mRunnableSequence[39m } [36mfrom[39m [32m"@langchain/core/runnables"[39m[33m;[39m
[31m[1m>[22m[39m[90m 10 |[39m [36mimport[39m { isInteropZodSchema } [36mfrom[39m [32m"@langchain/core/utils/types"[39m[33m;[39m
 [90m    |[39m [31m[1m^[22m[39m[31m[1m^[22m[39m[31m[1m^[22m[39m[31m[1m^[22m[39m[31m[1m^[22m[39m[31m[1m^[22m[39m[31m[1m^[22m[39m[31m[1m^[22m[39m[31m[1m^[22m[39m[31m[1m^[22m[39m[31m[1m^[22m[39m[31m[1m^[22m[39m[31m[1m^[22m[39m[31m[1m^[22m[39m[31m[1m^[22m[39m[31m[1m^[22m[39m[31m[1m^[22m[39m[31m[1m^[22m[39m[31m[1m^[22m[39m[31m[1m^[22m[39m[31m[1m^[22m[39m[31m[1m^[22m[39m[31m[1m^[22m[39m[31m[1m^[22m[39m[31m[1m^[22m[39m[31m[1m^[22m[39m[31m[1m^[22m[39m[31m[1m^[22m[39m[31m[1m^[22m[39m[31m[1m^[22m[39m[31m[1m^[22m[39m[31m[1m^[22m[39m[31m[1m^[22m[39m[31m[1m^[22m[39m[31m[1m^[22m[39m[31m[1m^[22m[39m[31m[1m^[22m[39m[31m[1m^[22m[39m[31m[1m^[22m[39m[31m[1m^[22m[39m[31m[1m^[22m[39m[31m[1m^[22m[39m[31m[1m^[22m[39m[31m[1m^[22m[39m[31m[1m^[22m[39m[31m[1m^[22m[39m[31m[1m^[22m[39m[31m[1m^[22m[39m[31m[1m^[22m[39m[31m[1m^[22m[39m[31m[1m^[22m[39m[31m[1m^[22m[39m[31m[1m^[22m[39m[31m[1m^[22m[39m[31m[1m^[22m[39m[31m[1m^[22m[39m[31m[1m^[22m[39m[31m[1m^[22m[39m[31m[1m^[22m[39m[31m[1m^[22m[39m[31m[1m^[22m[39m[31m[1m^[22m[39m[31m[1m^[22m[39m[31m[1m^[22m[39m[31m[1m^[22m[39m
 [90m 11 |[39m [36mimport[39m { [33mJsonOutputParser[39m } [36mfrom[39m [32m"@langchain/core/output_parsers"[39m[33m;[39m
 [90m 12 |[39m
 [90m 13 |[39m [90m//#region src/chat_models.ts[39m[0m



Import trace:
  App Route:
    ./node_modules/@langchain/google-genai/dist/chat_models.js
    ./node_modules/@langchain/google-genai/dist/index.js
    ./src/lib/rag-service.ts
    ./src/app/api/entities/[id]/checklist/route.ts

https://nextjs.org/docs/messages/module-not-found


./node_modules/@langchain/google-genai/dist/output_parsers.js:1:1
Module not found: Can't resolve '@langchain/core/utils/types'
[0m[31m[1m>[22m[39m[90m 1 |[39m [36mimport[39m { interopSafeParseAsync } [36mfrom[39m [32m"@langchain/core/utils/types"[39m[33m;[39m
 [90m   |[39m [31m[1m^[22m[39m[31m[1m^[22m[39m[31m[1m^[22m[39m[31m[1m^[22m[39m[31m[1m^[22m[39m[31m[1m^[22m[39m[31m[1m^[22m[39m[31m[1m^[22m[39m[31m[1m^[22m[39m[31m[1m^[22m[39m[31m[1m^[22m[39m[31m[1m^[22m[39m[31m[1m^[22m[39m[31m[1m^[22m[39m[31m[1m^[22m[39m[31m[1m^[22m[39m[31m[1m^[22m[39m[31m[1m^[22m[39m[31m[1m^[22m[39m[31m[1m^[22m[39m[31m[1m^[22m[39m[31m[1m^[22m[39m[31m[1m^[22m[39m[31m[1m^[22m[39m[31m[1m^[22m[39m[31m[1m^[22m[39m[31m[1m^[22m[39m[31m[1m^[22m[39m[31m[1m^[22m[39m[31m[1m^[22m[39m[31m[1m^[22m[39m[31m[1m^[22m[39m[31m[1m^[22m[39m[31m[1m^[22m[39m[31m[1m^[22m[39m[31m[1m^[22m[39m[31m[1m^[22m[39m[31m[1m^[22m[39m[31m[1m^[22m[39m[31m[1m^[22m[39m[31m[1m^[22m[39m[31m[1m^[22m[39m[31m[1m^[22m[39m[31m[1m^[22m[39m[31m[1m^[22m[39m[31m[1m^[22m[39m[31m[1m^[22m[39m[31m[1m^[22m[39m[31m[1m^[22m[39m[31m[1m^[22m[39m[31m[1m^[22m[39m[31m[1m^[22m[39m[31m[1m^[22m[39m[31m[1m^[22m[39m[31m[1m^[22m[39m[31m[1m^[22m[39m[31m[1m^[22m[39m[31m[1m^[22m[39m[31m[1m^[22m[39m[31m[1m^[22m[39m[31m[1m^[22m[39m[31m[1m^[22m[39m[31m[1m^[22m[39m[31m[1m^[22m[39m[31m[1m^[22m[39m[31m[1m^[22m[39m[31m[1m^[22m[39m[31m[1m^[22m[39m
 [90m 2 |[39m [36mimport[39m { [33mBaseLLMOutputParser[39m[33m,[39m [33mOutputParserException[39m } [36mfrom[39m [32m"@langchain/core/output_parsers"[39m[33m;[39m
 [90m 3 |[39m
 [90m 4 |[39m [90m//#region src/output_parsers.ts[39m[0m



Import trace:
  App Route:
    ./node_modules/@langchain/google-genai/dist/output_parsers.js
    ./node_modules/@langchain/google-genai/dist/chat_models.js
    ./node_modules/@langchain/google-genai/dist/index.js
    ./src/lib/rag-service.ts
    ./src/app/api/entities/[id]/checklist/route.ts

https://nextjs.org/docs/messages/module-not-found


./node_modules/@langchain/google-genai/dist/utils/zod_to_genai_parameters.js:1:1
Module not found: Can't resolve '@langchain/core/utils/types'
[0m[31m[1m>[22m[39m[90m 1 |[39m [36mimport[39m { isInteropZodSchema } [36mfrom[39m [32m"@langchain/core/utils/types"[39m[33m;[39m
 [90m   |[39m [31m[1m^[22m[39m[31m[1m^[22m[39m[31m[1m^[22m[39m[31m[1m^[22m[39m[31m[1m^[22m[39m[31m[1m^[22m[39m[31m[1m^[22m[39m[31m[1m^[22m[39m[31m[1m^[22m[39m[31m[1m^[22m[39m[31m[1m^[22m[39m[31m[1m^[22m[39m[31m[1m^[22m[39m[31m[1m^[22m[39m[31m[1m^[22m[39m[31m[1m^[22m[39m[31m[1m^[22m[39m[31m[1m^[22m[39m[31m[1m^[22m[39m[31m[1m^[22m[39m[31m[1m^[22m[39m[31m[1m^[22m[39m[31m[1m^[22m[39m[31m[1m^[22m[39m[31m[1m^[22m[39m[31m[1m^[22m[39m[31m[1m^[22m[39m[31m[1m^[22m[39m[31m[1m^[22m[39m[31m[1m^[22m[39m[31m[1m^[22m[39m[31m[1m^[22m[39m[31m[1m^[22m[39m[31m[1m^[22m[39m[31m[1m^[22m[39m[31m[1m^[22m[39m[31m[1m^[22m[39m[31m[1m^[22m[39m[31m[1m^[22m[39m[31m[1m^[22m[39m[31m[1m^[22m[39m[31m[1m^[22m[39m[31m[1m^[22m[39m[31m[1m^[22m[39m[31m[1m^[22m[39m[31m[1m^[22m[39m[31m[1m^[22m[39m[31m[1m^[22m[39m[31m[1m^[22m[39m[31m[1m^[22m[39m[31m[1m^[22m[39m[31m[1m^[22m[39m[31m[1m^[22m[39m[31m[1m^[22m[39m[31m[1m^[22m[39m[31m[1m^[22m[39m[31m[1m^[22m[39m[31m[1m^[22m[39m[31m[1m^[22m[39m[31m[1m^[22m[39m[31m[1m^[22m[39m[31m[1m^[22m[39m[31m[1m^[22m[39m[31m[1m^[22m[39m[31m[1m^[22m[39m
 [90m 2 |[39m [36mimport[39m { toJsonSchema } [36mfrom[39m [32m"@langchain/core/utils/json_schema"[39m[33m;[39m
 [90m 3 |[39m
 [90m 4 |[39m [90m//#region src/utils/zod_to_genai_parameters.ts[39m[0m



Import trace:
  App Route:
    ./node_modules/@langchain/google-genai/dist/utils/zod_to_genai_parameters.js
    ./node_modules/@langchain/google-genai/dist/chat_models.js
    ./node_modules/@langchain/google-genai/dist/index.js
    ./src/lib/rag-service.ts
    ./src/app/api/entities/[id]/checklist/route.ts

https://nextjs.org/docs/messages/module-not-found


./node_modules/@langchain/langgraph/dist/graph/state.js:17:1
Module not found: Can't resolve '@langchain/core/utils/types'
[0m [90m 15 |[39m [36mimport[39m { isStateDefinitionInit[33m,[39m isStateGraphInit } [36mfrom[39m [32m"./types.js"[39m[33m;[39m
 [90m 16 |[39m [36mimport[39m { [33mRunnable[39m[33m,[39m _coerceToRunnable } [36mfrom[39m [32m"@langchain/core/runnables"[39m[33m;[39m
[31m[1m>[22m[39m[90m 17 |[39m [36mimport[39m { interopParse[33m,[39m interopZodObjectPartial[33m,[39m isInteropZodObject } [36mfrom[39m [32m"@langchain/core/utils/types"[39m[33m;[39m
 [90m    |[39m [31m[1m^[22m[39m[31m[1m^[22m[39m[31m[1m^[22m[39m[31m[1m^[22m[39m[31m[1m^[22m[39m[31m[1m^[22m[39m[31m[1m^[22m[39m[31m[1m^[22m[39m[31m[1m^[22m[39m[31m[1m^[22m[39m[31m[1m^[22m[39m[31m[1m^[22m[39m[31m[1m^[22m[39m[31m[1m^[22m[39m[31m[1m^[22m[39m[31m[1m^[22m[39m[31m[1m^[22m[39m[31m[1m^[22m[39m[31m[1m^[22m[39m[31m[1m^[22m[39m[31m[1m^[22m[39m[31m[1m^[22m[39m[31m[1m^[22m[39m[31m[1m^[22m[39m[31m[1m^[22m[39m[31m[1m^[22m[39m[31m[1m^[22m[39m[31m[1m^[22m[39m[31m[1m^[22m[39m[31m[1m^[22m[39m[31m[1m^[22m[39m[31m[1m^[22m[39m[31m[1m^[22m[39m[31m[1m^[22m[39m[31m[1m^[22m[39m[31m[1m^[22m[39m[31m[1m^[22m[39m[31m[1m^[22m[39m[31m[1m^[22m[39m[31m[1m^[22m[39m[31m[1m^[22m[39m[31m[1m^[22m[39m[31m[1m^[22m[39m[31m[1m^[22m[39m[31m[1m^[22m[39m[31m[1m^[22m[39m[31m[1m^[22m[39m[31m[1m^[22m[39m[31m[1m^[22m[39m[31m[1m^[22m[39m[31m[1m^[22m[39m[31m[1m^[22m[39m[31m[1m^[22m[39m[31m[1m^[22m[39m[31m[1m^[22m[39m[31m[1m^[22m[39m[31m[1m^[22m[39m[31m[1m^[22m[39m[31m[1m^[22m[39m[31m[1m^[22m[39m[31m[1m^[22m[39m[31m[1m^[22m[39m[31m[1m^[22m[39m[31m[1m^[22m[39m[31m[1m^[22m[39m[31m[1m^[22m[39m[31m[1m^[22m[39m[31m[1m^[22m[39m[31m[1m^[22m[39m[31m[1m^[22m[39m[31m[1m^[22m[39m[31m[1m^[22m[39m[31m[1m^[22m[39m[31m[1m^[22m[39m[31m[1m^[22m[39m[31m[1m^[22m[39m[31m[1m^[22m[39m[31m[1m^[22m[39m[31m[1m^[22m[39m[31m[1m^[22m[39m[31m[1m^[22m[39m[31m[1m^[22m[39m[31m[1m^[22m[39m[31m[1m^[22m[39m[31m[1m^[22m[39m[31m[1m^[22m[39m[31m[1m^[22m[39m[31m[1m^[22m[39m[31m[1m^[22m[39m[31m[1m^[22m[39m[31m[1m^[22m[39m[31m[1m^[22m[39m[31m[1m^[22m[39m[31m[1m^[22m[39m[31m[1m^[22m[39m[31m[1m^[22m[39m[31m[1m^[22m[39m[31m[1m^[22m[39m[31m[1m^[22m[39m[31m[1m^[22m[39m[31m[1m^[22m[39m[31m[1m^[22m[39m[31m[1m^[22m[39m[31m[1m^[22m[39m
 [90m 18 |[39m
 [90m 19 |[39m [90m//#region src/graph/state.ts[39m
 [90m 20 |[39m [36mconst[39m [33mROOT[39m [33m=[39m [32m"__root__"[39m[33m;[39m[0m



Import trace:
  App Route:
    ./node_modules/@langchain/langgraph/dist/graph/state.js
    ./src/lib/langgraph-rag.ts
    ./src/app/api/technical/rag/chat/route.ts

https://nextjs.org/docs/messages/module-not-found


./node_modules/@langchain/langgraph/dist/graph/types.js:4:1
Module not found: Can't resolve '@langchain/core/utils/types'
[0m [90m 2 |[39m [36mimport[39m { [33mEND[39m } [36mfrom[39m [32m"../constants.js"[39m[33m;[39m
 [90m 3 |[39m [36mimport[39m { [33mStateSchema[39m } [36mfrom[39m [32m"../state/schema.js"[39m[33m;[39m
[31m[1m>[22m[39m[90m 4 |[39m [36mimport[39m { isInteropZodObject } [36mfrom[39m [32m"@langchain/core/utils/types"[39m[33m;[39m
 [90m   |[39m [31m[1m^[22m[39m[31m[1m^[22m[39m[31m[1m^[22m[39m[31m[1m^[22m[39m[31m[1m^[22m[39m[31m[1m^[22m[39m[31m[1m^[22m[39m[31m[1m^[22m[39m[31m[1m^[22m[39m[31m[1m^[22m[39m[31m[1m^[22m[39m[31m[1m^[22m[39m[31m[1m^[22m[39m[31m[1m^[22m[39m[31m[1m^[22m[39m[31m[1m^[22m[39m[31m[1m^[22m[39m[31m[1m^[22m[39m[31m[1m^[22m[39m[31m[1m^[22m[39m[31m[1m^[22m[39m[31m[1m^[22m[39m[31m[1m^[22m[39m[31m[1m^[22m[39m[31m[1m^[22m[39m[31m[1m^[22m[39m[31m[1m^[22m[39m[31m[1m^[22m[39m[31m[1m^[22m[39m[31m[1m^[22m[39m[31m[1m^[22m[39m[31m[1m^[22m[39m[31m[1m^[22m[39m[31m[1m^[22m[39m[31m[1m^[22m[39m[31m[1m^[22m[39m[31m[1m^[22m[39m[31m[1m^[22m[39m[31m[1m^[22m[39m[31m[1m^[22m[39m[31m[1m^[22m[39m[31m[1m^[22m[39m[31m[1m^[22m[39m[31m[1m^[22m[39m[31m[1m^[22m[39m[31m[1m^[22m[39m[31m[1m^[22m[39m[31m[1m^[22m[39m[31m[1m^[22m[39m[31m[1m^[22m[39m[31m[1m^[22m[39m[31m[1m^[22m[39m[31m[1m^[22m[39m[31m[1m^[22m[39m[31m[1m^[22m[39m[31m[1m^[22m[39m[31m[1m^[22m[39m[31m[1m^[22m[39m[31m[1m^[22m[39m[31m[1m^[22m[39m[31m[1m^[22m[39m[31m[1m^[22m[39m[31m[1m^[22m[39m[31m[1m^[22m[39m[31m[1m^[22m[39m
 [90m 5 |[39m
 [90m 6 |[39m [90m//#region src/graph/types.ts[39m
 [90m 7 |[39m [90m/**[39m[0m



Import trace:
  App Route:
    ./node_modules/@langchain/langgraph/dist/graph/types.js
    ./node_modules/@langchain/langgraph/dist/graph/state.js
    ./src/lib/langgraph-rag.ts
    ./src/app/api/technical/rag/chat/route.ts

https://nextjs.org/docs/messages/module-not-found


./node_modules/@langchain/langgraph/dist/graph/zod/meta.js:3:1
Module not found: Can't resolve '@langchain/core/utils/types'
[0m [90m 1 |[39m [36mimport[39m { [33mBinaryOperatorAggregate[39m } [36mfrom[39m [32m"../../channels/binop.js"[39m[33m;[39m
 [90m 2 |[39m [36mimport[39m { [33mLastValue[39m } [36mfrom[39m [32m"../../channels/last_value.js"[39m[33m;[39m
[31m[1m>[22m[39m[90m 3 |[39m [36mimport[39m { extendInteropZodObject[33m,[39m getInteropZodDefaultGetter[33m,[39m getInteropZodObjectShape[33m,[39m getSchemaDescription[33m,[39m interopZodObjectPartial[33m,[39m isZodSchemaV3 } [36mfrom[39m [32m"@langchain/core/utils/types"[39m[33m;[39m
 [90m   |[39m [31m[1m^[22m[39m[31m[1m^[22m[39m[31m[1m^[22m[39m[31m[1m^[22m[39m[31m[1m^[22m[39m[31m[1m^[22m[39m[31m[1m^[22m[39m[31m[1m^[22m[39m[31m[1m^[22m[39m[31m[1m^[22m[39m[31m[1m^[22m[39m[31m[1m^[22m[39m[31m[1m^[22m[39m[31m[1m^[22m[39m[31m[1m^[22m[39m[31m[1m^[22m[39m[31m[1m^[22m[39m[31m[1m^[22m[39m[31m[1m^[22m[39m[31m[1m^[22m[39m[31m[1m^[22m[39m[31m[1m^[22m[39m[31m[1m^[22m[39m[31m[1m^[22m[39m[31m[1m^[22m[39m[31m[1m^[22m[39m[31m[1m^[22m[39m[31m[1m^[22m[39m[31m[1m^[22m[39m[31m[1m^[22m[39m[31m[1m^[22m[39m[31m[1m^[22m[39m[31m[1m^[22m[39m[31m[1m^[22m[39m[31m[1m^[22m[39m[31m[1m^[22m[39m[31m[1m^[22m[39m[31m[1m^[22m[39m[31m[1m^[22m[39m[31m[1m^[22m[39m[31m[1m^[22m[39m[31m[1m^[22m[39m[31m[1m^[22m[39m[31m[1m^[22m[39m[31m[1m^[22m[39m[31m[1m^[22m[39m[31m[1m^[22m[39m[31m[1m^[22m[39m[31m[1m^[22m[39m[31m[1m^[22m[39m[31m[1m^[22m[39m[31m[1m^[22m[39m[31m[1m^[22m[39m[31m[1m^[22m[39m[31m[1m^[22m[39m[31m[1m^[22m[39m[31m[1m^[22m[39m[31m[1m^[22m[39m[31m[1m^[22m[39m[31m[1m^[22m[39m[31m[1m^[22m[39m[31m[1m^[22m[39m[31m[1m^[22m[39m[31m[1m^[22m[39m[31m[1m^[22m[39m[31m[1m^[22m[39m[31m[1m^[22m[39m[31m[1m^[22m[39m[31m[1m^[22m[39m[31m[1m^[22m[39m[31m[1m^[22m[39m[31m[1m^[22m[39m[31m[1m^[22m[39m[31m[1m^[22m[39m[31m[1m^[22m[39m[31m[1m^[22m[39m[31m[1m^[22m[39m[31m[1m^[22m[39m[31m[1m^[22m[39m[31m[1m^[22m[39m[31m[1m^[22m[39m[31m[1m^[22m[39m[31m[1m^[22m[39m[31m[1m^[22m[39m[31m[1m^[22m[39m[31m[1m^[22m[39m[31m[1m^[22m[39m[31m[1m^[22m[39m[31m[1m^[22m[39m[31m[1m^[22m[39m[31m[1m^[22m[39m[31m[1m^[22m[39m[31m[1m^[22m[39m[31m[1m^[22m[39m[31m[1m^[22m[39m[31m[1m^[22m[39m[31m[1m^[22m[39m[31m[1m^[22m[39m[31m[1m^[22m[39m[31m[1m^[22m[39m[31m[1m^[22m[39m[31m[1m^[22m[39m[31m[1m^[22m[39m[31m[1m^[22m[39m[31m[1m^[22m[39m[31m[1m^[22m[39m[31m[1m^[22m[39m[31m[1m^[22m[39m[31m[1m^[22m[39m[31m[1m^[22m[39m[31m[1m^[22m[39m[31m[1m^[22m[39m[31m[1m^[22m[39m[31m[1m^[22m[39m[31m[1m^[22m[39m[31m[1m^[22m[39m[31m[1m^[22m[39m[31m[1m^[22m[39m[31m[1m^[22m[39m[31m[1m^[22m[39m[31m[1m^[22m[39m[31m[1m^[22m[39m[31m[1m^[22m[39m[31m[1m^[22m[39m[31m[1m^[22m[39m[31m[1m^[22m[39m[31m[1m^[22m[39m[31m[1m^[22m[39m[31m[1m^[22m[39m[31m[1m^[22m[39m[31m[1m^[22m[39m[31m[1m^[22m[39m[31m[1m^[22m[39m[31m[1m^[22m[39m[31m[1m^[22m[39m[31m[1m^[22m[39m[31m[1m^[22m[39m[31m[1m^[22m[39m[31m[1m^[22m[39m[31m[1m^[22m[39m[31m[1m^[22m[39m[31m[1m^[22m[39m[31m[1m^[22m[39m[31m[1m^[22m[39m[31m[1m^[22m[39m[31m[1m^[22m[39m[31m[1m^[22m[39m[31m[1m^[22m[39m[31m[1m^[22m[39m[31m[1m^[22m[39m[31m[1m^[22m[39m[31m[1m^[22m[39m[31m[1m^[22m[39m[31m[1m^[22m[39m[31m[1m^[22m[39m[31m[1m^[22m[39m[31m[1m^[22m[39m[31m[1m^[22m[39m[31m[1m^[22m[39m[31m[1m^[22m[39m[31m[1m^[22m[39m[31m[1m^[22m[39m[31m[1m^[22m[39m[31m[1m^[22m[39m[31m[1m^[22m[39m[31m[1m^[22m[39m[31m[1m^[22m[39m[31m[1m^[22m[39m[31m[1m^[22m[39m[31m[1m^[22m[39m[31m[1m^[22m[39m[31m[1m^[22m[39m[31m[1m^[22m[39m[31m[1m^[22m[39m[31m[1m^[22m[39m[31m[1m^[22m[39m[31m[1m^[22m[39m[31m[1m^[22m[39m[31m[1m^[22m[39m[31m[1m^[22m[39m[31m[1m^[22m[39m[31m[1m^[22m[39m[31m[1m^[22m[39m[31m[1m^[22m[39m[31m[1m^[22m[39m
 [90m 4 |[39m
 [90m 5 |[39m [90m//#region src/graph/zod/meta.ts[39m
 [90m 6 |[39m [36mconst[39m [33mMETA_EXTRAS_DESCRIPTION_PREFIX[39m [33m=[39m [32m"lg:"[39m[33m;[39m[0m



Import trace:
  App Route:
    ./node_modules/@langchain/langgraph/dist/graph/zod/meta.js
    ./node_modules/@langchain/langgraph/dist/graph/state.js
    ./src/lib/langgraph-rag.ts
    ./src/app/api/technical/rag/chat/route.ts

https://nextjs.org/docs/messages/module-not-found


./node_modules/@langchain/mongodb/dist/vectorstores.js:1:1
Module not found: Can't resolve '@langchain/core/vectorstores'
[0m[31m[1m>[22m[39m[90m 1 |[39m [36mimport[39m { [33mVectorStore[39m } [36mfrom[39m [32m"@langchain/core/vectorstores"[39m[33m;[39m
 [90m   |[39m [31m[1m^[22m[39m[31m[1m^[22m[39m[31m[1m^[22m[39m[31m[1m^[22m[39m[31m[1m^[22m[39m[31m[1m^[22m[39m[31m[1m^[22m[39m[31m[1m^[22m[39m[31m[1m^[22m[39m[31m[1m^[22m[39m[31m[1m^[22m[39m[31m[1m^[22m[39m[31m[1m^[22m[39m[31m[1m^[22m[39m[31m[1m^[22m[39m[31m[1m^[22m[39m[31m[1m^[22m[39m[31m[1m^[22m[39m[31m[1m^[22m[39m[31m[1m^[22m[39m[31m[1m^[22m[39m[31m[1m^[22m[39m[31m[1m^[22m[39m[31m[1m^[22m[39m[31m[1m^[22m[39m[31m[1m^[22m[39m[31m[1m^[22m[39m[31m[1m^[22m[39m[31m[1m^[22m[39m[31m[1m^[22m[39m[31m[1m^[22m[39m[31m[1m^[22m[39m[31m[1m^[22m[39m[31m[1m^[22m[39m[31m[1m^[22m[39m[31m[1m^[22m[39m[31m[1m^[22m[39m[31m[1m^[22m[39m[31m[1m^[22m[39m[31m[1m^[22m[39m[31m[1m^[22m[39m[31m[1m^[22m[39m[31m[1m^[22m[39m[31m[1m^[22m[39m[31m[1m^[22m[39m[31m[1m^[22m[39m[31m[1m^[22m[39m[31m[1m^[22m[39m[31m[1m^[22m[39m[31m[1m^[22m[39m[31m[1m^[22m[39m[31m[1m^[22m[39m[31m[1m^[22m[39m[31m[1m^[22m[39m[31m[1m^[22m[39m[31m[1m^[22m[39m[31m[1m^[22m[39m[31m[1m^[22m[39m[31m[1m^[22m[39m
 [90m 2 |[39m [36mimport[39m { chunkArray } [36mfrom[39m [32m"@langchain/core/utils/chunk_array"[39m[33m;[39m
 [90m 3 |[39m [36mimport[39m { [33mDocument[39m } [36mfrom[39m [32m"@langchain/core/documents"[39m[33m;[39m
 [90m 4 |[39m [36mimport[39m { maximalMarginalRelevance } [36mfrom[39m [32m"@langchain/core/utils/math"[39m[33m;[39m[0m



Import trace:
  App Route:
    ./node_modules/@langchain/mongodb/dist/vectorstores.js
    ./src/lib/rag-service.ts
    ./src/app/api/entities/[id]/checklist/route.ts

https://nextjs.org/docs/messages/module-not-found


    at <unknown> (./packages/platform-core/src/schemas/workflow-task.ts:3:1)
    at <unknown> (https://nextjs.org/docs/messages/module-not-found)
    at <unknown> (./src/lib/billing-service.ts:7:1)
    at <unknown> (https://nextjs.org/docs/messages/module-not-found)
    at <unknown> (./src/lib/services/knowledge-review-service.ts:64:45)
    at <unknown> (https://nextjs.org/docs/messages/module-not-found)
    at <unknown> (./src/app/api/admin/prompts/dry-run/route.ts:3:1)
    at <unknown> (https://nextjs.org/docs/messages/module-not-found)
    at <unknown> (./src/app/api/admin/prompts/test-ab/route.ts:3:1)
    at <unknown> (https://nextjs.org/docs/messages/module-not-found)
    at <unknown> (./src/app/api/audit/logs/route.ts:5:1)
    at <unknown> (https://nextjs.org/docs/messages/module-not-found)
    at <unknown> (./src/services/storage/BlobStorageService.ts:3:1)
    at <unknown> (https://nextjs.org/docs/messages/module-not-found)
    at <unknown> (./src/app/api/entities/[id]/comments/route.ts:7:1)
    at <unknown> (https://nextjs.org/docs/messages/module-not-found)
    at <unknown> (./src/app/api/collections/route.ts:3:1)
    at <unknown> (https://nextjs.org/docs/messages/module-not-found)
    at <unknown> (./src/services/collection-service.ts:2:1)
    at <unknown> (https://nextjs.org/docs/messages/module-not-found)
    at <unknown> (./src/app/api/admin/export/route.ts:4:1)
    at <unknown> (https://nextjs.org/docs/messages/module-not-found)
    at <unknown> (./src/services/causal-impact-service.ts:5:1)
    at <unknown> (https://nextjs.org/docs/messages/module-not-found)
    at <unknown> (./src/app/api/admin/knowledge-base/chunks/route.ts:7:1)
    at <unknown> (https://nextjs.org/docs/messages/module-not-found)
    at <unknown> (./src/app/api/admin/reports/schedules/[id]/route.ts:6:1)
    at <unknown> (https://nextjs.org/docs/messages/module-not-found)
    at <unknown> (./src/lib/services/report-schedule-service.ts:4:1)
    at <unknown> (https://nextjs.org/docs/messages/module-not-found)
    at <unknown> (./src/app/api/admin/reports/generate/route.ts:8:1)
    at <unknown> (https://nextjs.org/docs/messages/module-not-found)
    at <unknown> (./src/app/api/admin/spaces/[id]/route.ts:5:1)
    at <unknown> (https://nextjs.org/docs/messages/module-not-found)
    at <unknown> (./src/app/api/admin/spaces/route.ts:7:1)
    at <unknown> (https://nextjs.org/docs/messages/module-not-found)
    at <unknown> (./src/components/admin/knowledge/CreateSpaceModal.tsx:24:1)
    at <unknown> (https://nextjs.org/docs/messages/module-not-found)
    at <unknown> (./src/services/space-invitation-service.ts:2:1)
    at <unknown> (https://nextjs.org/docs/messages/module-not-found)
    at <unknown> (./src/services/space-service.ts:3:1)
    at <unknown> (https://nextjs.org/docs/messages/module-not-found)
    at <unknown> (./src/lib/services/audit-trail-service.ts:2:1)
    at <unknown> (https://nextjs.org/docs/messages/module-not-found)
    at <unknown> (./src/app/api/admin/workflow-definitions/[id]/route.ts:7:1)
    at <unknown> (https://nextjs.org/docs/messages/module-not-found)
    at <unknown> (./src/app/api/admin/workflow-definitions/route.ts:7:1)
    at <unknown> (https://nextjs.org/docs/messages/module-not-found)
    at <unknown> (./src/app/(authenticated)/(admin)/admin/workshop/orders/new/page.tsx:4:1)
    at <unknown> (https://nextjs.org/docs/messages/module-not-found)
    at ./node_modules/ (langchain/mongodb/dist/cache.js:1:1)
    at <unknown> (https://nextjs.org/docs/messages/module-not-found)
    at ./node_modules/ (langchain/langgraph/dist/pregel/messages.js:2:1)
    at <unknown> (https://nextjs.org/docs/messages/module-not-found)
    at ./node_modules/ (langchain/mongodb/dist/chat_history.js:1:1)
    at <unknown> (https://nextjs.org/docs/messages/module-not-found)
    at ./node_modules/ (langchain/mongodb/dist/vectorstores.js:3:1)
    at <unknown> (https://nextjs.org/docs/messages/module-not-found)
    at ./node_modules/ (langchain/textsplitters/dist/text_splitter.js:1:1)
    at <unknown> (https://nextjs.org/docs/messages/module-not-found)
    at ./node_modules/ (langchain/google-genai/dist/embeddings.js:3:1)
    at <unknown> (https://nextjs.org/docs/messages/module-not-found)
    at ./node_modules/ (langchain/google-genai/dist/utils/common.js:5:1)
    at <unknown> (https://nextjs.org/docs/messages/module-not-found)
    at ./node_modules/ (langchain/google-genai/dist/utils/tools.js:5:1)
    at <unknown> (https://nextjs.org/docs/messages/module-not-found)
    at ./node_modules/ (langchain/google-genai/dist/chat_models.js:8:1)
    at <unknown> (https://nextjs.org/docs/messages/module-not-found)
    at ./node_modules/ (langchain/langgraph-checkpoint/dist/serde/jsonplus.js:2:1)
    at <unknown> (https://nextjs.org/docs/messages/module-not-found)
    at ./node_modules/ (langchain/google-genai/dist/utils/common.js:2:1)
    at <unknown> (https://nextjs.org/docs/messages/module-not-found)
    at ./node_modules/ (langchain/langgraph/dist/graph/message.js:4:1)
    at <unknown> (https://nextjs.org/docs/messages/module-not-found)
    at ./node_modules/ (langchain/langgraph/dist/graph/messages_reducer.js:2:1)
    at <unknown> (https://nextjs.org/docs/messages/module-not-found)
    at ./node_modules/ (langchain/langgraph/dist/pregel/messages.js:3:1)
    at <unknown> (https://nextjs.org/docs/messages/module-not-found)
    at ./node_modules/ (langchain/mongodb/dist/chat_history.js:2:1)
    at <unknown> (https://nextjs.org/docs/messages/module-not-found)
    at ./node_modules/ (langchain/google-genai/dist/chat_models.js:11:1)
    at <unknown> (https://nextjs.org/docs/messages/module-not-found)
    at ./node_modules/ (langchain/google-genai/dist/output_parsers.js:2:1)
    at <unknown> (https://nextjs.org/docs/messages/module-not-found)
    at ./node_modules/ (langchain/google-genai/dist/utils/common.js:3:1)
    at <unknown> (https://nextjs.org/docs/messages/module-not-found)
    at ./node_modules/ (langchain/google-genai/dist/chat_models.js:9:1)
    at <unknown> (https://nextjs.org/docs/messages/module-not-found)
    at ./node_modules/ (langchain/langgraph/dist/graph/graph.js:9:1)
    at <unknown> (https://nextjs.org/docs/messages/module-not-found)
    at ./node_modules/ (langchain/langgraph/dist/graph/state.js:16:1)
    at <unknown> (https://nextjs.org/docs/messages/module-not-found)
    at ./node_modules/ (langchain/langgraph/dist/pregel/algo.js:10:1)
    at <unknown> (https://nextjs.org/docs/messages/module-not-found)
    at ./node_modules/ (langchain/langgraph/dist/pregel/call.js:5:1)
    at <unknown> (https://nextjs.org/docs/messages/module-not-found)
    at ./node_modules/ (langchain/langgraph/dist/pregel/index.js:21:1)
    at <unknown> (https://nextjs.org/docs/messages/module-not-found)
    at ./node_modules/ (langchain/langgraph/dist/pregel/read.js:4:1)
    at <unknown> (https://nextjs.org/docs/messages/module-not-found)
    at ./node_modules/ (langchain/langgraph/dist/pregel/write.js:4:1)
    at <unknown> (https://nextjs.org/docs/messages/module-not-found)
    at ./node_modules/ (langchain/langgraph/dist/utils.js:3:1)
    at <unknown> (https://nextjs.org/docs/messages/module-not-found)
    at ./node_modules/ (langchain/langgraph/dist/graph/graph.js:10:1)
    at <unknown> (https://nextjs.org/docs/messages/module-not-found)
    at ./node_modules/ (langchain/langgraph/dist/func/index.js:9:1)
    at <unknown> (https://nextjs.org/docs/messages/module-not-found)
    at ./node_modules/ (langchain/langgraph/dist/interrupt.js:4:1)
    at <unknown> (https://nextjs.org/docs/messages/module-not-found)
    at ./node_modules/ (langchain/langgraph/dist/pregel/call.js:4:1)
    at <unknown> (https://nextjs.org/docs/messages/module-not-found)
    at ./node_modules/ (langchain/langgraph/dist/pregel/utils/config.js:2:1)
    at <unknown> (https://nextjs.org/docs/messages/module-not-found)
    at ./node_modules/ (langchain/langgraph/dist/setup/async_local_storage.js:1:1)
    at <unknown> (https://nextjs.org/docs/messages/module-not-found)
    at ./node_modules/ (langchain/langgraph/dist/utils.js:2:1)
    at <unknown> (https://nextjs.org/docs/messages/module-not-found)
    at ./node_modules/ (langchain/langgraph/dist/writer.js:1:1)
    at <unknown> (https://nextjs.org/docs/messages/module-not-found)
    at ./node_modules/ (langchain/mongodb/dist/storage.js:1:1)
    at <unknown> (https://nextjs.org/docs/messages/module-not-found)
    at ./node_modules/ (langchain/mongodb/dist/vectorstores.js:5:1)
    at <unknown> (https://nextjs.org/docs/messages/module-not-found)
    at ./node_modules/ (langchain/google-genai/dist/embeddings.js:4:1)
    at <unknown> (https://nextjs.org/docs/messages/module-not-found)
    at ./node_modules/ (langchain/mongodb/dist/vectorstores.js:2:1)
    at <unknown> (https://nextjs.org/docs/messages/module-not-found)
    at ./node_modules/ (langchain/google-genai/dist/chat_models.js:7:1)
    at <unknown> (https://nextjs.org/docs/messages/module-not-found)
    at ./node_modules/ (langchain/google-genai/dist/embeddings.js:2:1)
    at <unknown> (https://nextjs.org/docs/messages/module-not-found)
    at ./node_modules/ (langchain/google-genai/dist/utils/common.js:4:1)
    at <unknown> (https://nextjs.org/docs/messages/module-not-found)
    at ./node_modules/ (langchain/google-genai/dist/utils/tools.js:4:1)
    at <unknown> (https://nextjs.org/docs/messages/module-not-found)
    at ./node_modules/ (langchain/google-genai/dist/utils/zod_to_genai_parameters.js:2:1)
    at <unknown> (https://nextjs.org/docs/messages/module-not-found)
    at ./node_modules/ (langchain/mongodb/dist/vectorstores.js:4:1)
    at <unknown> (https://nextjs.org/docs/messages/module-not-found)
    at ./node_modules/ (langchain/langgraph/dist/pregel/stream.js:1:1)
    at <unknown> (https://nextjs.org/docs/messages/module-not-found)
    at ./node_modules/ (langchain/textsplitters/dist/text_splitter.js:2:1)
    at <unknown> (https://nextjs.org/docs/messages/module-not-found)
    at ./node_modules/ (langchain/google-genai/dist/chat_models.js:10:1)
    at <unknown> (https://nextjs.org/docs/messages/module-not-found)
    at ./node_modules/ (langchain/google-genai/dist/output_parsers.js:1:1)
    at <unknown> (https://nextjs.org/docs/messages/module-not-found)
    at ./node_modules/ (langchain/google-genai/dist/utils/zod_to_genai_parameters.js:1:1)
    at <unknown> (https://nextjs.org/docs/messages/module-not-found)
    at ./node_modules/ (langchain/langgraph/dist/graph/state.js:17:1)
    at <unknown> (https://nextjs.org/docs/messages/module-not-found)
    at ./node_modules/ (langchain/langgraph/dist/graph/types.js:4:1)
    at <unknown> (https://nextjs.org/docs/messages/module-not-found)
    at ./node_modules/ (langchain/langgraph/dist/graph/zod/meta.js:3:1)
    at <unknown> (https://nextjs.org/docs/messages/module-not-found)
    at ./node_modules/ (langchain/mongodb/dist/vectorstores.js:1:1)
    at <unknown> (https://nextjs.org/docs/messages/module-not-found)
