scripts/test-log.ts(10,13): error TS2353: Object literal may only specify known properties, and 'nivel' does not exist in type 'LogEntry'.
scripts/verify-dual-index.ts(50,48): error TS2551: Property 'is_shadow' does not exist on type '{ industry: "ELEVATORS" | "LEGAL" | "IT" | "GENERIC"; componentType: string; model: string; sourceDoc: string; version: string; revisionDate: Date; chunkText: string; language: string; ... 12 more ...; refChunkId?: any; }'. Did you mean 'isShadow'?
scripts/verify-dual-index.ts(51,52): error TS2551: Property 'original_lang' does not exist on type '{ industry: "ELEVATORS" | "LEGAL" | "IT" | "GENERIC"; componentType: string; model: string; sourceDoc: string; version: string; revisionDate: Date; chunkText: string; language: string; ... 12 more ...; refChunkId?: any; }'. Did you mean 'originalLang'?
scripts/verify-dual-index.ts(52,51): error TS2551: Property 'ref_chunk_id' does not exist on type '{ industry: "ELEVATORS" | "LEGAL" | "IT" | "GENERIC"; componentType: string; model: string; sourceDoc: string; version: string; revisionDate: Date; chunkText: string; language: string; ... 12 more ...; refChunkId?: any; }'. Did you mean 'refChunkId'?
scripts/verify-fix.ts(14,81): error TS2561: Object literal may only specify known properties, but 'correlacion_id' does not exist in type '{ correlationId: string; temperature?: number | undefined; model?: string | undefined; }'. Did you mean to write 'correlationId'?
scripts/verify-fix.ts(18,85): error TS2561: Object literal may only specify known properties, but 'correlacion_id' does not exist in type '{ correlationId: string; temperature?: number | undefined; model?: string | undefined; }'. Did you mean to write 'correlationId'?
scripts/worker.ts(44,17): error TS2353: Object literal may only specify known properties, and 'nivel' does not exist in type 'LogEntry'.
src/app/(authenticated)/(admin)/admin/workflows/page.tsx(161,89): error TS2551: Property 'entity_type' does not exist on type '{ tenantId: string; industry: "ELEVATORS" | "LEGAL" | "IT" | "GENERIC"; name: string; entityType: "ENTITY" | "EQUIPMENT" | "USER"; states: { id: string; label: string; color: string; is_initial: boolean; ... 4 more ...; icon?: string | undefined; }[]; ... 6 more ...; _id?: any; }'. Did you mean 'entityType'?
src/app/(authenticated)/pedidos/[id]/validar/page.tsx(12,10): error TS2305: Module '"@/lib/schemas"' has no exported member 'Pedido'.
src/app/api/admin/billing/seed-plans/route.ts(26,13): error TS2353: Object literal may only specify known properties, and 'nivel' does not exist in type 'LogEntry'.
src/app/api/admin/configs-checklist/[id]/route.ts(95,13): error TS2353: Object literal may only specify known properties, and 'nivel' does not exist in type 'LogEntry'.
src/app/api/admin/configs-checklist/[id]/route.ts(150,13): error TS2353: Object literal may only specify known properties, and 'nivel' does not exist in type 'LogEntry'.
src/app/api/admin/configs-checklist/route.ts(40,13): error TS2353: Object literal may only specify known properties, and 'nivel' does not exist in type 'LogEntry'.
src/app/api/admin/configs-checklist/route.ts(55,17): error TS2353: Object literal may only specify known properties, and 'nivel' does not exist in type 'LogEntry'.
src/app/api/admin/configs-checklist/route.ts(100,13): error TS2353: Object literal may only specify known properties, and 'nivel' does not exist in type 'LogEntry'.
src/app/api/admin/configs-checklist/route.ts(103,70): error TS2339: Property 'nombre' does not exist on type '{ name: string; categories: { id: string; name: string; keywords: string[]; priority: number; color?: string | undefined; icon?: string | undefined; }[]; items: { id: string; description: string; categoryId?: string | ... 1 more ... | undefined; notes?: string | undefined; icon?: string | undefined; }[]; ... 5 more ...'.
src/app/api/admin/configs-checklist/route.ts(120,13): error TS2353: Object literal may only specify known properties, and 'nivel' does not exist in type 'LogEntry'.
src/app/api/admin/documentos/[id]/download/route.ts(45,13): error TS2353: Object literal may only specify known properties, and 'nivel' does not exist in type 'LogEntry'.
src/app/api/admin/documentos/[id]/download/route.ts(60,13): error TS2353: Object literal may only specify known properties, and 'nivel' does not exist in type 'LogEntry'.
src/app/api/admin/documentos/[id]/download/route.ts(76,17): error TS2353: Object literal may only specify known properties, and 'nivel' does not exist in type 'LogEntry'.
src/app/api/admin/documentos/[id]/route.ts(57,21): error TS2353: Object literal may only specify known properties, and 'nivel' does not exist in type 'LogEntry'.
src/app/api/admin/documentos/[id]/route.ts(81,13): error TS2353: Object literal may only specify known properties, and 'nivel' does not exist in type 'LogEntry'.
src/app/api/admin/documentos/[id]/route.ts(107,13): error TS2353: Object literal may only specify known properties, and 'nivel' does not exist in type 'LogEntry'.
src/app/api/admin/documentos/[id]/route.ts(123,17): error TS2353: Object literal may only specify known properties, and 'nivel' does not exist in type 'LogEntry'.
src/app/api/admin/documentos/route.ts(62,13): error TS2353: Object literal may only specify known properties, and 'nivel' does not exist in type 'LogEntry'.
src/app/api/admin/documentos/route.ts(78,17): error TS2353: Object literal may only specify known properties, and 'nivel' does not exist in type 'LogEntry'.
src/app/api/admin/documentos/status/route.ts(83,13): error TS2353: Object literal may only specify known properties, and 'nivel' does not exist in type 'LogEntry'.
src/app/api/admin/documentos/status/route.ts(109,13): error TS2353: Object literal may only specify known properties, and 'nivel' does not exist in type 'LogEntry'.
src/app/api/admin/documentos/status/route.ts(125,17): error TS2353: Object literal may only specify known properties, and 'nivel' does not exist in type 'LogEntry'.
src/app/api/admin/ingest/route.ts(5,31): error TS2724: '"@/lib/schemas"' has no exported member named 'DocumentoTecnicoSchema'. Did you mean 'DocumentTypeSchema'?
src/app/api/admin/ingest/route.ts(5,55): error TS2305: Module '"@/lib/schemas"' has no exported member 'AuditIngestSchema'.
src/app/api/admin/ingest/route.ts(58,13): error TS2353: Object literal may only specify known properties, and 'nivel' does not exist in type 'LogEntry'.
src/app/api/admin/ingest/route.ts(82,17): error TS2353: Object literal may only specify known properties, and 'nivel' does not exist in type 'LogEntry'.
src/app/api/admin/ingest/route.ts(184,27): error TS2353: Object literal may only specify known properties, and 'nivel' does not exist in type 'LogEntry'.
src/app/api/admin/ingest/route.ts(188,27): error TS2353: Object literal may only specify known properties, and 'nivel' does not exist in type 'LogEntry'.
src/app/api/admin/ingest/route.ts(192,27): error TS2353: Object literal may only specify known properties, and 'nivel' does not exist in type 'LogEntry'.
src/app/api/admin/ingest/route.ts(200,80): error TS2561: Object literal may only specify known properties, but 'correlacion_id' does not exist in type '{ correlationId: string; temperature?: number | undefined; model?: string | undefined; }'. Did you mean to write 'correlationId'?
src/app/api/admin/ingest/route.ts(254,94): error TS2561: Object literal may only specify known properties, but 'correlacion_id' does not exist in type '{ correlationId: string; temperature?: number | undefined; model?: string | undefined; }'. Did you mean to write 'correlationId'?
src/app/api/admin/ingest/route.ts(345,17): error TS2353: Object literal may only specify known properties, and 'nivel' does not exist in type 'LogEntry'.
src/app/api/admin/ingest/route.ts(405,13): error TS2353: Object literal may only specify known properties, and 'nivel' does not exist in type 'LogEntry'.
src/app/api/admin/ingest/route.ts(428,17): error TS2353: Object literal may only specify known properties, and 'nivel' does not exist in type 'LogEntry'.
src/app/api/admin/notifications/config/route.ts(113,13): error TS2353: Object literal may only specify known properties, and 'nivel' does not exist in type 'LogEntry'.
src/app/api/admin/notifications/templates/[type]/route.ts(140,13): error TS2353: Object literal may only specify known properties, and 'nivel' does not exist in type 'LogEntry'.
src/app/api/admin/prompts/route.ts(86,13): error TS2353: Object literal may only specify known properties, and 'nivel' does not exist in type 'LogEntry'.
src/app/api/admin/rag/evaluations/route.ts(50,13): error TS2353: Object literal may only specify known properties, and 'nivel' does not exist in type 'LogEntry'.
src/app/api/admin/tipos-documento/route.ts(4,10): error TS2305: Module '"@/lib/schemas"' has no exported member 'TipoDocumentoSchema'.
src/app/api/admin/tipos-documento/route.ts(24,13): error TS2353: Object literal may only specify known properties, and 'nivel' does not exist in type 'LogEntry'.
src/app/api/admin/tipos-documento/route.ts(39,17): error TS2353: Object literal may only specify known properties, and 'nivel' does not exist in type 'LogEntry'.
src/app/api/admin/tipos-documento/route.ts(77,13): error TS2353: Object literal may only specify known properties, and 'nivel' does not exist in type 'LogEntry'.
src/app/api/admin/tipos-documento/route.ts(98,13): error TS2353: Object literal may only specify known properties, and 'nivel' does not exist in type 'LogEntry'.
src/app/api/admin/tipos-documento/route.ts(114,17): error TS2353: Object literal may only specify known properties, and 'nivel' does not exist in type 'LogEntry'.
src/app/api/admin/usuarios/[id]/reset-password/route.ts(54,13): error TS2353: Object literal may only specify known properties, and 'nivel' does not exist in type 'LogEntry'.
src/app/api/admin/usuarios/[id]/reset-password/route.ts(71,13): error TS2353: Object literal may only specify known properties, and 'nivel' does not exist in type 'LogEntry'.
src/app/api/admin/usuarios/[id]/reset-password/route.ts(86,17): error TS2353: Object literal may only specify known properties, and 'nivel' does not exist in type 'LogEntry'.
src/app/api/admin/usuarios/[id]/route.ts(47,21): error TS2353: Object literal may only specify known properties, and 'nivel' does not exist in type 'LogEntry'.
src/app/api/admin/usuarios/[id]/route.ts(73,13): error TS2353: Object literal may only specify known properties, and 'nivel' does not exist in type 'LogEntry'.
src/app/api/admin/usuarios/[id]/route.ts(94,13): error TS2353: Object literal may only specify known properties, and 'nivel' does not exist in type 'LogEntry'.
src/app/api/admin/usuarios/[id]/route.ts(110,17): error TS2353: Object literal may only specify known properties, and 'nivel' does not exist in type 'LogEntry'.
src/app/api/admin/usuarios/[id]/route.ts(162,13): error TS2353: Object literal may only specify known properties, and 'nivel' does not exist in type 'LogEntry'.
src/app/api/admin/usuarios/[id]/route.ts(177,17): error TS2353: Object literal may only specify known properties, and 'nivel' does not exist in type 'LogEntry'.
src/app/api/admin/usuarios/[id]/upload-photo/route.ts(63,13): error TS2353: Object literal may only specify known properties, and 'nivel' does not exist in type 'LogEntry'.
src/app/api/admin/usuarios/[id]/upload-photo/route.ts(81,13): error TS2353: Object literal may only specify known properties, and 'nivel' does not exist in type 'LogEntry'.
src/app/api/admin/usuarios/[id]/upload-photo/route.ts(97,17): error TS2353: Object literal may only specify known properties, and 'nivel' does not exist in type 'LogEntry'.
src/app/api/admin/usuarios/invite/route.ts(5,10): error TS2724: '"@/lib/schemas"' has no exported member named 'InviteSchema'. Did you mean 'UserInviteSchema'?
src/app/api/admin/usuarios/invite/route.ts(122,13): error TS2353: Object literal may only specify known properties, and 'nivel' does not exist in type 'LogEntry'.
src/app/api/admin/usuarios/invite/route.ts(147,13): error TS2353: Object literal may only specify known properties, and 'nivel' does not exist in type 'LogEntry'.
src/app/api/admin/usuarios/invite/route.ts(163,17): error TS2353: Object literal may only specify known properties, and 'nivel' does not exist in type 'LogEntry'.
src/app/api/admin/usuarios/route.ts(6,28): error TS2724: '"@/lib/schemas"' has no exported member named 'UsuarioSchema'. Did you mean 'UserSchema'?
src/app/api/admin/usuarios/route.ts(54,13): error TS2353: Object literal may only specify known properties, and 'nivel' does not exist in type 'LogEntry'.
src/app/api/admin/usuarios/route.ts(69,17): error TS2353: Object literal may only specify known properties, and 'nivel' does not exist in type 'LogEntry'.
src/app/api/admin/usuarios/route.ts(126,31): error TS2339: Property 'nombre' does not exist on type '{ email: string; firstName: string; lastName: string; role: "SUPER_ADMIN" | "ADMIN" | "ADMINISTRATIVO" | "TECNICO" | "INGENIERIA"; activeModules: string[]; position?: string | undefined; }'.
src/app/api/admin/usuarios/route.ts(127,34): error TS2339: Property 'apellidos' does not exist on type '{ email: string; firstName: string; lastName: string; role: "SUPER_ADMIN" | "ADMIN" | "ADMINISTRATIVO" | "TECNICO" | "INGENIERIA"; activeModules: string[]; position?: string | undefined; }'.
src/app/api/admin/usuarios/route.ts(128,31): error TS2339: Property 'puesto' does not exist on type '{ email: string; firstName: string; lastName: string; role: "SUPER_ADMIN" | "ADMIN" | "ADMINISTRATIVO" | "TECNICO" | "INGENIERIA"; activeModules: string[]; position?: string | undefined; }'.
src/app/api/admin/usuarios/route.ts(129,28): error TS2551: Property 'rol' does not exist on type '{ email: string; firstName: string; lastName: string; role: "SUPER_ADMIN" | "ADMIN" | "ADMINISTRATIVO" | "TECNICO" | "INGENIERIA"; activeModules: string[]; position?: string | undefined; }'. Did you mean 'role'?
src/app/api/admin/usuarios/route.ts(147,13): error TS2353: Object literal may only specify known properties, and 'nivel' does not exist in type 'LogEntry'.
src/app/api/admin/usuarios/route.ts(152,64): error TS2551: Property 'rol' does not exist on type '{ email: string; firstName: string; lastName: string; role: "SUPER_ADMIN" | "ADMIN" | "ADMINISTRATIVO" | "TECNICO" | "INGENIERIA"; activeModules: string[]; position?: string | undefined; }'. Did you mean 'role'?
src/app/api/admin/usuarios/route.ts(172,13): error TS2353: Object literal may only specify known properties, and 'nivel' does not exist in type 'LogEntry'.
src/app/api/admin/usuarios/route.ts(188,17): error TS2353: Object literal may only specify known properties, and 'nivel' does not exist in type 'LogEntry'.
src/app/api/auth/cambiar-password/route.ts(57,13): error TS2353: Object literal may only specify known properties, and 'nivel' does not exist in type 'LogEntry'.
src/app/api/auth/cambiar-password/route.ts(77,13): error TS2353: Object literal may only specify known properties, and 'nivel' does not exist in type 'LogEntry'.
src/app/api/auth/cambiar-password/route.ts(93,17): error TS2353: Object literal may only specify known properties, and 'nivel' does not exist in type 'LogEntry'.
src/app/api/auth/documentos/[id]/route.ts(58,13): error TS2353: Object literal may only specify known properties, and 'nivel' does not exist in type 'LogEntry'.
src/app/api/auth/documentos/[id]/route.ts(72,13): error TS2353: Object literal may only specify known properties, and 'nivel' does not exist in type 'LogEntry'.
src/app/api/auth/documentos/[id]/route.ts(87,17): error TS2353: Object literal may only specify known properties, and 'nivel' does not exist in type 'LogEntry'.
src/app/api/auth/documentos/route.ts(5,10): error TS2305: Module '"@/lib/schemas"' has no exported member 'DocumentoUsuarioSchema'.
src/app/api/auth/documentos/route.ts(41,13): error TS2353: Object literal may only specify known properties, and 'nivel' does not exist in type 'LogEntry'.
src/app/api/auth/documentos/route.ts(56,17): error TS2353: Object literal may only specify known properties, and 'nivel' does not exist in type 'LogEntry'.
src/app/api/auth/documentos/route.ts(120,13): error TS2353: Object literal may only specify known properties, and 'nivel' does not exist in type 'LogEntry'.
src/app/api/auth/documentos/route.ts(141,13): error TS2353: Object literal may only specify known properties, and 'nivel' does not exist in type 'LogEntry'.
src/app/api/auth/documentos/route.ts(157,17): error TS2353: Object literal may only specify known properties, and 'nivel' does not exist in type 'LogEntry'.
src/app/api/auth/invite/accept/route.ts(7,30): error TS2724: '"@/lib/schemas"' has no exported member named 'UsuarioSchema'. Did you mean 'UserSchema'?
src/app/api/auth/invite/accept/route.ts(52,31): error TS2339: Property 'nombre' does not exist on type '{ token: string; password: string; firstName: string; lastName: string; }'.
src/app/api/auth/invite/accept/route.ts(53,34): error TS2339: Property 'apellidos' does not exist on type '{ token: string; password: string; firstName: string; lastName: string; }'.
src/app/api/auth/invite/accept/route.ts(93,13): error TS2353: Object literal may only specify known properties, and 'nivel' does not exist in type 'LogEntry'.
src/app/api/auth/invite/accept/route.ts(118,13): error TS2353: Object literal may only specify known properties, and 'nivel' does not exist in type 'LogEntry'.
src/app/api/auth/invite/accept/route.ts(134,17): error TS2353: Object literal may only specify known properties, and 'nivel' does not exist in type 'LogEntry'.
src/app/api/auth/invite/verify/route.ts(59,13): error TS2353: Object literal may only specify known properties, and 'nivel' does not exist in type 'LogEntry'.
src/app/api/auth/perfil/route.ts(38,13): error TS2353: Object literal may only specify known properties, and 'nivel' does not exist in type 'LogEntry'.
src/app/api/auth/perfil/route.ts(53,17): error TS2353: Object literal may only specify known properties, and 'nivel' does not exist in type 'LogEntry'.
src/app/api/auth/perfil/route.ts(102,21): error TS2353: Object literal may only specify known properties, and 'nivel' does not exist in type 'LogEntry'.
src/app/api/auth/perfil/route.ts(128,13): error TS2353: Object literal may only specify known properties, and 'nivel' does not exist in type 'LogEntry'.
src/app/api/auth/perfil/route.ts(149,13): error TS2353: Object literal may only specify known properties, and 'nivel' does not exist in type 'LogEntry'.
src/app/api/auth/perfil/route.ts(165,17): error TS2353: Object literal may only specify known properties, and 'nivel' does not exist in type 'LogEntry'.
src/app/api/auth/perfil/upload-photo/route.ts(60,13): error TS2353: Object literal may only specify known properties, and 'nivel' does not exist in type 'LogEntry'.
src/app/api/auth/perfil/upload-photo/route.ts(78,13): error TS2353: Object literal may only specify known properties, and 'nivel' does not exist in type 'LogEntry'.
src/app/api/auth/perfil/upload-photo/route.ts(94,17): error TS2353: Object literal may only specify known properties, and 'nivel' does not exist in type 'LogEntry'.
src/app/api/billing/change-plan/route.ts(41,13): error TS2353: Object literal may only specify known properties, and 'nivel' does not exist in type 'LogEntry'.
src/app/api/billing/change-plan/route.ts(51,31): error TS2353: Object literal may only specify known properties, and 'nivel' does not exist in type 'LogEntry'.
src/app/api/billing/change-plan/route.ts(66,13): error TS2353: Object literal may only specify known properties, and 'nivel' does not exist in type 'LogEntry'.
src/app/api/billing/create-checkout/route.ts(65,13): error TS2353: Object literal may only specify known properties, and 'nivel' does not exist in type 'LogEntry'.
src/app/api/billing/create-checkout/route.ts(84,13): error TS2353: Object literal may only specify known properties, and 'nivel' does not exist in type 'LogEntry'.
src/app/api/casos/route.ts(51,13): error TS2353: Object literal may only specify known properties, and 'nivel' does not exist in type 'LogEntry'.
src/app/api/core/automation/workflows/route.ts(66,13): error TS2353: Object literal may only specify known properties, and 'nivel' does not exist in type 'LogEntry'.
src/app/api/core/entities/[type]/[id]/route.ts(98,13): error TS2353: Object literal may only specify known properties, and 'nivel' does not exist in type 'LogEntry'.
src/app/api/core/graph/route.ts(23,13): error TS2353: Object literal may only specify known properties, and 'nivel' does not exist in type 'LogEntry'.
src/app/api/core/insights/route.ts(30,13): error TS2353: Object literal may only specify known properties, and 'nivel' does not exist in type 'LogEntry'.
src/app/api/logs/route.ts(24,13): error TS2353: Object literal may only specify known properties, and 'nivel' does not exist in type 'LogEntry'.
src/app/api/pedidos/[id]/checklist/route.ts(12,42): error TS2305: Module '"@/lib/schemas"' has no exported member 'Pedido'.
src/app/api/pedidos/[id]/checklist/route.ts(63,17): error TS2353: Object literal may only specify known properties, and 'nivel' does not exist in type 'LogEntry'.
src/app/api/pedidos/[id]/checklist/route.ts(95,13): error TS2353: Object literal may only specify known properties, and 'nivel' does not exist in type 'LogEntry'.
src/app/api/pedidos/[id]/checklist/route.ts(100,92): error TS2339: Property 'nombre' does not exist on type '{ name: string; categories: { id: string; name: string; keywords: string[]; priority: number; color?: string | undefined; icon?: string | undefined; }[]; items: { id: string; description: string; categoryId?: string | ... 1 more ... | undefined; notes?: string | undefined; icon?: string | undefined; }[]; ... 5 more ...'.
src/app/api/pedidos/[id]/checklist/route.ts(106,17): error TS2353: Object literal may only specify known properties, and 'nivel' does not exist in type 'LogEntry'.
src/app/api/pedidos/[id]/checklist/route.ts(120,13): error TS2353: Object literal may only specify known properties, and 'nivel' does not exist in type 'LogEntry'.
src/app/api/pedidos/[id]/generar-informe/route.ts(139,13): error TS2353: Object literal may only specify known properties, and 'nivel' does not exist in type 'LogEntry'.
src/app/api/pedidos/[id]/generar-informe/route.ts(155,17): error TS2353: Object literal may only specify known properties, and 'nivel' does not exist in type 'LogEntry'.
src/app/api/pedidos/[id]/generar-informe/route.ts(175,13): error TS2353: Object literal may only specify known properties, and 'nivel' does not exist in type 'LogEntry'.
src/app/api/pedidos/[id]/generar-informe/route.ts(226,13): error TS2353: Object literal may only specify known properties, and 'nivel' does not exist in type 'LogEntry'.
src/app/api/pedidos/[id]/generar-informe/route.ts(249,13): error TS2353: Object literal may only specify known properties, and 'nivel' does not exist in type 'LogEntry'.
src/app/api/pedidos/[id]/validate/route.ts(5,10): error TS2724: '"@/lib/schemas"' has no exported member named 'ValidacionSchema'. Did you mean 'ValidationSchema'?
src/app/api/pedidos/[id]/validate/route.ts(74,13): error TS2353: Object literal may only specify known properties, and 'nivel' does not exist in type 'LogEntry'.
src/app/api/pedidos/[id]/validate/route.ts(91,17): error TS2353: Object literal may only specify known properties, and 'nivel' does not exist in type 'LogEntry'.
src/app/api/pedidos/[id]/validate/route.ts(110,13): error TS2353: Object literal may only specify known properties, and 'nivel' does not exist in type 'LogEntry'.
src/app/api/pedidos/[id]/validate/route.ts(151,13): error TS2353: Object literal may only specify known properties, and 'nivel' does not exist in type 'LogEntry'.
src/app/api/pedidos/[id]/validate/route.ts(168,13): error TS2353: Object literal may only specify known properties, and 'nivel' does not exist in type 'LogEntry'.
src/app/api/pedidos/[id]/vector-search/route.ts(47,17): error TS2353: Object literal may only specify known properties, and 'nivel' does not exist in type 'LogEntry'.
src/app/api/pedidos/[id]/vector-search/route.ts(81,13): error TS2353: Object literal may only specify known properties, and 'nivel' does not exist in type 'LogEntry'.
src/app/api/pedidos/[id]/vector-search/route.ts(118,13): error TS2353: Object literal may only specify known properties, and 'nivel' does not exist in type 'LogEntry'.
src/app/api/pricing/plans/route.ts(44,13): error TS2353: Object literal may only specify known properties, and 'nivel' does not exist in type 'LogEntry'.
src/app/api/tecnico/pedidos/analyze/route.ts(9,10): error TS2305: Module '"@/lib/schemas"' has no exported member 'PedidoSchema'.
src/app/api/tecnico/pedidos/analyze/route.ts(39,13): error TS2353: Object literal may only specify known properties, and 'nivel' does not exist in type 'LogEntry'.
src/app/api/tecnico/pedidos/analyze/route.ts(64,17): error TS2353: Object literal may only specify known properties, and 'nivel' does not exist in type 'LogEntry'.
src/app/api/tecnico/pedidos/analyze/route.ts(192,13): error TS2353: Object literal may only specify known properties, and 'nivel' does not exist in type 'LogEntry'.
src/app/api/tecnico/pedidos/analyze/route.ts(208,17): error TS2353: Object literal may only specify known properties, and 'nivel' does not exist in type 'LogEntry'.
src/app/api/tecnico/pedidos/route.ts(66,13): error TS2353: Object literal may only specify known properties, and 'nivel' does not exist in type 'LogEntry'.
src/app/api/tecnico/rag/chat/route.ts(34,13): error TS2353: Object literal may only specify known properties, and 'nivel' does not exist in type 'LogEntry'.
src/app/api/tecnico/rag/chat/route.ts(57,13): error TS2353: Object literal may only specify known properties, and 'nivel' does not exist in type 'LogEntry'.
src/app/api/tecnico/rag/chat/route.ts(73,17): error TS2353: Object literal may only specify known properties, and 'nivel' does not exist in type 'LogEntry'.
src/app/api/webhooks/stripe/route.ts(45,13): error TS2353: Object literal may only specify known properties, and 'nivel' does not exist in type 'LogEntry'.
src/app/api/webhooks/stripe/route.ts(64,17): error TS2353: Object literal may only specify known properties, and 'nivel' does not exist in type 'LogEntry'.
src/app/api/webhooks/stripe/route.ts(93,21): error TS2353: Object literal may only specify known properties, and 'nivel' does not exist in type 'LogEntry'.
src/app/api/webhooks/stripe/route.ts(113,13): error TS2353: Object literal may only specify known properties, and 'nivel' does not exist in type 'LogEntry'.
src/app/api/webhooks/stripe/route.ts(149,9): error TS2353: Object literal may only specify known properties, and 'nivel' does not exist in type 'LogEntry'.
src/app/api/webhooks/stripe/route.ts(182,9): error TS2353: Object literal may only specify known properties, and 'nivel' does not exist in type 'LogEntry'.
src/app/api/webhooks/stripe/route.ts(199,9): error TS2353: Object literal may only specify known properties, and 'nivel' does not exist in type 'LogEntry'.
src/app/api/webhooks/stripe/route.ts(221,9): error TS2353: Object literal may only specify known properties, and 'nivel' does not exist in type 'LogEntry'.
src/app/api/webhooks/stripe/route.ts(281,25): error TS2353: Object literal may only specify known properties, and 'nivel' does not exist in type 'LogEntry'.
src/app/api/webhooks/stripe/route.ts(293,13): error TS2353: Object literal may only specify known properties, and 'nivel' does not exist in type 'LogEntry'.
src/components/admin/checklist-editor/CategoryForm.tsx(64,35): error TS2551: Property 'icono' does not exist on type '{ id: string; name: string; keywords: string[]; priority: number; color?: string | undefined; icon?: string | undefined; }'. Did you mean 'icon'?
src/components/admin/checklist-editor/CategoryForm.tsx(64,62): error TS2551: Property 'icono' does not exist on type '{ id: string; name: string; keywords: string[]; priority: number; color?: string | undefined; icon?: string | undefined; }'. Did you mean 'icon'?
src/components/admin/checklist-editor/CategoryForm.tsx(65,67): error TS2551: Property 'icono' does not exist on type '{ id: string; name: string; keywords: string[]; priority: number; color?: string | undefined; icon?: string | undefined; }'. Did you mean 'icon'?
src/components/admin/checklist-editor/CategoryForm.tsx(72,85): error TS2339: Property 'nombre' does not exist on type '{ id: string; name: string; keywords: string[]; priority: number; color?: string | undefined; icon?: string | undefined; }'.
src/components/admin/checklist-editor/CategoryForm.tsx(90,45): error TS2339: Property 'nombre' does not exist on type '{ id: string; name: string; keywords: string[]; priority: number; color?: string | undefined; icon?: string | undefined; }'.
src/components/admin/checklist-editor/CategoryForm.tsx(91,68): error TS2353: Object literal may only specify known properties, and 'nombre' does not exist in type '{ id: string; name: string; keywords: string[]; priority: number; color?: string | undefined; icon?: string | undefined; }'.
src/components/admin/checklist-editor/CategoryForm.tsx(105,78): error TS2561: Object literal may only specify known properties, but 'icono' does not exist in type '{ id: string; name: string; keywords: string[]; priority: number; color?: string | undefined; icon?: string | undefined; }'. Did you mean to write 'icon'?
src/components/admin/checklist-editor/CategoryForm.tsx(107,56): error TS2551: Property 'icono' does not exist on type '{ id: string; name: string; keywords: string[]; priority: number; color?: string | undefined; icon?: string | undefined; }'. Did you mean 'icon'?
src/components/admin/checklist-editor/CategoryForm.tsx(142,45): error TS2339: Property 'prioridad' does not exist on type '{ id: string; name: string; keywords: string[]; priority: number; color?: string | undefined; icon?: string | undefined; }'.
src/components/admin/checklist-editor/CategoryForm.tsx(143,68): error TS2353: Object literal may only specify known properties, and 'prioridad' does not exist in type '{ id: string; name: string; keywords: string[]; priority: number; color?: string | undefined; icon?: string | undefined; }'.
src/components/admin/checklist-editor/ChecklistEditor.tsx(46,37): error TS2551: Property 'categorias' does not exist on type '{ name: string; categories: { id: string; name: string; keywords: string[]; priority: number; color?: string | undefined; icon?: string | undefined; }[]; items: { id: string; description: string; categoryId?: string | ... 1 more ... | undefined; notes?: string | undefined; icon?: string | undefined; }[]; ... 5 more ...'. Did you mean 'categories'?
src/components/admin/checklist-editor/ChecklistEditor.tsx(46,59): error TS7006: Parameter 'c' implicitly has an 'any' type.
src/components/admin/checklist-editor/ChecklistEditor.tsx(47,37): error TS2551: Property 'categorias' does not exist on type '{ name: string; categories: { id: string; name: string; keywords: string[]; priority: number; color?: string | undefined; icon?: string | undefined; }[]; items: { id: string; description: string; categoryId?: string | ... 1 more ... | undefined; notes?: string | undefined; icon?: string | undefined; }[]; ... 5 more ...'. Did you mean 'categories'?
src/components/admin/checklist-editor/ChecklistEditor.tsx(47,59): error TS7006: Parameter 'c' implicitly has an 'any' type.
src/components/admin/checklist-editor/ChecklistEditor.tsx(49,52): error TS2551: Property 'categorias' does not exist on type '{ name: string; categories: { id: string; name: string; keywords: string[]; priority: number; color?: string | undefined; icon?: string | undefined; }[]; items: { id: string; description: string; categoryId?: string | ... 1 more ... | undefined; notes?: string | undefined; icon?: string | undefined; }[]; ... 5 more ...'. Did you mean 'categories'?
src/components/admin/checklist-editor/ChecklistEditor.tsx(52,17): error TS2561: Object literal may only specify known properties, but 'categorias' does not exist in type '{ name: string; categories: { id: string; name: string; keywords: string[]; priority: number; color?: string | undefined; icon?: string | undefined; }[]; items: { id: string; description: string; categoryId?: string | ... 1 more ... | undefined; notes?: string | undefined; icon?: string | undefined; }[]; ... 5 more ...'. Did you mean to write 'categories'?
src/components/admin/checklist-editor/ChecklistEditor.tsx(53,56): error TS18046: 'c' is of type 'unknown'.
src/components/admin/checklist-editor/ChecklistEditor.tsx(62,13): error TS2353: Object literal may only specify known properties, and 'nombre' does not exist in type '{ id: string; name: string; keywords: string[]; priority: number; color?: string | undefined; icon?: string | undefined; }'.
src/components/admin/checklist-editor/ChecklistEditor.tsx(65,31): error TS2551: Property 'categorias' does not exist on type '{ name: string; categories: { id: string; name: string; keywords: string[]; priority: number; color?: string | undefined; icon?: string | undefined; }[]; items: { id: string; description: string; categoryId?: string | ... 1 more ... | undefined; notes?: string | undefined; icon?: string | undefined; }[]; ... 5 more ...'. Did you mean 'categories'?
src/components/admin/checklist-editor/ChecklistEditor.tsx(68,42): error TS2551: Property 'categorias' does not exist on type '{ name: string; categories: { id: string; name: string; keywords: string[]; priority: number; color?: string | undefined; icon?: string | undefined; }[]; items: { id: string; description: string; categoryId?: string | ... 1 more ... | undefined; notes?: string | undefined; icon?: string | undefined; }[]; ... 5 more ...'. Did you mean 'categories'?
src/components/admin/checklist-editor/ChecklistEditor.tsx(71,13): error TS2561: Object literal may only specify known properties, but 'categorias' does not exist in type '{ name: string; categories: { id: string; name: string; keywords: string[]; priority: number; color?: string | undefined; icon?: string | undefined; }[]; items: { id: string; description: string; categoryId?: string | ... 1 more ... | undefined; notes?: string | undefined; icon?: string | undefined; }[]; ... 5 more ...'. Did you mean to write 'categories'?
src/components/admin/checklist-editor/ChecklistEditor.tsx(78,38): error TS2551: Property 'categorias' does not exist on type '{ name: string; categories: { id: string; name: string; keywords: string[]; priority: number; color?: string | undefined; icon?: string | undefined; }[]; items: { id: string; description: string; categoryId?: string | ... 1 more ... | undefined; notes?: string | undefined; icon?: string | undefined; }[]; ... 5 more ...'. Did you mean 'categories'?
src/components/admin/checklist-editor/ChecklistEditor.tsx(78,53): error TS7006: Parameter 'c' implicitly has an 'any' type.
src/components/admin/checklist-editor/ChecklistEditor.tsx(81,13): error TS2561: Object literal may only specify known properties, but 'categorias' does not exist in type '{ name: string; categories: { id: string; name: string; keywords: string[]; priority: number; color?: string | undefined; icon?: string | undefined; }[]; items: { id: string; description: string; categoryId?: string | ... 1 more ... | undefined; notes?: string | undefined; icon?: string | undefined; }[]; ... 5 more ...'. Did you mean to write 'categories'?
src/components/admin/checklist-editor/ChecklistEditor.tsx(86,38): error TS2551: Property 'categorias' does not exist on type '{ name: string; categories: { id: string; name: string; keywords: string[]; priority: number; color?: string | undefined; icon?: string | undefined; }[]; items: { id: string; description: string; categoryId?: string | ... 1 more ... | undefined; notes?: string | undefined; icon?: string | undefined; }[]; ... 5 more ...'. Did you mean 'categories'?
src/components/admin/checklist-editor/ChecklistEditor.tsx(86,56): error TS7006: Parameter 'c' implicitly has an 'any' type.
src/components/admin/checklist-editor/ChecklistEditor.tsx(89,13): error TS2561: Object literal may only specify known properties, but 'categorias' does not exist in type '{ name: string; categories: { id: string; name: string; keywords: string[]; priority: number; color?: string | undefined; icon?: string | undefined; }[]; items: { id: string; description: string; categoryId?: string | ... 1 more ... | undefined; notes?: string | undefined; icon?: string | undefined; }[]; ... 5 more ...'. Did you mean to write 'categories'?
src/components/admin/checklist-editor/ChecklistEditor.tsx(90,47): error TS7006: Parameter 'c' implicitly has an 'any' type.
src/components/admin/checklist-editor/ChecklistEditor.tsx(95,36): error TS2551: Property 'categorias' does not exist on type '{ name: string; categories: { id: string; name: string; keywords: string[]; priority: number; color?: string | undefined; icon?: string | undefined; }[]; items: { id: string; description: string; categoryId?: string | ... 1 more ... | undefined; notes?: string | undefined; icon?: string | undefined; }[]; ... 5 more ...'. Did you mean 'categories'?
src/components/admin/checklist-editor/ChecklistEditor.tsx(95,52): error TS7006: Parameter 'c' implicitly has an 'any' type.
src/components/admin/checklist-editor/ChecklistEditor.tsx(113,47): error TS2339: Property 'nombre' does not exist on type '{ name: string; categories: { id: string; name: string; keywords: string[]; priority: number; color?: string | undefined; icon?: string | undefined; }[]; items: { id: string; description: string; categoryId?: string | ... 1 more ... | undefined; notes?: string | undefined; icon?: string | undefined; }[]; ... 5 more ...'.
src/components/admin/checklist-editor/ChecklistEditor.tsx(114,72): error TS2353: Object literal may only specify known properties, and 'nombre' does not exist in type '{ name: string; categories: { id: string; name: string; keywords: string[]; priority: number; color?: string | undefined; icon?: string | undefined; }[]; items: { id: string; description: string; categoryId?: string | ... 1 more ... | undefined; notes?: string | undefined; icon?: string | undefined; }[]; ... 5 more ...'.
src/components/admin/checklist-editor/ChecklistEditor.tsx(123,70): error TS2353: Object literal may only specify known properties, and 'activo' does not exist in type '{ name: string; categories: { id: string; name: string; keywords: string[]; priority: number; color?: string | undefined; icon?: string | undefined; }[]; items: { id: string; description: string; categoryId?: string | ... 1 more ... | undefined; notes?: string | undefined; icon?: string | undefined; }[]; ... 5 more ...'.
src/components/admin/checklist-editor/ChecklistEditor.tsx(123,86): error TS2339: Property 'activo' does not exist on type '{ name: string; categories: { id: string; name: string; keywords: string[]; priority: number; color?: string | undefined; icon?: string | undefined; }[]; items: { id: string; description: string; categoryId?: string | ... 1 more ... | undefined; notes?: string | undefined; icon?: string | undefined; }[]; ... 5 more ...'.
src/components/admin/checklist-editor/ChecklistEditor.tsx(124,128): error TS2339: Property 'activo' does not exist on type '{ name: string; categories: { id: string; name: string; keywords: string[]; priority: number; color?: string | undefined; icon?: string | undefined; }[]; items: { id: string; description: string; categoryId?: string | ... 1 more ... | undefined; notes?: string | undefined; icon?: string | undefined; }[]; ... 5 more ...'.
src/components/admin/checklist-editor/ChecklistEditor.tsx(126,134): error TS2339: Property 'activo' does not exist on type '{ name: string; categories: { id: string; name: string; keywords: string[]; priority: number; color?: string | undefined; icon?: string | undefined; }[]; items: { id: string; description: string; categoryId?: string | ... 1 more ... | undefined; notes?: string | undefined; icon?: string | undefined; }[]; ... 5 more ...'.
src/components/admin/checklist-editor/ChecklistEditor.tsx(153,47): error TS2551: Property 'categorias' does not exist on type '{ name: string; categories: { id: string; name: string; keywords: string[]; priority: number; color?: string | undefined; icon?: string | undefined; }[]; items: { id: string; description: string; categoryId?: string | ... 1 more ... | undefined; notes?: string | undefined; icon?: string | undefined; }[]; ... 5 more ...'. Did you mean 'categories'?
src/components/admin/checklist-editor/ChecklistEditor.tsx(153,62): error TS7006: Parameter 'c' implicitly has an 'any' type.
src/components/admin/checklist-editor/ChecklistEditor.tsx(157,45): error TS2551: Property 'categorias' does not exist on type '{ name: string; categories: { id: string; name: string; keywords: string[]; priority: number; color?: string | undefined; icon?: string | undefined; }[]; items: { id: string; description: string; categoryId?: string | ... 1 more ... | undefined; notes?: string | undefined; icon?: string | undefined; }[]; ... 5 more ...'. Did you mean 'categories'?
src/components/admin/checklist-editor/ChecklistEditor.tsx(157,61): error TS7006: Parameter 'category' implicitly has an 'any' type.
src/components/admin/checklist-editor/ChecklistEditor.tsx(165,45): error TS2551: Property 'categorias' does not exist on type '{ name: string; categories: { id: string; name: string; keywords: string[]; priority: number; color?: string | undefined; icon?: string | undefined; }[]; items: { id: string; description: string; categoryId?: string | ... 1 more ... | undefined; notes?: string | undefined; icon?: string | undefined; }[]; ... 5 more ...'. Did you mean 'categories'?
src/components/admin/checklist-editor/SortableCategoryItem.tsx(61,31): error TS2339: Property 'nombre' does not exist on type '{ id: string; name: string; keywords: string[]; priority: number; color?: string | undefined; icon?: string | undefined; }'.
src/components/admin/ChecklistConfigList.tsx(30,86): error TS2339: Property 'nombre' does not exist on type '{ name: string; categories: { id: string; name: string; keywords: string[]; priority: number; color?: string | undefined; icon?: string | undefined; }[]; items: { id: string; description: string; categoryId?: string | ... 1 more ... | undefined; notes?: string | undefined; icon?: string | undefined; }[]; ... 5 more ...'.
src/components/admin/ChecklistConfigList.tsx(42,87): error TS2339: Property 'nombre' does not exist on type '{ name: string; categories: { id: string; name: string; keywords: string[]; priority: number; color?: string | undefined; icon?: string | undefined; }[]; items: { id: string; description: string; categoryId?: string | ... 1 more ... | undefined; notes?: string | undefined; icon?: string | undefined; }[]; ... 5 more ...'.
src/components/admin/ChecklistConfigList.tsx(44,42): error TS2339: Property 'actualizado' does not exist on type '{ name: string; categories: { id: string; name: string; keywords: string[]; priority: number; color?: string | undefined; icon?: string | undefined; }[]; items: { id: string; description: string; categoryId?: string | ... 1 more ... | undefined; notes?: string | undefined; icon?: string | undefined; }[]; ... 5 more ...'.
src/components/admin/ChecklistConfigList.tsx(53,29): error TS2551: Property 'categorias' does not exist on type '{ name: string; categories: { id: string; name: string; keywords: string[]; priority: number; color?: string | undefined; icon?: string | undefined; }[]; items: { id: string; description: string; categoryId?: string | ... 1 more ... | undefined; notes?: string | undefined; icon?: string | undefined; }[]; ... 5 more ...'. Did you mean 'categories'?
src/components/admin/ChecklistConfigList.tsx(53,56): error TS7006: Parameter 'cat' implicitly has an 'any' type.
src/components/admin/ChecklistConfigList.tsx(66,29): error TS2551: Property 'categorias' does not exist on type '{ name: string; categories: { id: string; name: string; keywords: string[]; priority: number; color?: string | undefined; icon?: string | undefined; }[]; items: { id: string; description: string; categoryId?: string | ... 1 more ... | undefined; notes?: string | undefined; icon?: string | undefined; }[]; ... 5 more ...'. Did you mean 'categories'?
src/components/admin/ChecklistConfigList.tsx(68,38): error TS2551: Property 'categorias' does not exist on type '{ name: string; categories: { id: string; name: string; keywords: string[]; priority: number; color?: string | undefined; icon?: string | undefined; }[]; items: { id: string; description: string; categoryId?: string | ... 1 more ... | undefined; notes?: string | undefined; icon?: string | undefined; }[]; ... 5 more ...'. Did you mean 'categories'?
src/components/admin/ChecklistConfigList.tsx(77,24): error TS2339: Property 'activo' does not exist on type '{ name: string; categories: { id: string; name: string; keywords: string[]; priority: number; color?: string | undefined; icon?: string | undefined; }[]; items: { id: string; description: string; categoryId?: string | ... 1 more ... | undefined; notes?: string | undefined; icon?: string | undefined; }[]; ... 5 more ...'.
src/components/admin/configurator/ConfiguratorFull.tsx(45,9): error TS2345: Argument of type '{ name: string; categories: { id: string; name: string; keywords: string[]; priority: number; color?: string | undefined; icon?: string | undefined; }[]; items: { id: string; description: string; categoryId?: string | ... 1 more ... | undefined; notes?: string | undefined; icon?: string | undefined; }[]; ... 5 more ...' is not assignable to parameter of type '{ name: string; categories: { id: string; name: string; keywords: string[]; priority: number; color?: string | undefined; icon?: string | undefined; }[]; items: { id: string; description: string; categoryId?: string | ... 1 more ... | undefined; notes?: string | undefined; icon?: string | undefined; }[]; ... 5 more ...'.
  Object literal may only specify known properties, and 'nombre' does not exist in type '{ name: string; categories: { id: string; name: string; keywords: string[]; priority: number; color?: string | undefined; icon?: string | undefined; }[]; items: { id: string; description: string; categoryId?: string | ... 1 more ... | undefined; notes?: string | undefined; icon?: string | undefined; }[]; ... 5 more ...'.
src/components/admin/configurator/ConfiguratorFull.tsx(67,20): error TS2551: Property 'categorias' does not exist on type '{ name: string; categories: { id: string; name: string; keywords: string[]; priority: number; color?: string | undefined; icon?: string | undefined; }[]; items: { id: string; description: string; categoryId?: string | ... 1 more ... | undefined; notes?: string | undefined; icon?: string | undefined; }[]; ... 5 more ...'. Did you mean 'categories'?
src/components/admin/configurator/ConfiguratorFull.tsx(68,42): error TS2551: Property 'categorias' does not exist on type '{ name: string; categories: { id: string; name: string; keywords: string[]; priority: number; color?: string | undefined; icon?: string | undefined; }[]; items: { id: string; description: string; categoryId?: string | ... 1 more ... | undefined; notes?: string | undefined; icon?: string | undefined; }[]; ... 5 more ...'. Did you mean 'categories'?
src/components/admin/configurator/ConfiguratorFull.tsx(70,16): error TS2551: Property 'categorias' does not exist on type '{ name: string; categories: { id: string; name: string; keywords: string[]; priority: number; color?: string | undefined; icon?: string | undefined; }[]; items: { id: string; description: string; categoryId?: string | ... 1 more ... | undefined; notes?: string | undefined; icon?: string | undefined; }[]; ... 5 more ...'. Did you mean 'categories'?
src/components/admin/configurator/ConfiguratorFull.tsx(77,13): error TS2353: Object literal may only specify known properties, and 'nombre' does not exist in type '{ id: string; name: string; keywords: string[]; priority: number; color?: string | undefined; icon?: string | undefined; }'.
src/components/admin/configurator/ConfiguratorFull.tsx(80,31): error TS2551: Property 'categorias' does not exist on type '{ name: string; categories: { id: string; name: string; keywords: string[]; priority: number; color?: string | undefined; icon?: string | undefined; }[]; items: { id: string; description: string; categoryId?: string | ... 1 more ... | undefined; notes?: string | undefined; icon?: string | undefined; }[]; ... 5 more ...'. Did you mean 'categories'?
src/components/admin/configurator/ConfiguratorFull.tsx(86,34): error TS2551: Property 'categorias' does not exist on type '{ name: string; categories: { id: string; name: string; keywords: string[]; priority: number; color?: string | undefined; icon?: string | undefined; }[]; items: { id: string; description: string; categoryId?: string | ... 1 more ... | undefined; notes?: string | undefined; icon?: string | undefined; }[]; ... 5 more ...'. Did you mean 'categories'?
src/components/admin/configurator/ConfiguratorFull.tsx(95,30): error TS2551: Property 'categorias' does not exist on type '{ name: string; categories: { id: string; name: string; keywords: string[]; priority: number; color?: string | undefined; icon?: string | undefined; }[]; items: { id: string; description: string; categoryId?: string | ... 1 more ... | undefined; notes?: string | undefined; icon?: string | undefined; }[]; ... 5 more ...'. Did you mean 'categories'?
src/components/admin/configurator/ConfiguratorFull.tsx(95,48): error TS7006: Parameter 'c' implicitly has an 'any' type.
src/components/admin/configurator/ConfiguratorFull.tsx(105,30): error TS2551: Property 'categorias' does not exist on type '{ name: string; categories: { id: string; name: string; keywords: string[]; priority: number; color?: string | undefined; icon?: string | undefined; }[]; items: { id: string; description: string; categoryId?: string | ... 1 more ... | undefined; notes?: string | undefined; icon?: string | undefined; }[]; ... 5 more ...'. Did you mean 'categories'?
src/components/admin/configurator/ConfiguratorFull.tsx(105,45): error TS7006: Parameter 'c' implicitly has an 'any' type.
src/components/admin/configurator/ConfiguratorFull.tsx(117,13): error TS2561: Object literal may only specify known properties, but 'icono' does not exist in type '{ id: string; description: string; categoryId?: string | null | undefined; notes?: string | undefined; icon?: string | undefined; }'. Did you mean to write 'icon'?
src/components/admin/configurator/ConfiguratorFull.tsx(149,45): error TS2551: Property 'categorias' does not exist on type '{ name: string; categories: { id: string; name: string; keywords: string[]; priority: number; color?: string | undefined; icon?: string | undefined; }[]; items: { id: string; description: string; categoryId?: string | ... 1 more ... | undefined; notes?: string | undefined; icon?: string | undefined; }[]; ... 5 more ...'. Did you mean 'categories'?
src/components/admin/configurator/ConfiguratorFull.tsx(219,36): error TS2551: Property 'categorias' does not exist on type '{ name: string; categories: { id: string; name: string; keywords: string[]; priority: number; color?: string | undefined; icon?: string | undefined; }[]; items: { id: string; description: string; categoryId?: string | ... 1 more ... | undefined; notes?: string | undefined; icon?: string | undefined; }[]; ... 5 more ...'. Did you mean 'categories'?
src/components/admin/configurator/ConfiguratorFull.tsx(219,52): error TS7006: Parameter 'c' implicitly has an 'any' type.
src/components/admin/configurator/ConfiguratorFull.tsx(236,43): error TS2339: Property 'nombre' does not exist on type '{ name: string; categories: { id: string; name: string; keywords: string[]; priority: number; color?: string | undefined; icon?: string | undefined; }[]; items: { id: string; description: string; categoryId?: string | ... 1 more ... | undefined; notes?: string | undefined; icon?: string | undefined; }[]; ... 5 more ...'.
src/components/admin/configurator/ConfiguratorFull.tsx(312,68): error TS2551: Property 'categorias' does not exist on type '{ name: string; categories: { id: string; name: string; keywords: string[]; priority: number; color?: string | undefined; icon?: string | undefined; }[]; items: { id: string; description: string; categoryId?: string | ... 1 more ... | undefined; notes?: string | undefined; icon?: string | undefined; }[]; ... 5 more ...'. Did you mean 'categories'?
src/components/admin/configurator/ConfiguratorFull.tsx(312,84): error TS7006: Parameter 'c' implicitly has an 'any' type.
src/components/admin/configurator/ConfiguratorFull.tsx(327,45): error TS2551: Property 'categorias' does not exist on type '{ name: string; categories: { id: string; name: string; keywords: string[]; priority: number; color?: string | undefined; icon?: string | undefined; }[]; items: { id: string; description: string; categoryId?: string | ... 1 more ... | undefined; notes?: string | undefined; icon?: string | undefined; }[]; ... 5 more ...'. Did you mean 'categories'?
src/components/admin/configurator/ConfiguratorFull.tsx(361,119): error TS2353: Object literal may only specify known properties, and 'nombre' does not exist in type 'Partial<{ id: string; name: string; keywords: string[]; priority: number; color?: string | undefined; icon?: string | undefined; }>'.
src/components/admin/configurator/PreviewModal.tsx(30,37): error TS2339: Property 'nombre' does not exist on type '{ name: string; categories: { id: string; name: string; keywords: string[]; priority: number; color?: string | undefined; icon?: string | undefined; }[]; items: { id: string; description: string; categoryId?: string | ... 1 more ... | undefined; notes?: string | undefined; icon?: string | undefined; }[]; ... 5 more ...'.
src/components/admin/configurator/PreviewModal.tsx(39,48): error TS2551: Property 'categorias' does not exist on type '{ name: string; categories: { id: string; name: string; keywords: string[]; priority: number; color?: string | undefined; icon?: string | undefined; }[]; items: { id: string; description: string; categoryId?: string | ... 1 more ... | undefined; notes?: string | undefined; icon?: string | undefined; }[]; ... 5 more ...'. Did you mean 'categories'?
src/components/admin/configurator/PreviewModal.tsx(39,64): error TS7006: Parameter 'c' implicitly has an 'any' type.
src/components/admin/configurator/PreviewModal.tsx(87,33): error TS2551: Property 'categorias' does not exist on type '{ name: string; categories: { id: string; name: string; keywords: string[]; priority: number; color?: string | undefined; icon?: string | undefined; }[]; items: { id: string; description: string; categoryId?: string | ... 1 more ... | undefined; notes?: string | undefined; icon?: string | undefined; }[]; ... 5 more ...'. Did you mean 'categories'?
src/components/admin/configurator/SortableCategory.tsx(63,27): error TS2339: Property 'nombre' does not exist on type '{ id: string; name: string; keywords: string[]; priority: number; color?: string | undefined; icon?: string | undefined; }'.
src/components/pedidos/ValidationWorkflow.tsx(10,15): error TS2724: '"@/lib/schemas"' has no exported member named 'ValidacionItem'. Did you mean 'ValidationItem'?
src/components/pedidos/ValidationWorkflow.tsx(265,35): error TS7053: Element implicitly has an 'any' type because expression of type 'ValidacionItem' can't be used to index type '{ APROBADO: { color: string; icon: ForwardRefExoticComponent<Omit<LucideProps, "ref"> & RefAttributes<SVGSVGElement>>; }; CORREGIDO: { ...; }; RECHAZADO: { ...; }; }'.
src/components/tecnico/DynamicChecklist.tsx(21,16): error TS2551: Property 'categorias' does not exist on type '{ name: string; categories: { id: string; name: string; keywords: string[]; priority: number; color?: string | undefined; icon?: string | undefined; }[]; items: { id: string; description: string; categoryId?: string | ... 1 more ... | undefined; notes?: string | undefined; icon?: string | undefined; }[]; ... 5 more ...'. Did you mean 'categories'?
src/components/tecnico/DynamicChecklist.tsx(21,31): error TS7006: Parameter 'c' implicitly has an 'any' type.
src/components/tecnico/DynamicChecklist.tsx(31,33): error TS2551: Property 'categorias' does not exist on type '{ name: string; categories: { id: string; name: string; keywords: string[]; priority: number; color?: string | undefined; icon?: string | undefined; }[]; items: { id: string; description: string; categoryId?: string | ... 1 more ... | undefined; notes?: string | undefined; icon?: string | undefined; }[]; ... 5 more ...'. Did you mean 'categories'?
src/components/tecnico/DynamicChecklist.tsx(31,52): error TS7006: Parameter 'acc' implicitly has an 'any' type.
src/components/tecnico/DynamicChecklist.tsx(31,57): error TS7006: Parameter 'cat' implicitly has an 'any' type.
src/components/tecnico/DynamicChecklist.tsx(103,21): error TS2551: Property 'categorias' does not exist on type '{ name: string; categories: { id: string; name: string; keywords: string[]; priority: number; color?: string | undefined; icon?: string | undefined; }[]; items: { id: string; description: string; categoryId?: string | ... 1 more ... | undefined; notes?: string | undefined; icon?: string | undefined; }[]; ... 5 more ...'. Did you mean 'categories'?
src/components/tecnico/DynamicChecklist.tsx(103,36): error TS7006: Parameter 'cat' implicitly has an 'any' type.
src/components/tecnico/DynamicChecklist.tsx(108,61): error TS7006: Parameter 'i' implicitly has an 'any' type.
src/core/engine/AgentEngine.ts(77,17): error TS2353: Object literal may only specify known properties, and 'nivel' does not exist in type 'LogEntry'.
src/core/engine/CrossVerticalEngine.ts(58,74): error TS2561: Object literal may only specify known properties, but 'correlacion_id' does not exist in type '{ correlationId: string; temperature?: number | undefined; model?: string | undefined; }'. Did you mean to write 'correlationId'?
src/core/engine/CrossVerticalEngine.ts(61,17): error TS2353: Object literal may only specify known properties, and 'nivel' does not exist in type 'LogEntry'.
src/core/engine/GovernanceEngine.ts(68,17): error TS2353: Object literal may only specify known properties, and 'nivel' does not exist in type 'LogEntry'.
src/core/engine/InsightEngine.ts(70,73): error TS2561: Object literal may only specify known properties, but 'correlacion_id' does not exist in type '{ correlationId: string; temperature?: number | undefined; model?: string | undefined; }'. Did you mean to write 'correlationId'?
src/core/engine/InsightEngine.ts(84,17): error TS2353: Object literal may only specify known properties, and 'nivel' does not exist in type 'LogEntry'.
src/core/engine/InsightEngine.ts(97,17): error TS2353: Object literal may only specify known properties, and 'nivel' does not exist in type 'LogEntry'.
src/core/engine/PredictiveEngine.ts(65,73): error TS2561: Object literal may only specify known properties, but 'correlacion_id' does not exist in type '{ correlationId: string; temperature?: number | undefined; model?: string | undefined; }'. Did you mean to write 'correlationId'?
src/core/engine/PredictiveEngine.ts(79,17): error TS2353: Object literal may only specify known properties, and 'nivel' does not exist in type 'LogEntry'.
src/core/engine/PredictiveEngine.ts(91,17): error TS2353: Object literal may only specify known properties, and 'nivel' does not exist in type 'LogEntry'.
src/core/engine/ReliabilityEngine.ts(53,17): error TS2353: Object literal may only specify known properties, and 'nivel' does not exist in type 'LogEntry'.
src/core/engine/WorkflowEngine.ts(41,25): error TS2353: Object literal may only specify known properties, and 'nivel' does not exist in type 'LogEntry'.
src/core/engine/WorkflowEngine.ts(79,25): error TS2353: Object literal may only specify known properties, and 'nivel' does not exist in type 'LogEntry'.
src/lib/access-control.ts(30,21): error TS2353: Object literal may only specify known properties, and 'nivel' does not exist in type 'LogEntry'.
src/lib/agent-engine.ts(148,70): error TS2561: Object literal may only specify known properties, but 'correlacion_id' does not exist in type '{ correlationId: string; temperature?: number | undefined; model?: string | undefined; }'. Did you mean to write 'correlationId'?
src/lib/agent-engine.ts(194,78): error TS2561: Object literal may only specify known properties, but 'correlacion_id' does not exist in type '{ correlationId: string; temperature?: number | undefined; model?: string | undefined; }'. Did you mean to write 'correlationId'?
src/lib/audit-pdf-export.ts(2,10): error TS2724: '"@/lib/schemas"' has no exported member named 'ItemValidacion'. Did you mean 'ItemValidation'?
src/lib/audit-pdf-export.ts(2,43): error TS2305: Module '"@/lib/schemas"' has no exported member 'Pedido'.
src/lib/audit-pdf-export.ts(53,53): error TS2339: Property 'nombre' does not exist on type '{ name: string; categories: { id: string; name: string; keywords: string[]; priority: number; color?: string | undefined; icon?: string | undefined; }[]; items: { id: string; description: string; categoryId?: string | ... 1 more ... | undefined; notes?: string | undefined; icon?: string | undefined; }[]; ... 5 more ...'.
src/lib/audit-pdf-export.ts(65,38): error TS2551: Property 'categorias' does not exist on type '{ name: string; categories: { id: string; name: string; keywords: string[]; priority: number; color?: string | undefined; icon?: string | undefined; }[]; items: { id: string; description: string; categoryId?: string | ... 1 more ... | undefined; notes?: string | undefined; icon?: string | undefined; }[]; ... 5 more ...'. Did you mean 'categories'?
src/lib/audit-pdf-export.ts(65,57): error TS7006: Parameter 'c' implicitly has an 'any' type.
src/lib/auth.ts(50,29): error TS2353: Object literal may only specify known properties, and 'nivel' does not exist in type 'LogEntry'.
src/lib/auth.ts(64,29): error TS2353: Object literal may only specify known properties, and 'nivel' does not exist in type 'LogEntry'.
src/lib/auth.ts(79,33): error TS2353: Object literal may only specify known properties, and 'nivel' does not exist in type 'LogEntry'.
src/lib/auth.ts(92,33): error TS2353: Object literal may only specify known properties, and 'nivel' does not exist in type 'LogEntry'.
src/lib/auth.ts(103,25): error TS2353: Object literal may only specify known properties, and 'nivel' does not exist in type 'LogEntry'.
src/lib/auth.ts(132,29): error TS2353: Object literal may only specify known properties, and 'nivel' does not exist in type 'LogEntry'.
src/lib/checklist-auto-classifier.ts(46,35): error TS2551: Property 'categorias' does not exist on type '{ name: string; categories: { id: string; name: string; keywords: string[]; priority: number; color?: string | undefined; icon?: string | undefined; }[]; items: { id: string; description: string; categoryId?: string | ... 1 more ... | undefined; notes?: string | undefined; icon?: string | undefined; }[]; ... 5 more ...'. Did you mean 'categories'?
src/lib/checklist-auto-classifier.ts(74,30): error TS2551: Property 'categorias' does not exist on type '{ name: string; categories: { id: string; name: string; keywords: string[]; priority: number; color?: string | undefined; icon?: string | undefined; }[]; items: { id: string; description: string; categoryId?: string | ... 1 more ... | undefined; notes?: string | undefined; icon?: string | undefined; }[]; ... 5 more ...'. Did you mean 'categories'?
src/lib/checklist-auto-classifier.ts(91,9): error TS2353: Object literal may only specify known properties, and 'nivel' does not exist in type 'LogEntry'.
src/lib/checklist-extractor.ts(63,78): error TS2561: Object literal may only specify known properties, but 'correlacion_id' does not exist in type '{ correlationId: string; temperature?: number | undefined; model?: string | undefined; }'. Did you mean to write 'correlationId'?
src/lib/checklist-extractor.ts(88,13): error TS2353: Object literal may only specify known properties, and 'nivel' does not exist in type 'LogEntry'.
src/lib/checklist-extractor.ts(103,13): error TS2353: Object literal may only specify known properties, and 'nivel' does not exist in type 'LogEntry'.
src/lib/configs.ts(38,13): error TS2353: Object literal may only specify known properties, and 'nombre' does not exist in type '{ name: string; categories: { id: string; name: string; keywords: string[]; priority: number; color?: string | undefined; icon?: string | undefined; }[]; items: { id: string; description: string; categoryId?: string | ... 1 more ... | undefined; notes?: string | undefined; icon?: string | undefined; }[]; ... 5 more ...'.
src/lib/configs.ts(38,28): error TS2339: Property 'nombre' does not exist on type '{ name: string; categories: { id: string; name: string; keywords: string[]; priority: number; color?: string | undefined; icon?: string | undefined; }[]; items: { id: string; description: string; categoryId?: string | ... 1 more ... | undefined; notes?: string | undefined; icon?: string | undefined; }[]; ... 5 more ...'.
src/lib/configs.ts(39,32): error TS2551: Property 'categorias' does not exist on type '{ name: string; categories: { id: string; name: string; keywords: string[]; priority: number; color?: string | undefined; icon?: string | undefined; }[]; items: { id: string; description: string; categoryId?: string | ... 1 more ... | undefined; notes?: string | undefined; icon?: string | undefined; }[]; ... 5 more ...'. Did you mean 'categories'?
src/lib/configs.ts(42,28): error TS2339: Property 'activo' does not exist on type '{ name: string; categories: { id: string; name: string; keywords: string[]; priority: number; color?: string | undefined; icon?: string | undefined; }[]; items: { id: string; description: string; categoryId?: string | ... 1 more ... | undefined; notes?: string | undefined; icon?: string | undefined; }[]; ... 5 more ...'.
src/lib/configs.ts(44,28): error TS2339: Property 'creado' does not exist on type '{ name: string; categories: { id: string; name: string; keywords: string[]; priority: number; color?: string | undefined; icon?: string | undefined; }[]; items: { id: string; description: string; categoryId?: string | ... 1 more ... | undefined; notes?: string | undefined; icon?: string | undefined; }[]; ... 5 more ...'.
src/lib/configs.ts(45,33): error TS2339: Property 'actualizado' does not exist on type '{ name: string; categories: { id: string; name: string; keywords: string[]; priority: number; color?: string | undefined; icon?: string | undefined; }[]; items: { id: string; description: string; categoryId?: string | ... 1 more ... | undefined; notes?: string | undefined; icon?: string | undefined; }[]; ... 5 more ...'.
src/lib/configs.ts(49,13): error TS2353: Object literal may only specify known properties, and 'nivel' does not exist in type 'LogEntry'.
src/lib/configs.ts(59,13): error TS2353: Object literal may only specify known properties, and 'nivel' does not exist in type 'LogEntry'.
src/lib/contact-service.ts(26,13): error TS2353: Object literal may only specify known properties, and 'nivel' does not exist in type 'LogEntry'.
src/lib/contact-service.ts(69,13): error TS2353: Object literal may only specify known properties, and 'nivel' does not exist in type 'LogEntry'.
src/lib/default-checklist-config.ts(10,5): error TS2353: Object literal may only specify known properties, and 'nombre' does not exist in type '{ name: string; categories: { id: string; name: string; keywords: string[]; priority: number; color?: string | undefined; icon?: string | undefined; }[]; items: { id: string; description: string; categoryId?: string | ... 1 more ... | undefined; notes?: string | undefined; icon?: string | undefined; }[]; ... 5 more ...'.
src/lib/errors.ts(74,7): error TS2353: Object literal may only specify known properties, and 'nivel' does not exist in type 'LogEntry'.
src/lib/errors.ts(89,5): error TS2353: Object literal may only specify known properties, and 'nivel' does not exist in type 'LogEntry'.
src/lib/evaluation-service.ts(58,17): error TS2353: Object literal may only specify known properties, and 'nivel' does not exist in type 'LogEntry'.
src/lib/evaluation-service.ts(71,17): error TS2353: Object literal may only specify known properties, and 'nivel' does not exist in type 'LogEntry'.
src/lib/evaluation-service.ts(91,67): error TS2561: Object literal may only specify known properties, but 'correlacion_id' does not exist in type '{ correlationId: string; temperature?: number | undefined; model?: string | undefined; }'. Did you mean to write 'correlationId'?
src/lib/evaluation-service.ts(107,67): error TS2561: Object literal may only specify known properties, but 'correlacion_id' does not exist in type '{ correlationId: string; temperature?: number | undefined; model?: string | undefined; }'. Did you mean to write 'correlationId'?
src/lib/evaluation-service.ts(128,75): error TS2561: Object literal may only specify known properties, but 'correlacion_id' does not exist in type '{ correlationId: string; temperature?: number | undefined; model?: string | undefined; }'. Did you mean to write 'correlationId'?
src/lib/geo-distributor.ts(35,17): error TS2353: Object literal may only specify known properties, and 'nivel' does not exist in type 'LogEntry'.
src/lib/infra-autoscaler.ts(45,13): error TS2353: Object literal may only specify known properties, and 'nivel' does not exist in type 'LogEntry'.
src/lib/langgraph-rag.ts(40,13): error TS2353: Object literal may only specify known properties, and 'nivel' does not exist in type 'LogEntry'.
src/lib/langgraph-rag.ts(70,80): error TS2561: Object literal may only specify known properties, but 'correlacion_id' does not exist in type '{ correlationId: string; temperature?: number | undefined; model?: string | undefined; }'. Did you mean to write 'correlationId'?
src/lib/langgraph-rag.ts(101,72): error TS2561: Object literal may only specify known properties, but 'correlacion_id' does not exist in type '{ correlationId: string; temperature?: number | undefined; model?: string | undefined; }'. Did you mean to write 'correlationId'?
src/lib/langgraph-rag.ts(120,80): error TS2561: Object literal may only specify known properties, but 'correlacion_id' does not exist in type '{ correlationId: string; temperature?: number | undefined; model?: string | undefined; }'. Did you mean to write 'correlationId'?
src/lib/langgraph-rag.ts(144,76): error TS2561: Object literal may only specify known properties, but 'correlacion_id' does not exist in type '{ correlationId: string; temperature?: number | undefined; model?: string | undefined; }'. Did you mean to write 'correlationId'?
src/lib/langgraph-rag.ts(169,76): error TS2561: Object literal may only specify known properties, but 'correlacion_id' does not exist in type '{ correlationId: string; temperature?: number | undefined; model?: string | undefined; }'. Did you mean to write 'correlationId'?
src/lib/mappers.ts(1,10): error TS2305: Module '"@/lib/schemas"' has no exported member 'Pedido'.
src/lib/mappers.ts(23,9): error TS2353: Object literal may only specify known properties, and 'creado' does not exist in type '{ tenantId: string; industry: "ELEVATORS" | "LEGAL" | "IT" | "GENERIC"; type: string; priority: "LOW" | "MEDIUM" | "HIGH" | "CRITICAL"; status: string; metadata: { industry_specific: Record<string, any>; taxonomies: Record<...>; tags: string[]; risks?: { ...; }[] | undefined; checklist_status?: "PENDING" | ... 2 mor...'.
src/lib/mappers.ts(41,29): error TS2339: Property 'creado' does not exist on type '{ tenantId: string; industry: "ELEVATORS" | "LEGAL" | "IT" | "GENERIC"; type: string; priority: "LOW" | "MEDIUM" | "HIGH" | "CRITICAL"; status: string; metadata: { industry_specific: Record<string, any>; taxonomies: Record<...>; tags: string[]; risks?: { ...; }[] | undefined; checklist_status?: "PENDING" | ... 2 mor...'.
src/lib/mfa-service.ts(30,13): error TS2353: Object literal may only specify known properties, and 'nivel' does not exist in type 'LogEntry'.
src/lib/mfa-service.ts(49,17): error TS2353: Object literal may only specify known properties, and 'nivel' does not exist in type 'LogEntry'.
src/lib/mfa-service.ts(89,13): error TS2353: Object literal may only specify known properties, and 'nivel' does not exist in type 'LogEntry'.
src/lib/mfa-service.ts(113,17): error TS2353: Object literal may only specify known properties, and 'nivel' does not exist in type 'LogEntry'.
src/lib/mfa-service.ts(122,17): error TS2353: Object literal may only specify known properties, and 'nivel' does not exist in type 'LogEntry'.
src/lib/mfa-service.ts(146,13): error TS2353: Object literal may only specify known properties, and 'nivel' does not exist in type 'LogEntry'.
src/lib/observability-service.ts(18,17): error TS2353: Object literal may only specify known properties, and 'nivel' does not exist in type 'LogEntry'.
src/lib/observability-service.ts(63,21): error TS2353: Object literal may only specify known properties, and 'nivel' does not exist in type 'LogEntry'.
src/lib/performance-guard.ts(68,13): error TS2353: Object literal may only specify known properties, and 'nivel' does not exist in type 'LogEntry'.
src/lib/prompt-service.ts(130,13): error TS2561: Object literal may only specify known properties, but 'correlacion_id' does not exist in type '{ promptId: any; tenantId: string; version: number; template: string; variables: { name: string; type: "string" | "number" | "boolean" | "json"; required: boolean; description?: string | undefined; }[]; ... 5 more ...; userAgent?: string | undefined; }'. Did you mean to write 'correlationId'?
src/lib/prompt-service.ts(154,13): error TS2353: Object literal may only specify known properties, and 'nivel' does not exist in type 'LogEntry'.
src/lib/prompt-service.ts(223,13): error TS2353: Object literal may only specify known properties, and 'nivel' does not exist in type 'LogEntry'.
src/lib/queue-service.ts(68,13): error TS2353: Object literal may only specify known properties, and 'nivel' does not exist in type 'LogEntry'.
src/lib/rag-service.ts(94,13): error TS2353: Object literal may only specify known properties, and 'nivel' does not exist in type 'LogEntry'.
src/lib/rag-service.ts(115,13): error TS2353: Object literal may only specify known properties, and 'nivel' does not exist in type 'LogEntry'.
src/lib/rag-service.ts(133,17): error TS2353: Object literal may only specify known properties, and 'nivel' does not exist in type 'LogEntry'.
src/lib/rag-service.ts(190,13): error TS2353: Object literal may only specify known properties, and 'nivel' does not exist in type 'LogEntry'.
src/lib/rag-service.ts(210,13): error TS2353: Object literal may only specify known properties, and 'nivel' does not exist in type 'LogEntry'.
src/lib/rag-service.ts(265,13): error TS2353: Object literal may only specify known properties, and 'nivel' does not exist in type 'LogEntry'.
src/lib/rag-service.ts(342,13): error TS2353: Object literal may only specify known properties, and 'nivel' does not exist in type 'LogEntry'.
src/lib/rag-service.ts(365,13): error TS2353: Object literal may only specify known properties, and 'nivel' does not exist in type 'LogEntry'.
src/lib/rag-service.ts(381,17): error TS2353: Object literal may only specify known properties, and 'nivel' does not exist in type 'LogEntry'.
src/lib/risk-service.ts(31,79): error TS2561: Object literal may only specify known properties, but 'correlacion_id' does not exist in type '{ correlationId: string; temperature?: number | undefined; model?: string | undefined; }'. Did you mean to write 'correlationId'?
src/lib/risk-service.ts(43,17): error TS2353: Object literal may only specify known properties, and 'nivel' does not exist in type 'LogEntry'.
src/lib/risk-service.ts(55,17): error TS2353: Object literal may only specify known properties, and 'nivel' does not exist in type 'LogEntry'.
src/lib/security-audit-engine.ts(71,13): error TS2353: Object literal may only specify known properties, and 'nivel' does not exist in type 'LogEntry'.
src/lib/server-pdf-utils.ts(134,9): error TS2353: Object literal may only specify known properties, and 'nivel' does not exist in type 'LogEntry'.
src/lib/taxonomy-service.ts(44,13): error TS2353: Object literal may only specify known properties, and 'nivel' does not exist in type 'LogEntry'.
src/lib/taxonomy-service.ts(79,13): error TS2353: Object literal may only specify known properties, and 'nivel' does not exist in type 'LogEntry'.
src/lib/tenant-service.ts(97,17): error TS2353: Object literal may only specify known properties, and 'nivel' does not exist in type 'LogEntry'.
src/lib/ticket-service.ts(35,13): error TS2353: Object literal may only specify known properties, and 'nivel' does not exist in type 'LogEntry'.
src/lib/ticket-service.ts(118,13): error TS2353: Object literal may only specify known properties, and 'nivel' does not exist in type 'LogEntry'.
src/lib/ticket-service.ts(165,13): error TS2353: Object literal may only specify known properties, and 'nivel' does not exist in type 'LogEntry'.
src/lib/usage-limiter.ts(83,13): error TS2353: Object literal may only specify known properties, and 'nivel' does not exist in type 'LogEntry'.
src/lib/usage-limiter.ts(93,13): error TS2353: Object literal may only specify known properties, and 'nivel' does not exist in type 'LogEntry'.
src/lib/usage-limiter.ts(154,13): error TS2353: Object literal may only specify known properties, and 'nivel' does not exist in type 'LogEntry'.
src/lib/usage-limiter.ts(283,13): error TS2353: Object literal may only specify known properties, and 'nivel' does not exist in type 'LogEntry'.
src/lib/workflow-engine.ts(126,13): error TS2353: Object literal may only specify known properties, and 'nivel' does not exist in type 'LogEntry'.
src/lib/workflow-engine.ts(143,17): error TS2353: Object literal may only specify known properties, and 'nivel' does not exist in type 'LogEntry'.
src/lib/workflow-service.ts(23,42): error TS2551: Property 'entity_type' does not exist on type '{ tenantId: string; industry: "ELEVATORS" | "LEGAL" | "IT" | "GENERIC"; name: string; entityType: "ENTITY" | "EQUIPMENT" | "USER"; states: { id: string; label: string; color: string; is_initial: boolean; ... 4 more ...; icon?: string | undefined; }[]; ... 6 more ...; _id?: any; }'. Did you mean 'entityType'?
src/lib/workflow-service.ts(29,36): error TS2551: Property 'entity_type' does not exist on type '{ tenantId: string; industry: "ELEVATORS" | "LEGAL" | "IT" | "GENERIC"; name: string; entityType: "ENTITY" | "EQUIPMENT" | "USER"; states: { id: string; label: string; color: string; is_initial: boolean; ... 4 more ...; icon?: string | undefined; }[]; ... 6 more ...; _id?: any; }'. Did you mean 'entityType'?
src/lib/workflow-service.ts(40,13): error TS2353: Object literal may only specify known properties, and 'nivel' does not exist in type 'LogEntry'.
src/lib/workflow-service.ts(45,70): error TS2551: Property 'entity_type' does not exist on type '{ tenantId: string; industry: "ELEVATORS" | "LEGAL" | "IT" | "GENERIC"; name: string; entityType: "ENTITY" | "EQUIPMENT" | "USER"; states: { id: string; label: string; color: string; is_initial: boolean; ... 4 more ...; icon?: string | undefined; }[]; ... 6 more ...; _id?: any; }'. Did you mean 'entityType'?
src/lib/workflow-service.ts(75,13): error TS2561: Object literal may only specify known properties, but 'entity_type' does not exist in type 'Partial<{ tenantId: string; industry: "ELEVATORS" | "LEGAL" | "IT" | "GENERIC"; name: string; entityType: "ENTITY" | "EQUIPMENT" | "USER"; states: { id: string; label: string; color: string; is_initial: boolean; ... 4 more ...; icon?: string | undefined; }[]; ... 6 more ...; _id?: any; }>'. Did you mean to write 'entityType'?
src/middleware.ts(67,21): error TS2353: Object literal may only specify known properties, and 'nivel' does not exist in type 'LogEntry'.
src/middleware.ts(175,13): error TS2353: Object literal may only specify known properties, and 'nivel' does not exist in type 'LogEntry'.
