[dotenv@17.2.3] injecting env (25) from .env.local -- tip: ÔÜÖ´©Å  load multiple .env files with { path: ['.env.local', '.env'] }
­ƒöì Buscando errores recientes en la base de datos...
­ƒôï Se encontraron 5 errores:

--- ERROR #1 ---
­ƒôà Timestamp: Tue Mar 03 2026 00:26:13 GMT+0100 (hora est├índar de Europa central)
­ƒôî Source: API_ADMIN_I18N_SYNC_POST
­ƒÄ¼ Action: INTERNAL_SERVER_ERROR
­ƒÆ¼ Message: Invalid $set :: caused by :: '$' by itself is not a valid FieldPath
­ƒöì Details: undefined
­ƒôÜ Stack: MongoBulkWriteError: Invalid $set :: caused by :: '$' by itself is not a valid FieldPath
    at OrderedBulkOperation.handleWriteError (D:\desarrollos\ABDElevators\node_modules\mongodb\lib\bulk\common.js:802:19)
    at executeCommands (D:\desarrollos\ABDElevators\node_modules\mongodb\lib\bulk\common.js:346:23)
    at process.processTicksAndRejections (node:internal/process/task_queues:105:5)
    at async D:\desarrollos\ABDElevators\node_modules\mongodb\lib\bulk\common.js:788:24
    at async Mongo...

--- ERROR #2 ---
­ƒôà Timestamp: Tue Mar 03 2026 00:24:37 GMT+0100 (hora est├índar de Europa central)
­ƒôî Source: API_ADMIN_I18N_SYNC_POST
­ƒÄ¼ Action: INTERNAL_SERVER_ERROR
­ƒÆ¼ Message: Invalid $set :: caused by :: '$' by itself is not a valid FieldPath
­ƒöì Details: undefined
­ƒôÜ Stack: MongoBulkWriteError: Invalid $set :: caused by :: '$' by itself is not a valid FieldPath
    at OrderedBulkOperation.handleWriteError (D:\desarrollos\ABDElevators\node_modules\mongodb\lib\bulk\common.js:802:19)
    at executeCommands (D:\desarrollos\ABDElevators\node_modules\mongodb\lib\bulk\common.js:346:23)
    at process.processTicksAndRejections (node:internal/process/task_queues:105:5)
    at async D:\desarrollos\ABDElevators\node_modules\mongodb\lib\bulk\common.js:788:24
    at async Mongo...

--- ERROR #3 ---
­ƒôà Timestamp: Tue Mar 03 2026 00:23:40 GMT+0100 (hora est├índar de Europa central)
­ƒôî Source: API_ADMIN_I18N_SYNC_POST
­ƒÄ¼ Action: INTERNAL_SERVER_ERROR
­ƒÆ¼ Message: Invalid $set :: caused by :: '$' by itself is not a valid FieldPath
­ƒöì Details: undefined
­ƒôÜ Stack: MongoBulkWriteError: Invalid $set :: caused by :: '$' by itself is not a valid FieldPath
    at OrderedBulkOperation.handleWriteError (D:\desarrollos\ABDElevators\node_modules\mongodb\lib\bulk\common.js:802:19)
    at executeCommands (D:\desarrollos\ABDElevators\node_modules\mongodb\lib\bulk\common.js:346:23)
    at process.processTicksAndRejections (node:internal/process/task_queues:105:5)
    at async D:\desarrollos\ABDElevators\node_modules\mongodb\lib\bulk\common.js:788:24
    at async Mongo...

--- ERROR #4 ---
­ƒôà Timestamp: Mon Mar 02 2026 21:39:18 GMT+0100 (hora est├índar de Europa central)
­ƒôî Source: API_TASKS_MY
­ƒÄ¼ Action: INTERNAL_SERVER_ERROR
­ƒÆ¼ Message: collection.find(...).toArray is not a function
­ƒöì Details: undefined
­ƒôÜ Stack: TypeError: collection.find(...).toArray is not a function
    at WorkflowTaskRepository.list (D:\desarrollos\ABDElevators\.next\dev\server\chunks\[root-of-the-server]__1a2fe940._.js:1887:12)
    at process.processTicksAndRejections (node:internal/process/task_queues:105:5)
    at async WorkflowTaskRepository.listTasks (D:\desarrollos\ABDElevators\.next\dev\server\chunks\[root-of-the-server]__d4b5bc8f._.js:1940:16)
    at async WorkflowTaskService.listTasks (D:\desarrollos\ABDElevators\.next\dev\...

--- ERROR #5 ---
­ƒôà Timestamp: Mon Mar 02 2026 21:39:17 GMT+0100 (hora est├índar de Europa central)
­ƒôî Source: API_TASKS_MY
­ƒÄ¼ Action: INTERNAL_SERVER_ERROR
­ƒÆ¼ Message: collection.find(...).toArray is not a function
­ƒöì Details: undefined
­ƒôÜ Stack: TypeError: collection.find(...).toArray is not a function
    at WorkflowTaskRepository.list (D:\desarrollos\ABDElevators\.next\dev\server\chunks\[root-of-the-server]__1a2fe940._.js:1887:12)
    at process.processTicksAndRejections (node:internal/process/task_queues:105:5)
    at async WorkflowTaskRepository.listTasks (D:\desarrollos\ABDElevators\.next\dev\server\chunks\[root-of-the-server]__d4b5bc8f._.js:1940:16)
    at async WorkflowTaskService.listTasks (D:\desarrollos\ABDElevators\.next\dev\...
