
> project_init@0.1.0 test
> jest tests/integration/vector-search.test.ts

node.exe : FAIL tests
/integration/vector-s
earch.test.ts
En línea: 1 
Carácter: 1
+ & "C:\Program Files
\nodejs/node.exe" "C:
\Users\ajaba\AppData\
Roaming\ ...
+ ~~~~~~~~~~~~~~~~~~~
~~~~~~~~~~~~~~~~~~~~~
~~~~~~~~~~~~~~~~~~~~~
~~~~~~~~
    + CategoryInfo   
           : NotSpe  
  cified: (FAIL te   
 sts/inte...-sear    
ch.test.ts:Strin    
g) [], RemoteExc    
eption
    + FullyQualified 
   ErrorId : Native  
  CommandError
 
  ÔùÅ Test suite 
failed to run

    ReferenceError: 
Request is not 
defined

    [0m [90m  9 
|[39m [90m/**[39m
     [90m 10 |[39m 
[90m * GET /api/pedi
dos/[id]/vector-searc
h[39m
    [31m[1m>[22m[
39m[90m 11 |[39m 
[90m * B├║squeda 
vectorial pura sin 
procesamiento 
LLM.[39m
     [90m    |[39m 
                
[31m[1m^[22m[39m
     [90m 12 |[39m 
[90m * SLA: < 
200ms[39m
     [90m 13 |[39m 
[90m */[39m
     [90m 14 |[39m 
[36mexport[39m 
[36masync[39m 
[36mfunction[39m 
[33mGET[39m([0m

      at 
Object.Request (node_
modules/next/src/serv
er/web/spec-extension
/request.ts:14:34)
      at 
Object.<anonymous> (n
ode_modules/next/serv
er.js:2:16)
      at 
Object.<anonymous> (s
rc/app/api/pedidos/[i
d]/vector-search/rout
e.ts:11:17)
      at 
Object.<anonymous> (t
ests/integration/vect
or-search.test.ts:9:1
6)

Test Suites: 1 
failed, 1 total
Tests:       0 total
Snapshots:   0 total
Time:        1.071 s
Ran all test suites 
matching tests/integr
ation/vector-search.t
est.ts.
