[dotenv@17.2.3] injecting env (22) from .env.local -- tip: ­ƒöÉ encrypt with Dotenvx: https://dotenvx.com
--- STARTING RESTORATION TEST ---
Attempting to update asset: 67a8ea3f2bfcb-fa4ca0b6062d
Update result (String ID): {
  "acknowledged": true,
  "modifiedCount": 0,
  "upsertedId": null,
  "upsertedCount": 0,
  "matchedCount": 0
}
Retrying with ObjectId...
node.exe : Error: input 
must be a 24 character 
hex string, 12 byte 
Uint8Array, or an integer
En línea: 1 Carácter: 1
+ & "C:\Program 
Files\nodejs/node.exe" "C:
\Users\ajaba\AppData\Roami
ng\ ...
+ ~~~~~~~~~~~~~~~~~~~~~~~~
~~~~~~~~~~~~~~~~~~~~~~~~~~
~~~~~~~~~~~~~~~~~~~
    + CategoryInfo        
      : NotSpecified: (E  
  rror: input mu..., or   
  an integer:String) [    
], RemoteException
    + FullyQualifiedError 
   Id : NativeCommandErr  
  or
 
BSONError: input must be 
a 24 character hex 
string, 12 byte 
Uint8Array, or an integer
    at new ObjectId (D:\de
sarrollos\ABDElevators\nod
e_modules\bson\src\objecti
d.ts:113:15)
    at run (D:\desarrollos
\ABDElevators\scripts\test
-restore-final.ts:32:24)
    at process.processTick
sAndRejections (node:inter
nal/process/task_queues:10
5:5)
