src/components/admin/BulkInviteModal.tsx(11,8): error TS2307: Cannot find module '@/components/ui/dialog' or its corresponding type declarations.
src/components/admin/BulkInviteModal.tsx(12,24): error TS2307: Cannot find module '@/components/ui/button' or its corresponding type declarations.
src/components/admin/BulkInviteModal.tsx(13,26): error TS2307: Cannot find module '@/hooks/use-toast' or its corresponding type declarations.
src/components/admin/BulkInviteModal.tsx(16,8): error TS1192: Module '"D:/desarrollos/ABDElevators/node_modules/@types/papaparse/index"' has no default export.
src/components/admin/BulkInviteModal.tsx(18,26): error TS2307: Cannot find module '@/types/roles' or its corresponding type declarations.
src/components/admin/BulkInviteModal.tsx(19,32): error TS2307: Cannot find module '@/hooks/useApiMutation' or its corresponding type declarations.
src/components/admin/BulkInviteModal.tsx(156,9): error TS17004: Cannot use JSX unless the '--jsx' flag is provided.
src/components/admin/BulkInviteModal.tsx(157,13): error TS17004: Cannot use JSX unless the '--jsx' flag is provided.
src/components/admin/BulkInviteModal.tsx(158,17): error TS17004: Cannot use JSX unless the '--jsx' flag is provided.
src/components/admin/BulkInviteModal.tsx(159,21): error TS17004: Cannot use JSX unless the '--jsx' flag is provided.
src/components/admin/BulkInviteModal.tsx(160,25): error TS17004: Cannot use JSX unless the '--jsx' flag is provided.
src/components/admin/BulkInviteModal.tsx(161,29): error TS17004: Cannot use JSX unless the '--jsx' flag is provided.
src/components/admin/BulkInviteModal.tsx(163,25): error TS17004: Cannot use JSX unless the '--jsx' flag is provided.
src/components/admin/BulkInviteModal.tsx(164,29): error TS17004: Cannot use JSX unless the '--jsx' flag is provided.
src/components/admin/BulkInviteModal.tsx(165,29): error TS17004: Cannot use JSX unless the '--jsx' flag is provided.
src/components/admin/BulkInviteModal.tsx(172,17): error TS17004: Cannot use JSX unless the '--jsx' flag is provided.
src/components/admin/BulkInviteModal.tsx(174,25): error TS17004: Cannot use JSX unless the '--jsx' flag is provided.
src/components/admin/BulkInviteModal.tsx(181,29): error TS17004: Cannot use JSX unless the '--jsx' flag is provided.
src/components/admin/BulkInviteModal.tsx(182,29): error TS17004: Cannot use JSX unless the '--jsx' flag is provided.
src/components/admin/BulkInviteModal.tsx(183,33): error TS17004: Cannot use JSX unless the '--jsx' flag is provided.
src/components/admin/BulkInviteModal.tsx(185,29): error TS17004: Cannot use JSX unless the '--jsx' flag is provided.
src/components/admin/BulkInviteModal.tsx(188,29): error TS17004: Cannot use JSX unless the '--jsx' flag is provided.
src/components/admin/BulkInviteModal.tsx(191,25): error TS17004: Cannot use JSX unless the '--jsx' flag is provided.
src/components/admin/BulkInviteModal.tsx(192,29): error TS17004: Cannot use JSX unless the '--jsx' flag is provided.
src/components/admin/BulkInviteModal.tsx(193,33): error TS17004: Cannot use JSX unless the '--jsx' flag is provided.
src/components/admin/BulkInviteModal.tsx(194,37): error TS17004: Cannot use JSX unless the '--jsx' flag is provided.
src/components/admin/BulkInviteModal.tsx(195,37): error TS17004: Cannot use JSX unless the '--jsx' flag is provided.
src/components/admin/BulkInviteModal.tsx(196,37): error TS17004: Cannot use JSX unless the '--jsx' flag is provided.
src/components/admin/BulkInviteModal.tsx(198,33): error TS17004: Cannot use JSX unless the '--jsx' flag is provided.
src/components/admin/BulkInviteModal.tsx(199,37): error TS17004: Cannot use JSX unless the '--jsx' flag is provided.
src/components/admin/BulkInviteModal.tsx(203,29): error TS17004: Cannot use JSX unless the '--jsx' flag is provided.
src/components/admin/BulkInviteModal.tsx(204,33): error TS17004: Cannot use JSX unless the '--jsx' flag is provided.
src/components/admin/BulkInviteModal.tsx(205,37): error TS17004: Cannot use JSX unless the '--jsx' flag is provided.
src/components/admin/BulkInviteModal.tsx(206,41): error TS17004: Cannot use JSX unless the '--jsx' flag is provided.
src/components/admin/BulkInviteModal.tsx(207,45): error TS17004: Cannot use JSX unless the '--jsx' flag is provided.
src/components/admin/BulkInviteModal.tsx(208,45): error TS17004: Cannot use JSX unless the '--jsx' flag is provided.
src/components/admin/BulkInviteModal.tsx(209,45): error TS17004: Cannot use JSX unless the '--jsx' flag is provided.
src/components/admin/BulkInviteModal.tsx(212,37): error TS17004: Cannot use JSX unless the '--jsx' flag is provided.
src/components/admin/BulkInviteModal.tsx(214,45): error TS17004: Cannot use JSX unless the '--jsx' flag is provided.
src/components/admin/BulkInviteModal.tsx(215,49): error TS17004: Cannot use JSX unless the '--jsx' flag is provided.
src/components/admin/BulkInviteModal.tsx(216,70): error TS17004: Cannot use JSX unless the '--jsx' flag is provided.
src/components/admin/BulkInviteModal.tsx(218,49): error TS17004: Cannot use JSX unless the '--jsx' flag is provided.
src/components/admin/BulkInviteModal.tsx(219,53): error TS17004: Cannot use JSX unless the '--jsx' flag is provided.
src/components/admin/BulkInviteModal.tsx(223,49): error TS17004: Cannot use JSX unless the '--jsx' flag is provided.
src/components/admin/BulkInviteModal.tsx(225,57): error TS17004: Cannot use JSX unless the '--jsx' flag is provided.
src/components/admin/BulkInviteModal.tsx(227,57): error TS17004: Cannot use JSX unless the '--jsx' flag is provided.
src/components/admin/BulkInviteModal.tsx(228,61): error TS17004: Cannot use JSX unless the '--jsx' flag is provided.
src/components/admin/BulkInviteModal.tsx(237,37): error TS17004: Cannot use JSX unless the '--jsx' flag is provided.
src/components/admin/BulkInviteModal.tsx(244,33): error TS17004: Cannot use JSX unless the '--jsx' flag is provided.
src/components/admin/BulkInviteModal.tsx(245,37): error TS17004: Cannot use JSX unless the '--jsx' flag is provided.
src/components/admin/BulkInviteModal.tsx(246,41): error TS17004: Cannot use JSX unless the '--jsx' flag is provided.
src/components/admin/BulkInviteModal.tsx(247,41): error TS17004: Cannot use JSX unless the '--jsx' flag is provided.
src/components/admin/BulkInviteModal.tsx(250,41): error TS17004: Cannot use JSX unless the '--jsx' flag is provided.
src/components/admin/BulkInviteModal.tsx(251,45): error TS17004: Cannot use JSX unless the '--jsx' flag is provided.
src/components/admin/BulkInviteModal.tsx(252,45): error TS17004: Cannot use JSX unless the '--jsx' flag is provided.
src/components/admin/BulkInviteModal.tsx(261,17): error TS17004: Cannot use JSX unless the '--jsx' flag is provided.
src/components/admin/BulkInviteModal.tsx(262,21): error TS17004: Cannot use JSX unless the '--jsx' flag is provided.
src/components/admin/BulkInviteModal.tsx(265,21): error TS17004: Cannot use JSX unless the '--jsx' flag is provided.
src/components/admin/BulkInviteModal.tsx(271,29): error TS17004: Cannot use JSX unless the '--jsx' flag is provided.
src/components/admin/BulkInviteModal.tsx(272,33): error TS17004: Cannot use JSX unless the '--jsx' flag is provided.
src/components/admin/BulkInviteModal.tsx(276,29): error TS17004: Cannot use JSX unless the '--jsx' flag is provided.
src/components/admin/BulkInviteModal.tsx(277,33): error TS17004: Cannot use JSX unless the '--jsx' flag is provided.
